
> backend@1.0.0 test:coverage
> jest --config jest.config.ts --runInBand --coverage

[2026-06-05 04:33:41.814 +0530] [32mINFO[39m (42336): [36mQueue Redis connected successfully[39m
[2026-06-05 04:33:42.100 +0530] [32mINFO[39m (42336): [36mRedis connecting...[39m
[2026-06-05 04:33:42.195 +0530] [32mINFO[39m (42336): [36mRedis connected[39m
[2026-06-05 04:33:44.964 +0530] [32mINFO[39m (42336): [36mrequest completed[39m
    [35mreq[39m: {
      "id": 1,
      "method": "POST",
      "url": "/api/v1/auth/login",
      "query": {},
      "params": {},
      "headers": {
        "host": "127.0.0.1:52350",
        "accept-encoding": "gzip, deflate",
        "content-type": "application/json",
        "content-length": "68",
        "connection": "close"
      },
      "remoteAddress": "::ffff:127.0.0.1",
      "remotePort": 52351
    }
    [35mres[39m: {
      "statusCode": 200,
      "headers": {
        "content-security-policy": "default-src 'self';base-uri 'self';font-src 'self' https: data:;form-action 'self';frame-ancestors 'self';img-src 'self' data:;object-src 'none';script-src 'self';script-src-attr 'none';style-src 'self' https: 'unsafe-inline';upgrade-insecure-requests",
        "cross-origin-opener-policy": "same-origin",
        "cross-origin-resource-policy": "same-origin",
        "origin-agent-cluster": "?1",
        "referrer-policy": "no-referrer",
        "strict-transport-security": "max-age=31536000; includeSubDomains",
        "x-content-type-options": "nosniff",
        "x-dns-prefetch-control": "off",
        "x-download-options": "noopen",
        "x-frame-options": "SAMEORIGIN",
        "x-permitted-cross-domain-policies": "none",
        "x-xss-protection": "0",
        "vary": "Origin",
        "access-control-allow-credentials": "true",
        "ratelimit-policy": "100;w=900",
        "ratelimit-limit": "100",
        "ratelimit-remaining": "99",
        "ratelimit-reset": "900",
        "set-cookie": [
          "refreshToken=eyJhbGciOiJIUzI1NiIsInR5cCI6IkpXVCJ9.eyJzdWIiOiJlZWJiZjBjZi1mMWNhLTQ4YjAtYTM1MC03ODRjNzhiMDc2OTgiLCJqdGkiOiIxOWE5YjFkNS1iOGFmLTRmMTAtODZmMy1hZTQyZjdiOTY1MjAiLCJ0eXBlIjoicmVmcmVzaCIsImlhdCI6MTc4MDYxNDIyNCwiZXhwIjoxNzgxMjE5MDI0fQ.bJ789cWyyvMT0US8qNSs3nqRbSMR188WuvOl-MYbdfE; Max-Age=604800; Path=/api/v1/auth; Expires=Thu, 11 Jun 2026 23:03:44 GMT; HttpOnly; SameSite=Strict",
          "csrfToken=cbda7753-9bbf-40c5-a067-a0d8997e4edd; Max-Age=604800; Path=/api/v1/auth; Expires=Thu, 11 Jun 2026 23:03:44 GMT; SameSite=Strict"
        ],
        "content-type": "application/json; charset=utf-8",
        "content-length": "518",
        "etag": "W/\"206-Pr/BUnYp2w1jQldaDBus4nedUM8\""
      }
    }
    [35mresponseTime[39m: 1170
[2026-06-05 04:33:54.933 +0530] [32mINFO[39m (42336): [36mrequest completed[39m
    [35mreq[39m: {
      "id": 2,
      "method": "POST",
      "url": "/api/v1/auth/login",
      "query": {},
      "params": {},
      "headers": {
        "host": "127.0.0.1:52353",
        "accept-encoding": "gzip, deflate",
        "content-type": "application/json",
        "content-length": "68",
        "connection": "close"
      },
      "remoteAddress": "::ffff:127.0.0.1",
      "remotePort": 52354
    }
    [35mres[39m: {
      "statusCode": 200,
      "headers": {
        "content-security-policy": "default-src 'self';base-uri 'self';font-src 'self' https: data:;form-action 'self';frame-ancestors 'self';img-src 'self' data:;object-src 'none';script-src 'self';script-src-attr 'none';style-src 'self' https: 'unsafe-inline';upgrade-insecure-requests",
        "cross-origin-opener-policy": "same-origin",
        "cross-origin-resource-policy": "same-origin",
        "origin-agent-cluster": "?1",
        "referrer-policy": "no-referrer",
        "strict-transport-security": "max-age=31536000; includeSubDomains",
        "x-content-type-options": "nosniff",
        "x-dns-prefetch-control": "off",
        "x-download-options": "noopen",
        "x-frame-options": "SAMEORIGIN",
        "x-permitted-cross-domain-policies": "none",
        "x-xss-protection": "0",
        "vary": "Origin",
        "access-control-allow-credentials": "true",
        "ratelimit-policy": "100;w=900",
        "ratelimit-limit": "100",
        "ratelimit-remaining": "98",
        "ratelimit-reset": "890",
        "set-cookie": [
          "refreshToken=eyJhbGciOiJIUzI1NiIsInR5cCI6IkpXVCJ9.eyJzdWIiOiIyN2NjNWRlZS1kZjlhLTQ4YTItOWUxZC03NWUxZjE2ZjI0MmYiLCJqdGkiOiIwYjkxZmM2Mi01NTU3LTQ3ODctOTU0OS01NTc2ZGI4YzFmYjgiLCJ0eXBlIjoicmVmcmVzaCIsImlhdCI6MTc4MDYxNDIzNCwiZXhwIjoxNzgxMjE5MDM0fQ.17rjCMylAqwWLXydnJ1vAMySAZEtA1U2uPIpryrr19o; Max-Age=604800; Path=/api/v1/auth; Expires=Thu, 11 Jun 2026 23:03:54 GMT; HttpOnly; SameSite=Strict",
          "csrfToken=7ce296ef-c695-4b5b-aeab-889e2407bf66; Max-Age=604800; Path=/api/v1/auth; Expires=Thu, 11 Jun 2026 23:03:54 GMT; SameSite=Strict"
        ],
        "content-type": "application/json; charset=utf-8",
        "content-length": "518",
        "etag": "W/\"206-TG0GQ2YMwEyJgPEebyi3sRU7SbI\""
      }
    }
    [35mresponseTime[39m: 696
[2026-06-05 04:34:04.291 +0530] [32mINFO[39m (42336): [36mrequest completed[39m
    [35mreq[39m: {
      "id": 3,
      "method": "POST",
      "url": "/api/v1/auth/login",
      "query": {},
      "params": {},
      "headers": {
        "host": "127.0.0.1:52355",
        "accept-encoding": "gzip, deflate",
        "content-type": "application/json",
        "content-length": "68",
        "connection": "close"
      },
      "remoteAddress": "::ffff:127.0.0.1",
      "remotePort": 52356
    }
    [35mres[39m: {
      "statusCode": 200,
      "headers": {
        "content-security-policy": "default-src 'self';base-uri 'self';font-src 'self' https: data:;form-action 'self';frame-ancestors 'self';img-src 'self' data:;object-src 'none';script-src 'self';script-src-attr 'none';style-src 'self' https: 'unsafe-inline';upgrade-insecure-requests",
        "cross-origin-opener-policy": "same-origin",
        "cross-origin-resource-policy": "same-origin",
        "origin-agent-cluster": "?1",
        "referrer-policy": "no-referrer",
        "strict-transport-security": "max-age=31536000; includeSubDomains",
        "x-content-type-options": "nosniff",
        "x-dns-prefetch-control": "off",
        "x-download-options": "noopen",
        "x-frame-options": "SAMEORIGIN",
        "x-permitted-cross-domain-policies": "none",
        "x-xss-protection": "0",
        "vary": "Origin",
        "access-control-allow-credentials": "true",
        "ratelimit-policy": "100;w=900",
        "ratelimit-limit": "100",
        "ratelimit-remaining": "97",
        "ratelimit-reset": "881",
        "set-cookie": [
          "refreshToken=eyJhbGciOiJIUzI1NiIsInR5cCI6IkpXVCJ9.eyJzdWIiOiI4ZDAyMWNkYy1jM2JiLTRkY2YtODFjNi04YzRhZjNhNjM4MDMiLCJqdGkiOiI0ZjgyZmIxNC1iMmYxLTRhMDQtYTMwMi04ZTBmMTcxZjRiZjkiLCJ0eXBlIjoicmVmcmVzaCIsImlhdCI6MTc4MDYxNDI0NCwiZXhwIjoxNzgxMjE5MDQ0fQ.ktCDHjfulB3NhZLhVrtgUcasWfAw79uaWoLRS3F_q4Q; Max-Age=604800; Path=/api/v1/auth; Expires=Thu, 11 Jun 2026 23:04:04 GMT; HttpOnly; SameSite=Strict",
          "csrfToken=f3e05978-0f94-4a92-9e3b-a7238d5c7ea7; Max-Age=604800; Path=/api/v1/auth; Expires=Thu, 11 Jun 2026 23:04:04 GMT; SameSite=Strict"
        ],
        "content-type": "application/json; charset=utf-8",
        "content-length": "518",
        "etag": "W/\"206-jLeQQOk/ZCXDoFI7KdUDLc1m2tU\""
      }
    }
    [35mresponseTime[39m: 637
[2026-06-05 04:34:12.951 +0530] [32mINFO[39m (42336): [36mrequest completed[39m
    [35mreq[39m: {
      "id": 4,
      "method": "POST",
      "url": "/api/v1/auth/login",
      "query": {},
      "params": {},
      "headers": {
        "host": "127.0.0.1:52357",
        "accept-encoding": "gzip, deflate",
        "content-type": "application/json",
        "content-length": "68",
        "connection": "close"
      },
      "remoteAddress": "::ffff:127.0.0.1",
      "remotePort": 52358
    }
    [35mres[39m: {
      "statusCode": 200,
      "headers": {
        "content-security-policy": "default-src 'self';base-uri 'self';font-src 'self' https: data:;form-action 'self';frame-ancestors 'self';img-src 'self' data:;object-src 'none';script-src 'self';script-src-attr 'none';style-src 'self' https: 'unsafe-inline';upgrade-insecure-requests",
        "cross-origin-opener-policy": "same-origin",
        "cross-origin-resource-policy": "same-origin",
        "origin-agent-cluster": "?1",
        "referrer-policy": "no-referrer",
        "strict-transport-security": "max-age=31536000; includeSubDomains",
        "x-content-type-options": "nosniff",
        "x-dns-prefetch-control": "off",
        "x-download-options": "noopen",
        "x-frame-options": "SAMEORIGIN",
        "x-permitted-cross-domain-policies": "none",
        "x-xss-protection": "0",
        "vary": "Origin",
        "access-control-allow-credentials": "true",
        "ratelimit-policy": "100;w=900",
        "ratelimit-limit": "100",
        "ratelimit-remaining": "96",
        "ratelimit-reset": "872",
        "set-cookie": [
          "refreshToken=eyJhbGciOiJIUzI1NiIsInR5cCI6IkpXVCJ9.eyJzdWIiOiIyODExMDRhNi1lZDFmLTQ4MzQtODMzZS02YWFkMTRhZGY2MzIiLCJqdGkiOiIwYTcwYzk4MS0zNTU1LTRlMTUtODI1ZS1iMDhjODEzMGY0NjQiLCJ0eXBlIjoicmVmcmVzaCIsImlhdCI6MTc4MDYxNDI1MiwiZXhwIjoxNzgxMjE5MDUyfQ.jXgk_oaa5GOSPQCkbfg4kCr5TAtRg8nEov7odymjTpc; Max-Age=604800; Path=/api/v1/auth; Expires=Thu, 11 Jun 2026 23:04:12 GMT; HttpOnly; SameSite=Strict",
          "csrfToken=6273d610-d41c-4c71-b9ad-28f20366a6ec; Max-Age=604800; Path=/api/v1/auth; Expires=Thu, 11 Jun 2026 23:04:12 GMT; SameSite=Strict"
        ],
        "content-type": "application/json; charset=utf-8",
        "content-length": "518",
        "etag": "W/\"206-EOHcc86gXMchiZL7M/SH3hw9anM\""
      }
    }
    [35mresponseTime[39m: 644
PASS tests/integration/reports/tenant-isolation.test.ts (43.751 s)
  ● Console

    console.log
      ◇ injected env (15) from .env.test // tip: ⌘ suppress logs { quiet: true }

      at _log (node_modules/dotenv/lib/main.js:131:11)

    console.log
      ◇ injected env (2) from .env // tip: ⌘ custom filepath { path: '/custom/path/.env' }

      at _log (node_modules/dotenv/lib/main.js:131:11)

[2026-06-05 04:34:20.723 +0530] [32mINFO[39m (42336): [36mQueue mail-queue closed[39m
[2026-06-05 04:34:20.723 +0530] [32mINFO[39m (42336): [36mQueue pdf-generation-queue closed[39m
[2026-06-05 04:34:20.723 +0530] [32mINFO[39m (42336): [36mQueue storage-cleanup-queue closed[39m
[2026-06-05 04:34:20.724 +0530] [32mINFO[39m (42336): [36mQueue reports-queue closed[39m
[2026-06-05 04:34:20.724 +0530] [32mINFO[39m (42336): [36mQueue audit-exports-queue closed[39m
[2026-06-05 04:34:20.748 +0530] [32mINFO[39m (42336): [36mQueue Redis connection closed[39m
[2026-06-05 04:34:20.801 +0530] [33mWARN[39m (42336): [36mRedis connection closed[39m
[2026-06-05 04:34:22.771 +0530] [32mINFO[39m (42336): [36mQueue Redis connected successfully[39m
[2026-06-05 04:34:23.387 +0530] [32mINFO[39m (42336): [36mRedis connecting...[39m
[2026-06-05 04:34:23.411 +0530] [32mINFO[39m (42336): [36mRedis connected[39m
[2026-06-05 04:34:46.848 +0530] [32mINFO[39m (42336): [36mQueue mail-queue closed[39m
[2026-06-05 04:34:46.848 +0530] [32mINFO[39m (42336): [36mQueue pdf-generation-queue closed[39m
[2026-06-05 04:34:46.848 +0530] [32mINFO[39m (42336): [36mQueue storage-cleanup-queue closed[39m
[2026-06-05 04:34:46.848 +0530] [32mINFO[39m (42336): [36mQueue reports-queue closed[39m
[2026-06-05 04:34:46.848 +0530] [32mINFO[39m (42336): [36mQueue audit-exports-queue closed[39m
[2026-06-05 04:34:46.868 +0530] [32mINFO[39m (42336): [36mQueue Redis connection closed[39m
[2026-06-05 04:34:46.916 +0530] [33mWARN[39m (42336): [36mRedis connection closed[39m
PASS tests/integration/middleware/tenantMiddleware.test.ts (25.874 s)
  ● Console

    console.log
      ◇ injected env (15) from .env.test // tip: ⌘ enable debugging { debug: true }

      at _log (node_modules/dotenv/lib/main.js:131:11)

    console.log
      ◇ injected env (2) from .env // tip: ⌘ custom filepath { path: '/custom/path/.env' }

      at _log (node_modules/dotenv/lib/main.js:131:11)

[2026-06-05 04:34:49.373 +0530] [32mINFO[39m (42336): [36mQueue Redis connected successfully[39m
[2026-06-05 04:34:49.682 +0530] [32mINFO[39m (42336): [36mRedis connecting...[39m
[2026-06-05 04:34:49.782 +0530] [32mINFO[39m (42336): [36mRedis connected[39m
[2026-06-05 04:34:51.825 +0530] [32mINFO[39m (42336): [36mrequest completed[39m
    [35mreq[39m: {
      "id": 1,
      "method": "POST",
      "url": "/api/v1/auth/signup",
      "query": {},
      "params": {},
      "headers": {
        "host": "127.0.0.1:52371",
        "accept-encoding": "gzip, deflate",
        "content-type": "application/json",
        "content-length": "82",
        "connection": "close"
      },
      "remoteAddress": "::ffff:127.0.0.1",
      "remotePort": 52372
    }
    [35mres[39m: {
      "statusCode": 201,
      "headers": {
        "content-security-policy": "default-src 'self';base-uri 'self';font-src 'self' https: data:;form-action 'self';frame-ancestors 'self';img-src 'self' data:;object-src 'none';script-src 'self';script-src-attr 'none';style-src 'self' https: 'unsafe-inline';upgrade-insecure-requests",
        "cross-origin-opener-policy": "same-origin",
        "cross-origin-resource-policy": "same-origin",
        "origin-agent-cluster": "?1",
        "referrer-policy": "no-referrer",
        "strict-transport-security": "max-age=31536000; includeSubDomains",
        "x-content-type-options": "nosniff",
        "x-dns-prefetch-control": "off",
        "x-download-options": "noopen",
        "x-frame-options": "SAMEORIGIN",
        "x-permitted-cross-domain-policies": "none",
        "x-xss-protection": "0",
        "vary": "Origin",
        "access-control-allow-credentials": "true",
        "ratelimit-policy": "100;w=900",
        "ratelimit-limit": "100",
        "ratelimit-remaining": "99",
        "ratelimit-reset": "900",
        "content-type": "application/json; charset=utf-8",
        "content-length": "79",
        "etag": "W/\"4f-ecfyC5tTJkJSXmaKXyVXcZXo2vY\""
      }
    }
    [35mresponseTime[39m: 1141
[2026-06-05 04:34:52.720 +0530] [32mINFO[39m (42336): [36mrequest completed[39m
    [35mreq[39m: {
      "id": 2,
      "method": "POST",
      "url": "/api/v1/auth/signup",
      "query": {},
      "params": {},
      "headers": {
        "host": "127.0.0.1:52374",
        "accept-encoding": "gzip, deflate",
        "content-type": "application/json",
        "content-length": "54",
        "connection": "close"
      },
      "remoteAddress": "::ffff:127.0.0.1",
      "remotePort": 52375
    }
    [35mres[39m: {
      "statusCode": 400,
      "headers": {
        "content-security-policy": "default-src 'self';base-uri 'self';font-src 'self' https: data:;form-action 'self';frame-ancestors 'self';img-src 'self' data:;object-src 'none';script-src 'self';script-src-attr 'none';style-src 'self' https: 'unsafe-inline';upgrade-insecure-requests",
        "cross-origin-opener-policy": "same-origin",
        "cross-origin-resource-policy": "same-origin",
        "origin-agent-cluster": "?1",
        "referrer-policy": "no-referrer",
        "strict-transport-security": "max-age=31536000; includeSubDomains",
        "x-content-type-options": "nosniff",
        "x-dns-prefetch-control": "off",
        "x-download-options": "noopen",
        "x-frame-options": "SAMEORIGIN",
        "x-permitted-cross-domain-policies": "none",
        "x-xss-protection": "0",
        "vary": "Origin",
        "access-control-allow-credentials": "true",
        "ratelimit-policy": "100;w=900",
        "ratelimit-limit": "100",
        "ratelimit-remaining": "98",
        "ratelimit-reset": "898",
        "content-type": "application/json; charset=utf-8",
        "content-length": "228",
        "etag": "W/\"e4-Ur6YrE396Lx5Ksir1RoHQx85ig0\""
      }
    }
    [35mresponseTime[39m: 6
[2026-06-05 04:34:52.724 +0530] [32mINFO[39m (42336): [36mQueue mail-queue closed[39m
[2026-06-05 04:34:52.724 +0530] [32mINFO[39m (42336): [36mQueue pdf-generation-queue closed[39m
[2026-06-05 04:34:52.724 +0530] [32mINFO[39m (42336): [36mQueue storage-cleanup-queue closed[39m
[2026-06-05 04:34:52.724 +0530] [32mINFO[39m (42336): [36mQueue reports-queue closed[39m
[2026-06-05 04:34:52.724 +0530] [32mINFO[39m (42336): [36mQueue audit-exports-queue closed[39m
[2026-06-05 04:34:52.754 +0530] [32mINFO[39m (42336): [36mQueue Redis connection closed[39m
[2026-06-05 04:34:52.853 +0530] [33mWARN[39m (42336): [36mRedis connection closed[39m
PASS tests/integration/auth/signup.test.ts (5.833 s)
  ● Console

    console.log
      ◇ injected env (15) from .env.test // tip: ⌘ enable debugging { debug: true }

      at _log (node_modules/dotenv/lib/main.js:131:11)

    console.log
      ◇ injected env (2) from .env // tip: ⌘ multiple files { path: ['.env.local', '.env'] }

      at _log (node_modules/dotenv/lib/main.js:131:11)

[2026-06-05 04:34:55.072 +0530] [32mINFO[39m (42336): [36mQueue Redis connected successfully[39m
[2026-06-05 04:34:55.418 +0530] [32mINFO[39m (42336): [36mRedis connecting...[39m
[2026-06-05 04:34:55.516 +0530] [32mINFO[39m (42336): [36mRedis connected[39m
PASS tests/integration/queues/dead-letter.test.ts
  ● Console

    console.log
      ◇ injected env (15) from .env.test // tip: ⌘ override existing { override: true }

      at _log (node_modules/dotenv/lib/main.js:131:11)

    console.log
      ◇ injected env (2) from .env // tip: ⌘ override existing { override: true }

      at _log (node_modules/dotenv/lib/main.js:131:11)

[2026-06-05 04:34:57.029 +0530] [32mINFO[39m (42336): [36mQueue mail-queue closed[39m
[2026-06-05 04:34:57.029 +0530] [32mINFO[39m (42336): [36mQueue pdf-generation-queue closed[39m
[2026-06-05 04:34:57.029 +0530] [32mINFO[39m (42336): [36mQueue storage-cleanup-queue closed[39m
[2026-06-05 04:34:57.029 +0530] [32mINFO[39m (42336): [36mQueue reports-queue closed[39m
[2026-06-05 04:34:57.030 +0530] [32mINFO[39m (42336): [36mQueue audit-exports-queue closed[39m
[2026-06-05 04:34:57.154 +0530] [32mINFO[39m (42336): [36mQueue Redis connection closed[39m
[2026-06-05 04:34:57.204 +0530] [33mWARN[39m (42336): [36mRedis connection closed[39m
[2026-06-05 04:34:58.781 +0530] [32mINFO[39m (42336): [36mQueue Redis connected successfully[39m
[2026-06-05 04:34:59.308 +0530] [32mINFO[39m (42336): [36mRedis connecting...[39m
[2026-06-05 04:34:59.351 +0530] [32mINFO[39m (42336): [36mRedis connected[39m
PASS tests/integration/queues/retry.test.ts
  ● Console

    console.log
      ◇ injected env (15) from .env.test // tip: ⌘ custom filepath { path: '/custom/path/.env' }

      at _log (node_modules/dotenv/lib/main.js:131:11)

    console.log
      ◇ injected env (2) from .env // tip: ⌘ enable debugging { debug: true }

      at _log (node_modules/dotenv/lib/main.js:131:11)

[2026-06-05 04:35:01.770 +0530] [32mINFO[39m (42336): [36mQueue mail-queue closed[39m
[2026-06-05 04:35:01.770 +0530] [32mINFO[39m (42336): [36mQueue pdf-generation-queue closed[39m
[2026-06-05 04:35:01.770 +0530] [32mINFO[39m (42336): [36mQueue storage-cleanup-queue closed[39m
[2026-06-05 04:35:01.770 +0530] [32mINFO[39m (42336): [36mQueue reports-queue closed[39m
[2026-06-05 04:35:01.770 +0530] [32mINFO[39m (42336): [36mQueue audit-exports-queue closed[39m
[2026-06-05 04:35:01.864 +0530] [32mINFO[39m (42336): [36mQueue Redis connection closed[39m
[2026-06-05 04:35:01.897 +0530] [33mWARN[39m (42336): [36mRedis connection closed[39m
[2026-06-05 04:35:03.291 +0530] [32mINFO[39m (42336): [36mQueue Redis connected successfully[39m
[2026-06-05 04:35:03.713 +0530] [32mINFO[39m (42336): [36mRedis connecting...[39m
[2026-06-05 04:35:03.811 +0530] [32mINFO[39m (42336): [36mRedis connected[39m
FAIL tests/integration/queues/mail-queue.test.ts
  ● Console

    console.log
      ◇ injected env (15) from .env.test // tip: ◈ encrypted .env [www.dotenvx.com]

      at _log (node_modules/dotenv/lib/main.js:131:11)

    console.log
      ◇ injected env (2) from .env // tip: ◈ encrypted .env [www.dotenvx.com]

      at _log (node_modules/dotenv/lib/main.js:131:11)

  ● Mail Queue › enqueues and processes a verification email job

    expect(received).toBe(expected) // Object.is equality

    Expected: "completed"
    Received: "unknown"

    [0m [90m 52 |[39m
     [90m 53 |[39m     [36mconst[39m state [33m=[39m [36mawait[39m job[33m.[39mgetState()[33m;[39m
    [31m[1m>[22m[39m[90m 54 |[39m     expect(state)[33m.[39mtoBe([32m"completed"[39m)[33m;[39m
     [90m    |[39m                   [31m[1m^[22m[39m
     [90m 55 |[39m   })[33m;[39m
     [90m 56 |[39m })[33m;[39m
     [90m 57 |[39m[0m

      at Object.<anonymous> (tests/integration/queues/mail-queue.test.ts:54:19)

[2026-06-05 04:35:05.371 +0530] [32mINFO[39m (42336): [36mProcessing mail job[39m
    [35mjobId[39m: "1"
    [35mtype[39m: "verification"
[2026-06-05 04:35:05.372 +0530] [32mINFO[39m (42336): [36mMail job processed successfully[39m
    [35mjobId[39m: "1"
[2026-06-05 04:35:05.711 +0530] [32mINFO[39m (42336): [36mQueue mail-queue closed[39m
[2026-06-05 04:35:05.711 +0530] [32mINFO[39m (42336): [36mQueue pdf-generation-queue closed[39m
[2026-06-05 04:35:05.712 +0530] [32mINFO[39m (42336): [36mQueue storage-cleanup-queue closed[39m
[2026-06-05 04:35:05.712 +0530] [32mINFO[39m (42336): [36mQueue reports-queue closed[39m
[2026-06-05 04:35:05.712 +0530] [32mINFO[39m (42336): [36mQueue audit-exports-queue closed[39m
[2026-06-05 04:35:05.755 +0530] [32mINFO[39m (42336): [36mQueue Redis connection closed[39m
[2026-06-05 04:35:05.801 +0530] [33mWARN[39m (42336): [36mRedis connection closed[39m
[2026-06-05 04:35:07.873 +0530] [32mINFO[39m (42336): [36mQueue Redis connected successfully[39m
[2026-06-05 04:35:08.461 +0530] [32mINFO[39m (42336): [36mRedis connecting...[39m
[2026-06-05 04:35:08.484 +0530] [32mINFO[39m (42336): [36mRedis connected[39m
[2026-06-05 04:35:11.247 +0530] [32mINFO[39m (42336): [36mrequest completed[39m
    [35mreq[39m: {
      "id": 1,
      "method": "POST",
      "url": "/api/v1/auth/login",
      "query": {},
      "params": {},
      "headers": {
        "host": "127.0.0.1:52396",
        "accept-encoding": "gzip, deflate",
        "content-type": "application/json",
        "content-length": "63",
        "connection": "close"
      },
      "remoteAddress": "::ffff:127.0.0.1",
      "remotePort": 52397
    }
    [35mres[39m: {
      "statusCode": 200,
      "headers": {
        "content-security-policy": "default-src 'self';base-uri 'self';font-src 'self' https: data:;form-action 'self';frame-ancestors 'self';img-src 'self' data:;object-src 'none';script-src 'self';script-src-attr 'none';style-src 'self' https: 'unsafe-inline';upgrade-insecure-requests",
        "cross-origin-opener-policy": "same-origin",
        "cross-origin-resource-policy": "same-origin",
        "origin-agent-cluster": "?1",
        "referrer-policy": "no-referrer",
        "strict-transport-security": "max-age=31536000; includeSubDomains",
        "x-content-type-options": "nosniff",
        "x-dns-prefetch-control": "off",
        "x-download-options": "noopen",
        "x-frame-options": "SAMEORIGIN",
        "x-permitted-cross-domain-policies": "none",
        "x-xss-protection": "0",
        "vary": "Origin",
        "access-control-allow-credentials": "true",
        "ratelimit-policy": "100;w=900",
        "ratelimit-limit": "100",
        "ratelimit-remaining": "99",
        "ratelimit-reset": "900",
        "set-cookie": [
          "refreshToken=eyJhbGciOiJIUzI1NiIsInR5cCI6IkpXVCJ9.eyJzdWIiOiI2MGZmY2IxOS05ZTJiLTRiNzgtYmIwMS1mNTkzYmQ0Y2JhNGYiLCJqdGkiOiIzMmIwY2Y5Yy01YmQ2LTQwMmYtOTg0Ni03YmFlYzJmZDNiYTUiLCJ0eXBlIjoicmVmcmVzaCIsImlhdCI6MTc4MDYxNDMxMSwiZXhwIjoxNzgxMjE5MTExfQ.WuBHA0N17AZUisgFAJrSScqfYr6QN5aDBF-y85U4fJQ; Max-Age=604800; Path=/api/v1/auth; Expires=Thu, 11 Jun 2026 23:05:11 GMT; HttpOnly; SameSite=Strict",
          "csrfToken=5458651b-dc93-4f6e-a30a-6a7e034248f9; Max-Age=604800; Path=/api/v1/auth; Expires=Thu, 11 Jun 2026 23:05:11 GMT; SameSite=Strict"
        ],
        "content-type": "application/json; charset=utf-8",
        "content-length": "513",
        "etag": "W/\"201-mMmGeCrH0H5+FiENPTBchZM98LY\""
      }
    }
    [35mresponseTime[39m: 1180
[2026-06-05 04:35:20.479 +0530] [32mINFO[39m (42336): [36mrequest completed[39m
    [35mreq[39m: {
      "id": 2,
      "method": "POST",
      "url": "/api/v1/customers",
      "query": {},
      "params": {},
      "headers": {
        "host": "127.0.0.1:52398",
        "accept-encoding": "gzip, deflate",
        "x-organization-id": "53862888-c904-4f07-bf6c-88067d9f58a9",
        "content-type": "application/json",
        "content-length": "51",
        "connection": "close"
      },
      "remoteAddress": "::ffff:127.0.0.1",
      "remotePort": 52399
    }
    [35mres[39m: {
      "statusCode": 201,
      "headers": {
        "content-security-policy": "default-src 'self';base-uri 'self';font-src 'self' https: data:;form-action 'self';frame-ancestors 'self';img-src 'self' data:;object-src 'none';script-src 'self';script-src-attr 'none';style-src 'self' https: 'unsafe-inline';upgrade-insecure-requests",
        "cross-origin-opener-policy": "same-origin",
        "cross-origin-resource-policy": "same-origin",
        "origin-agent-cluster": "?1",
        "referrer-policy": "no-referrer",
        "strict-transport-security": "max-age=31536000; includeSubDomains",
        "x-content-type-options": "nosniff",
        "x-dns-prefetch-control": "off",
        "x-download-options": "noopen",
        "x-frame-options": "SAMEORIGIN",
        "x-permitted-cross-domain-policies": "none",
        "x-xss-protection": "0",
        "vary": "Origin",
        "access-control-allow-credentials": "true",
        "ratelimit-policy": "100;w=900",
        "ratelimit-limit": "100",
        "ratelimit-remaining": "98",
        "ratelimit-reset": "892",
        "content-type": "application/json; charset=utf-8",
        "content-length": "334",
        "etag": "W/\"14e-dRPBFr/HB57FAgAQ+WnNZAai3YU\""
      }
    }
    [35mresponseTime[39m: 2125
[2026-06-05 04:35:21.684 +0530] [32mINFO[39m (42336): [36mrequest completed[39m
    [35mreq[39m: {
      "id": 3,
      "method": "POST",
      "url": "/api/v1/taxes",
      "query": {},
      "params": {},
      "headers": {
        "host": "127.0.0.1:52400",
        "accept-encoding": "gzip, deflate",
        "x-organization-id": "53862888-c904-4f07-bf6c-88067d9f58a9",
        "content-type": "application/json",
        "content-length": "58",
        "connection": "close"
      },
      "remoteAddress": "::ffff:127.0.0.1",
      "remotePort": 52401
    }
    [35mres[39m: {
      "statusCode": 201,
      "headers": {
        "content-security-policy": "default-src 'self';base-uri 'self';font-src 'self' https: data:;form-action 'self';frame-ancestors 'self';img-src 'self' data:;object-src 'none';script-src 'self';script-src-attr 'none';style-src 'self' https: 'unsafe-inline';upgrade-insecure-requests",
        "cross-origin-opener-policy": "same-origin",
        "cross-origin-resource-policy": "same-origin",
        "origin-agent-cluster": "?1",
        "referrer-policy": "no-referrer",
        "strict-transport-security": "max-age=31536000; includeSubDomains",
        "x-content-type-options": "nosniff",
        "x-dns-prefetch-control": "off",
        "x-download-options": "noopen",
        "x-frame-options": "SAMEORIGIN",
        "x-permitted-cross-domain-policies": "none",
        "x-xss-protection": "0",
        "vary": "Origin",
        "access-control-allow-credentials": "true",
        "ratelimit-policy": "100;w=900",
        "ratelimit-limit": "100",
        "ratelimit-remaining": "97",
        "ratelimit-reset": "890",
        "content-type": "application/json; charset=utf-8",
        "content-length": "279",
        "etag": "W/\"117-QqNx3b8MtDXkwlUFzsjJITcXFpM\""
      }
    }
    [35mresponseTime[39m: 1201
[2026-06-05 04:35:23.008 +0530] [32mINFO[39m (42336): [36mrequest completed[39m
    [35mreq[39m: {
      "id": 4,
      "method": "POST",
      "url": "/api/v1/products",
      "query": {},
      "params": {},
      "headers": {
        "host": "127.0.0.1:52402",
        "accept-encoding": "gzip, deflate",
        "x-organization-id": "53862888-c904-4f07-bf6c-88067d9f58a9",
        "content-type": "application/json",
        "content-length": "134",
        "connection": "close"
      },
      "remoteAddress": "::ffff:127.0.0.1",
      "remotePort": 52403
    }
    [35mres[39m: {
      "statusCode": 201,
      "headers": {
        "content-security-policy": "default-src 'self';base-uri 'self';font-src 'self' https: data:;form-action 'self';frame-ancestors 'self';img-src 'self' data:;object-src 'none';script-src 'self';script-src-attr 'none';style-src 'self' https: 'unsafe-inline';upgrade-insecure-requests",
        "cross-origin-opener-policy": "same-origin",
        "cross-origin-resource-policy": "same-origin",
        "origin-agent-cluster": "?1",
        "referrer-policy": "no-referrer",
        "strict-transport-security": "max-age=31536000; includeSubDomains",
        "x-content-type-options": "nosniff",
        "x-dns-prefetch-control": "off",
        "x-download-options": "noopen",
        "x-frame-options": "SAMEORIGIN",
        "x-permitted-cross-domain-policies": "none",
        "x-xss-protection": "0",
        "vary": "Origin",
        "access-control-allow-credentials": "true",
        "ratelimit-policy": "100;w=900",
        "ratelimit-limit": "100",
        "ratelimit-remaining": "96",
        "ratelimit-reset": "889",
        "content-type": "application/json; charset=utf-8",
        "content-length": "406",
        "etag": "W/\"196-09FSafZSuIDEuoLCJreswuVkShc\""
      }
    }
    [35mresponseTime[39m: 1320
[2026-06-05 04:35:25.110 +0530] [32mINFO[39m (42336): [36mrequest completed[39m
    [35mreq[39m: {
      "id": 5,
      "method": "POST",
      "url": "/api/v1/inventory/adjustments",
      "query": {},
      "params": {},
      "headers": {
        "host": "127.0.0.1:52404",
        "accept-encoding": "gzip, deflate",
        "x-organization-id": "53862888-c904-4f07-bf6c-88067d9f58a9",
        "content-type": "application/json",
        "content-length": "66",
        "connection": "close"
      },
      "remoteAddress": "::ffff:127.0.0.1",
      "remotePort": 52405
    }
    [35mres[39m: {
      "statusCode": 200,
      "headers": {
        "content-security-policy": "default-src 'self';base-uri 'self';font-src 'self' https: data:;form-action 'self';frame-ancestors 'self';img-src 'self' data:;object-src 'none';script-src 'self';script-src-attr 'none';style-src 'self' https: 'unsafe-inline';upgrade-insecure-requests",
        "cross-origin-opener-policy": "same-origin",
        "cross-origin-resource-policy": "same-origin",
        "origin-agent-cluster": "?1",
        "referrer-policy": "no-referrer",
        "strict-transport-security": "max-age=31536000; includeSubDomains",
        "x-content-type-options": "nosniff",
        "x-dns-prefetch-control": "off",
        "x-download-options": "noopen",
        "x-frame-options": "SAMEORIGIN",
        "x-permitted-cross-domain-policies": "none",
        "x-xss-protection": "0",
        "vary": "Origin",
        "access-control-allow-credentials": "true",
        "ratelimit-policy": "100;w=900",
        "ratelimit-limit": "100",
        "ratelimit-remaining": "95",
        "ratelimit-reset": "888",
        "content-type": "application/json; charset=utf-8",
        "content-length": "574",
        "etag": "W/\"23e-Owx1r72OecqAytTX0N1Xk3RdT18\""
      }
    }
    [35mresponseTime[39m: 2098
[2026-06-05 04:35:29.309 +0530] [32mINFO[39m (42336): [36mrequest completed[39m
    [35mreq[39m: {
      "id": 6,
      "method": "POST",
      "url": "/api/v1/invoices",
      "query": {},
      "params": {},
      "headers": {
        "host": "127.0.0.1:52406",
        "accept-encoding": "gzip, deflate",
        "x-organization-id": "53862888-c904-4f07-bf6c-88067d9f58a9",
        "content-type": "application/json",
        "content-length": "186",
        "connection": "close"
      },
      "remoteAddress": "::ffff:127.0.0.1",
      "remotePort": 52407
    }
    [35mres[39m: {
      "statusCode": 201,
      "headers": {
        "content-security-policy": "default-src 'self';base-uri 'self';font-src 'self' https: data:;form-action 'self';frame-ancestors 'self';img-src 'self' data:;object-src 'none';script-src 'self';script-src-attr 'none';style-src 'self' https: 'unsafe-inline';upgrade-insecure-requests",
        "cross-origin-opener-policy": "same-origin",
        "cross-origin-resource-policy": "same-origin",
        "origin-agent-cluster": "?1",
        "referrer-policy": "no-referrer",
        "strict-transport-security": "max-age=31536000; includeSubDomains",
        "x-content-type-options": "nosniff",
        "x-dns-prefetch-control": "off",
        "x-download-options": "noopen",
        "x-frame-options": "SAMEORIGIN",
        "x-permitted-cross-domain-policies": "none",
        "x-xss-protection": "0",
        "vary": "Origin",
        "access-control-allow-credentials": "true",
        "ratelimit-policy": "100;w=900",
        "ratelimit-limit": "100",
        "ratelimit-remaining": "94",
        "ratelimit-reset": "885",
        "content-type": "application/json; charset=utf-8",
        "content-length": "1450",
        "etag": "W/\"5aa-48P0ZuMWdfFKOOlzv+suE3eeCSI\""
      }
    }
    [35mresponseTime[39m: 4194
[2026-06-05 04:35:31.889 +0530] [32mINFO[39m (42336): [36mrequest completed[39m
    [35mreq[39m: {
      "id": 7,
      "method": "POST",
      "url": "/api/v1/auth/login",
      "query": {},
      "params": {},
      "headers": {
        "host": "127.0.0.1:52409",
        "accept-encoding": "gzip, deflate",
        "content-type": "application/json",
        "content-length": "63",
        "connection": "close"
      },
      "remoteAddress": "::ffff:127.0.0.1",
      "remotePort": 52410
    }
    [35mres[39m: {
      "statusCode": 200,
      "headers": {
        "content-security-policy": "default-src 'self';base-uri 'self';font-src 'self' https: data:;form-action 'self';frame-ancestors 'self';img-src 'self' data:;object-src 'none';script-src 'self';script-src-attr 'none';style-src 'self' https: 'unsafe-inline';upgrade-insecure-requests",
        "cross-origin-opener-policy": "same-origin",
        "cross-origin-resource-policy": "same-origin",
        "origin-agent-cluster": "?1",
        "referrer-policy": "no-referrer",
        "strict-transport-security": "max-age=31536000; includeSubDomains",
        "x-content-type-options": "nosniff",
        "x-dns-prefetch-control": "off",
        "x-download-options": "noopen",
        "x-frame-options": "SAMEORIGIN",
        "x-permitted-cross-domain-policies": "none",
        "x-xss-protection": "0",
        "vary": "Origin",
        "access-control-allow-credentials": "true",
        "ratelimit-policy": "100;w=900",
        "ratelimit-limit": "100",
        "ratelimit-remaining": "93",
        "ratelimit-reset": "880",
        "set-cookie": [
          "refreshToken=eyJhbGciOiJIUzI1NiIsInR5cCI6IkpXVCJ9.eyJzdWIiOiJlOTQ0NzA1ZC1lYWUzLTRjN2MtYjg2MC1mYzA0ZWMzYzcyYmUiLCJqdGkiOiI3YjJkMWVkOC02NjFmLTQ0NzYtYTIxYS04YzkxNDdlM2NjMjQiLCJ0eXBlIjoicmVmcmVzaCIsImlhdCI6MTc4MDYxNDMzMSwiZXhwIjoxNzgxMjE5MTMxfQ.z59ojvOcLuRsN4nDlBST0MAS5-b6ICkPYIgbxQejHIU; Max-Age=604800; Path=/api/v1/auth; Expires=Thu, 11 Jun 2026 23:05:31 GMT; HttpOnly; SameSite=Strict",
          "csrfToken=7e4c0253-4fe1-42dc-ac16-d80884cc3190; Max-Age=604800; Path=/api/v1/auth; Expires=Thu, 11 Jun 2026 23:05:31 GMT; SameSite=Strict"
        ],
        "content-type": "application/json; charset=utf-8",
        "content-length": "513",
        "etag": "W/\"201-lknnq2MAAKyYKSeLUeOThBmGlE0\""
      }
    }
    [35mresponseTime[39m: 954
[2026-06-05 04:35:39.699 +0530] [32mINFO[39m (42336): [36mrequest completed[39m
    [35mreq[39m: {
      "id": 8,
      "method": "POST",
      "url": "/api/v1/customers",
      "query": {},
      "params": {},
      "headers": {
        "host": "127.0.0.1:52411",
        "accept-encoding": "gzip, deflate",
        "x-organization-id": "8c61c98e-c62d-49ee-a867-b7d47df704c3",
        "content-type": "application/json",
        "content-length": "27",
        "connection": "close"
      },
      "remoteAddress": "::ffff:127.0.0.1",
      "remotePort": 52412
    }
    [35mres[39m: {
      "statusCode": 201,
      "headers": {
        "content-security-policy": "default-src 'self';base-uri 'self';font-src 'self' https: data:;form-action 'self';frame-ancestors 'self';img-src 'self' data:;object-src 'none';script-src 'self';script-src-attr 'none';style-src 'self' https: 'unsafe-inline';upgrade-insecure-requests",
        "cross-origin-opener-policy": "same-origin",
        "cross-origin-resource-policy": "same-origin",
        "origin-agent-cluster": "?1",
        "referrer-policy": "no-referrer",
        "strict-transport-security": "max-age=31536000; includeSubDomains",
        "x-content-type-options": "nosniff",
        "x-dns-prefetch-control": "off",
        "x-download-options": "noopen",
        "x-frame-options": "SAMEORIGIN",
        "x-permitted-cross-domain-policies": "none",
        "x-xss-protection": "0",
        "vary": "Origin",
        "access-control-allow-credentials": "true",
        "ratelimit-policy": "100;w=900",
        "ratelimit-limit": "100",
        "ratelimit-remaining": "92",
        "ratelimit-reset": "873",
        "content-type": "application/json; charset=utf-8",
        "content-length": "323",
        "etag": "W/\"143-3/yD7XzhDHlDM2suPwu0302Th3s\""
      }
    }
    [35mresponseTime[39m: 1682
[2026-06-05 04:35:40.471 +0530] [32mINFO[39m (42336): [36mrequest completed[39m
    [35mreq[39m: {
      "id": 9,
      "method": "POST",
      "url": "/api/v1/products",
      "query": {},
      "params": {},
      "headers": {
        "host": "127.0.0.1:52413",
        "accept-encoding": "gzip, deflate",
        "x-organization-id": "8c61c98e-c62d-49ee-a867-b7d47df704c3",
        "content-type": "application/json",
        "content-length": "59",
        "connection": "close"
      },
      "remoteAddress": "::ffff:127.0.0.1",
      "remotePort": 52414
    }
    [35mres[39m: {
      "statusCode": 201,
      "headers": {
        "content-security-policy": "default-src 'self';base-uri 'self';font-src 'self' https: data:;form-action 'self';frame-ancestors 'self';img-src 'self' data:;object-src 'none';script-src 'self';script-src-attr 'none';style-src 'self' https: 'unsafe-inline';upgrade-insecure-requests",
        "cross-origin-opener-policy": "same-origin",
        "cross-origin-resource-policy": "same-origin",
        "origin-agent-cluster": "?1",
        "referrer-policy": "no-referrer",
        "strict-transport-security": "max-age=31536000; includeSubDomains",
        "x-content-type-options": "nosniff",
        "x-dns-prefetch-control": "off",
        "x-download-options": "noopen",
        "x-frame-options": "SAMEORIGIN",
        "x-permitted-cross-domain-policies": "none",
        "x-xss-protection": "0",
        "vary": "Origin",
        "access-control-allow-credentials": "true",
        "ratelimit-policy": "100;w=900",
        "ratelimit-limit": "100",
        "ratelimit-remaining": "91",
        "ratelimit-reset": "871",
        "content-type": "application/json; charset=utf-8",
        "content-length": "374",
        "etag": "W/\"176-SjqkO95NBFNQGveHcqIy7xl6A94\""
      }
    }
    [35mresponseTime[39m: 768
[2026-06-05 04:35:43.069 +0530] [32mINFO[39m (42336): [36mrequest completed[39m
    [35mreq[39m: {
      "id": 10,
      "method": "POST",
      "url": "/api/v1/invoices",
      "query": {},
      "params": {},
      "headers": {
        "host": "127.0.0.1:52415",
        "accept-encoding": "gzip, deflate",
        "x-organization-id": "8c61c98e-c62d-49ee-a867-b7d47df704c3",
        "content-type": "application/json",
        "content-length": "186",
        "connection": "close"
      },
      "remoteAddress": "::ffff:127.0.0.1",
      "remotePort": 52416
    }
    [35mres[39m: {
      "statusCode": 201,
      "headers": {
        "content-security-policy": "default-src 'self';base-uri 'self';font-src 'self' https: data:;form-action 'self';frame-ancestors 'self';img-src 'self' data:;object-src 'none';script-src 'self';script-src-attr 'none';style-src 'self' https: 'unsafe-inline';upgrade-insecure-requests",
        "cross-origin-opener-policy": "same-origin",
        "cross-origin-resource-policy": "same-origin",
        "origin-agent-cluster": "?1",
        "referrer-policy": "no-referrer",
        "strict-transport-security": "max-age=31536000; includeSubDomains",
        "x-content-type-options": "nosniff",
        "x-dns-prefetch-control": "off",
        "x-download-options": "noopen",
        "x-frame-options": "SAMEORIGIN",
        "x-permitted-cross-domain-policies": "none",
        "x-xss-protection": "0",
        "vary": "Origin",
        "access-control-allow-credentials": "true",
        "ratelimit-policy": "100;w=900",
        "ratelimit-limit": "100",
        "ratelimit-remaining": "90",
        "ratelimit-reset": "870",
        "content-type": "application/json; charset=utf-8",
        "content-length": "1405",
        "etag": "W/\"57d-zFrTZeA6kyrleRv7xPZfQjVBFs4\""
      }
    }
    [35mresponseTime[39m: 2592
[2026-06-05 04:35:44.409 +0530] [32mINFO[39m (42336): [36mrequest completed[39m
    [35mreq[39m: {
      "id": 11,
      "method": "POST",
      "url": "/api/v1/payments",
      "query": {},
      "params": {},
      "headers": {
        "host": "127.0.0.1:52417",
        "accept-encoding": "gzip, deflate",
        "x-organization-id": "8c61c98e-c62d-49ee-a867-b7d47df704c3",
        "content-type": "application/json",
        "content-length": "128",
        "connection": "close"
      },
      "remoteAddress": "::ffff:127.0.0.1",
      "remotePort": 52418
    }
    [35mres[39m: {
      "statusCode": 201,
      "headers": {
        "content-security-policy": "default-src 'self';base-uri 'self';font-src 'self' https: data:;form-action 'self';frame-ancestors 'self';img-src 'self' data:;object-src 'none';script-src 'self';script-src-attr 'none';style-src 'self' https: 'unsafe-inline';upgrade-insecure-requests",
        "cross-origin-opener-policy": "same-origin",
        "cross-origin-resource-policy": "same-origin",
        "origin-agent-cluster": "?1",
        "referrer-policy": "no-referrer",
        "strict-transport-security": "max-age=31536000; includeSubDomains",
        "x-content-type-options": "nosniff",
        "x-dns-prefetch-control": "off",
        "x-download-options": "noopen",
        "x-frame-options": "SAMEORIGIN",
        "x-permitted-cross-domain-policies": "none",
        "x-xss-protection": "0",
        "vary": "Origin",
        "access-control-allow-credentials": "true",
        "ratelimit-policy": "100;w=900",
        "ratelimit-limit": "100",
        "ratelimit-remaining": "89",
        "ratelimit-reset": "868",
        "content-type": "application/json; charset=utf-8",
        "content-length": "366",
        "etag": "W/\"16e-BLM5AUfhofQK7GE8UF5e1BRn/rw\""
      }
    }
    [35mresponseTime[39m: 1334
[2026-06-05 04:35:45.889 +0530] [32mINFO[39m (42336): [36mrequest completed[39m
    [35mreq[39m: {
      "id": 12,
      "method": "POST",
      "url": "/api/v1/payments",
      "query": {},
      "params": {},
      "headers": {
        "host": "127.0.0.1:52419",
        "accept-encoding": "gzip, deflate",
        "x-organization-id": "8c61c98e-c62d-49ee-a867-b7d47df704c3",
        "content-type": "application/json",
        "content-length": "138",
        "connection": "close"
      },
      "remoteAddress": "::ffff:127.0.0.1",
      "remotePort": 52420
    }
    [35mres[39m: {
      "statusCode": 201,
      "headers": {
        "content-security-policy": "default-src 'self';base-uri 'self';font-src 'self' https: data:;form-action 'self';frame-ancestors 'self';img-src 'self' data:;object-src 'none';script-src 'self';script-src-attr 'none';style-src 'self' https: 'unsafe-inline';upgrade-insecure-requests",
        "cross-origin-opener-policy": "same-origin",
        "cross-origin-resource-policy": "same-origin",
        "origin-agent-cluster": "?1",
        "referrer-policy": "no-referrer",
        "strict-transport-security": "max-age=31536000; includeSubDomains",
        "x-content-type-options": "nosniff",
        "x-dns-prefetch-control": "off",
        "x-download-options": "noopen",
        "x-frame-options": "SAMEORIGIN",
        "x-permitted-cross-domain-policies": "none",
        "x-xss-protection": "0",
        "vary": "Origin",
        "access-control-allow-credentials": "true",
        "ratelimit-policy": "100;w=900",
        "ratelimit-limit": "100",
        "ratelimit-remaining": "88",
        "ratelimit-reset": "866",
        "content-type": "application/json; charset=utf-8",
        "content-length": "376",
        "etag": "W/\"178-Il2ngQ+u4ku/AkUcTe+3kYePNFY\""
      }
    }
    [35mresponseTime[39m: 1113
[2026-06-05 04:35:47.456 +0530] [32mINFO[39m (42336): [36mrequest completed[39m
    [35mreq[39m: {
      "id": 13,
      "method": "POST",
      "url": "/api/v1/auth/login",
      "query": {},
      "params": {},
      "headers": {
        "host": "127.0.0.1:52421",
        "accept-encoding": "gzip, deflate",
        "content-type": "application/json",
        "content-length": "62",
        "connection": "close"
      },
      "remoteAddress": "::ffff:127.0.0.1",
      "remotePort": 52422
    }
    [35mres[39m: {
      "statusCode": 200,
      "headers": {
        "content-security-policy": "default-src 'self';base-uri 'self';font-src 'self' https: data:;form-action 'self';frame-ancestors 'self';img-src 'self' data:;object-src 'none';script-src 'self';script-src-attr 'none';style-src 'self' https: 'unsafe-inline';upgrade-insecure-requests",
        "cross-origin-opener-policy": "same-origin",
        "cross-origin-resource-policy": "same-origin",
        "origin-agent-cluster": "?1",
        "referrer-policy": "no-referrer",
        "strict-transport-security": "max-age=31536000; includeSubDomains",
        "x-content-type-options": "nosniff",
        "x-dns-prefetch-control": "off",
        "x-download-options": "noopen",
        "x-frame-options": "SAMEORIGIN",
        "x-permitted-cross-domain-policies": "none",
        "x-xss-protection": "0",
        "vary": "Origin",
        "access-control-allow-credentials": "true",
        "ratelimit-policy": "100;w=900",
        "ratelimit-limit": "100",
        "ratelimit-remaining": "87",
        "ratelimit-reset": "864",
        "set-cookie": [
          "refreshToken=eyJhbGciOiJIUzI1NiIsInR5cCI6IkpXVCJ9.eyJzdWIiOiJjZTI1ODgxOS1jNmFhLTRiMzktYTIxMy0zYzBhNTZiMTg1MjQiLCJqdGkiOiIxYTA0YmQzOS02NDVlLTQ3NzctYjhiZC02ZmMzNWUwZTcyOWMiLCJ0eXBlIjoicmVmcmVzaCIsImlhdCI6MTc4MDYxNDM0NywiZXhwIjoxNzgxMjE5MTQ3fQ.iCBQCjp2nPShxo9fSEhz3S0mkaeTX_EI-n9y9szUB7o; Max-Age=604800; Path=/api/v1/auth; Expires=Thu, 11 Jun 2026 23:05:47 GMT; HttpOnly; SameSite=Strict",
          "csrfToken=b60239cb-6366-4a21-b7b2-2e9614560371; Max-Age=604800; Path=/api/v1/auth; Expires=Thu, 11 Jun 2026 23:05:47 GMT; SameSite=Strict"
        ],
        "content-type": "application/json; charset=utf-8",
        "content-length": "512",
        "etag": "W/\"200-sjYAFHbPF9OtVulUlAEww3eX/og\""
      }
    }
    [35mresponseTime[39m: 736
[2026-06-05 04:35:56.446 +0530] [32mINFO[39m (42336): [36mrequest completed[39m
    [35mreq[39m: {
      "id": 14,
      "method": "POST",
      "url": "/api/v1/customers",
      "query": {},
      "params": {},
      "headers": {
        "host": "127.0.0.1:63779",
        "accept-encoding": "gzip, deflate",
        "x-organization-id": "e8e9edf7-8ed6-4c73-9c3d-37357b57f574",
        "content-type": "application/json",
        "content-length": "27",
        "connection": "close"
      },
      "remoteAddress": "::ffff:127.0.0.1",
      "remotePort": 63780
    }
    [35mres[39m: {
      "statusCode": 201,
      "headers": {
        "content-security-policy": "default-src 'self';base-uri 'self';font-src 'self' https: data:;form-action 'self';frame-ancestors 'self';img-src 'self' data:;object-src 'none';script-src 'self';script-src-attr 'none';style-src 'self' https: 'unsafe-inline';upgrade-insecure-requests",
        "cross-origin-opener-policy": "same-origin",
        "cross-origin-resource-policy": "same-origin",
        "origin-agent-cluster": "?1",
        "referrer-policy": "no-referrer",
        "strict-transport-security": "max-age=31536000; includeSubDomains",
        "x-content-type-options": "nosniff",
        "x-dns-prefetch-control": "off",
        "x-download-options": "noopen",
        "x-frame-options": "SAMEORIGIN",
        "x-permitted-cross-domain-policies": "none",
        "x-xss-protection": "0",
        "vary": "Origin",
        "access-control-allow-credentials": "true",
        "ratelimit-policy": "100;w=900",
        "ratelimit-limit": "100",
        "ratelimit-remaining": "86",
        "ratelimit-reset": "855",
        "content-type": "application/json; charset=utf-8",
        "content-length": "323",
        "etag": "W/\"143-8W4PyajnBZ8Ve7zGlcOwvDYlPms\""
      }
    }
    [35mresponseTime[39m: 919
[2026-06-05 04:35:57.985 +0530] [32mINFO[39m (42336): [36mrequest completed[39m
    [35mreq[39m: {
      "id": 15,
      "method": "GET",
      "url": "/api/v1/customers",
      "query": {},
      "params": {},
      "headers": {
        "host": "127.0.0.1:63781",
        "accept-encoding": "gzip, deflate",
        "x-organization-id": "ed52e4a4-9eb9-43a5-9582-af85bff64e8b",
        "connection": "close"
      },
      "remoteAddress": "::ffff:127.0.0.1",
      "remotePort": 63782
    }
    [35mres[39m: {
      "statusCode": 200,
      "headers": {
        "content-security-policy": "default-src 'self';base-uri 'self';font-src 'self' https: data:;form-action 'self';frame-ancestors 'self';img-src 'self' data:;object-src 'none';script-src 'self';script-src-attr 'none';style-src 'self' https: 'unsafe-inline';upgrade-insecure-requests",
        "cross-origin-opener-policy": "same-origin",
        "cross-origin-resource-policy": "same-origin",
        "origin-agent-cluster": "?1",
        "referrer-policy": "no-referrer",
        "strict-transport-security": "max-age=31536000; includeSubDomains",
        "x-content-type-options": "nosniff",
        "x-dns-prefetch-control": "off",
        "x-download-options": "noopen",
        "x-frame-options": "SAMEORIGIN",
        "x-permitted-cross-domain-policies": "none",
        "x-xss-protection": "0",
        "vary": "Origin",
        "access-control-allow-credentials": "true",
        "ratelimit-policy": "100;w=900",
        "ratelimit-limit": "100",
        "ratelimit-remaining": "85",
        "ratelimit-reset": "854",
        "content-type": "application/json; charset=utf-8",
        "content-length": "66",
        "etag": "W/\"42-X8Lf3HIyUb0K4juyOO8eaa4ngO8\""
      }
    }
    [35mresponseTime[39m: 1534
FAIL tests/integration/accounting/accountingFlow.test.ts (53.101 s)
  ● Console

    console.log
      ◇ injected env (15) from .env.test // tip: ⌘ suppress logs { quiet: true }

      at _log (node_modules/dotenv/lib/main.js:131:11)

    console.log
      ◇ injected env (2) from .env // tip: ⌘ override existing { override: true }

      at _log (node_modules/dotenv/lib/main.js:131:11)

  ● accounting core flow › creates an issued invoice with tax, inventory movement, and transaction

    thrown: "Exceeded timeout of 20000 ms for a test.
    Add a timeout value to this test to increase the timeout, if this is a long-running test. See https://jestjs.io/docs/api#testname-fn-timeout."

    [0m [90m  7 |[39m
     [90m  8 |[39m describe([32m"accounting core flow"[39m[33m,[39m () [33m=>[39m {
    [31m[1m>[22m[39m[90m  9 |[39m   it([32m"creates an issued invoice with tax, inventory movement, and transaction"[39m[33m,[39m [36masync[39m () [33m=>[39m {
     [90m    |[39m   [31m[1m^[22m[39m
     [90m 10 |[39m     [36mconst[39m auth [33m=[39m [36mawait[39m createAuthenticatedUser(app[33m,[39m {
     [90m 11 |[39m       email[33m:[39m [32m"invoice.owner@example.com"[39m[33m,[39m
     [90m 12 |[39m     })[33m;[39m[0m

      at tests/integration/accounting/accountingFlow.test.ts:9:3
      at Object.<anonymous> (tests/integration/accounting/accountingFlow.test.ts:8:1)

[2026-06-05 04:35:58.804 +0530] [32mINFO[39m (42336): [36mrequest completed[39m
    [35mreq[39m: {
      "id": 16,
      "method": "GET",
      "url": "/api/v1/reports/sales",
      "query": {},
      "params": {},
      "headers": {
        "host": "127.0.0.1:63783",
        "accept-encoding": "gzip, deflate",
        "x-organization-id": "e8e9edf7-8ed6-4c73-9c3d-37357b57f574",
        "connection": "close"
      },
      "remoteAddress": "::ffff:127.0.0.1",
      "remotePort": 63784
    }
    [35mres[39m: {
      "statusCode": 200,
      "headers": {
        "content-security-policy": "default-src 'self';base-uri 'self';font-src 'self' https: data:;form-action 'self';frame-ancestors 'self';img-src 'self' data:;object-src 'none';script-src 'self';script-src-attr 'none';style-src 'self' https: 'unsafe-inline';upgrade-insecure-requests",
        "cross-origin-opener-policy": "same-origin",
        "cross-origin-resource-policy": "same-origin",
        "origin-agent-cluster": "?1",
        "referrer-policy": "no-referrer",
        "strict-transport-security": "max-age=31536000; includeSubDomains",
        "x-content-type-options": "nosniff",
        "x-dns-prefetch-control": "off",
        "x-download-options": "noopen",
        "x-frame-options": "SAMEORIGIN",
        "x-permitted-cross-domain-policies": "none",
        "x-xss-protection": "0",
        "vary": "Origin",
        "access-control-allow-credentials": "true",
        "ratelimit-policy": "100;w=900",
        "ratelimit-limit": "100",
        "ratelimit-remaining": "84",
        "ratelimit-reset": "853",
        "content-type": "application/json; charset=utf-8",
        "content-length": "99",
        "etag": "W/\"63-s0xf8SKgauyIoz8vziumJiQHHfQ\""
      }
    }
    [35mresponseTime[39m: 816
[2026-06-05 04:35:58.810 +0530] [32mINFO[39m (42336): [36mQueue mail-queue closed[39m
[2026-06-05 04:35:58.810 +0530] [32mINFO[39m (42336): [36mQueue pdf-generation-queue closed[39m
[2026-06-05 04:35:58.810 +0530] [32mINFO[39m (42336): [36mQueue storage-cleanup-queue closed[39m
[2026-06-05 04:35:58.811 +0530] [32mINFO[39m (42336): [36mQueue reports-queue closed[39m
[2026-06-05 04:35:58.811 +0530] [32mINFO[39m (42336): [36mQueue audit-exports-queue closed[39m
[2026-06-05 04:35:58.903 +0530] [32mINFO[39m (42336): [36mQueue Redis connection closed[39m
[2026-06-05 04:35:58.948 +0530] [33mWARN[39m (42336): [36mRedis connection closed[39m
[2026-06-05 04:36:01.771 +0530] [32mINFO[39m (42336): [36mQueue Redis connected successfully[39m
[2026-06-05 04:36:02.249 +0530] [32mINFO[39m (42336): [36mRedis connecting...[39m
[2026-06-05 04:36:02.272 +0530] [32mINFO[39m (42336): [36mRedis connected[39m
[2026-06-05 04:36:11.016 +0530] [32mINFO[39m (42336): [36mrequest completed[39m
    [35mreq[39m: {
      "id": 1,
      "method": "POST",
      "url": "/api/v1/auth/login",
      "query": {},
      "params": {},
      "headers": {
        "host": "127.0.0.1:63790",
        "accept-encoding": "gzip, deflate",
        "content-type": "application/json",
        "content-length": "62",
        "connection": "close"
      },
      "remoteAddress": "::ffff:127.0.0.1",
      "remotePort": 63791
    }
    [35mres[39m: {
      "statusCode": 200,
      "headers": {
        "content-security-policy": "default-src 'self';base-uri 'self';font-src 'self' https: data:;form-action 'self';frame-ancestors 'self';img-src 'self' data:;object-src 'none';script-src 'self';script-src-attr 'none';style-src 'self' https: 'unsafe-inline';upgrade-insecure-requests",
        "cross-origin-opener-policy": "same-origin",
        "cross-origin-resource-policy": "same-origin",
        "origin-agent-cluster": "?1",
        "referrer-policy": "no-referrer",
        "strict-transport-security": "max-age=31536000; includeSubDomains",
        "x-content-type-options": "nosniff",
        "x-dns-prefetch-control": "off",
        "x-download-options": "noopen",
        "x-frame-options": "SAMEORIGIN",
        "x-permitted-cross-domain-policies": "none",
        "x-xss-protection": "0",
        "vary": "Origin",
        "access-control-allow-credentials": "true",
        "ratelimit-policy": "100;w=900",
        "ratelimit-limit": "100",
        "ratelimit-remaining": "99",
        "ratelimit-reset": "900",
        "set-cookie": [
          "refreshToken=eyJhbGciOiJIUzI1NiIsInR5cCI6IkpXVCJ9.eyJzdWIiOiI1NzUyMGQyOC05ZjRhLTQzY2QtYjcyNC1iNDI5YjIxYTE5OWMiLCJqdGkiOiIzZTc5N2ExMS1lMjIzLTQ2NjktYjBlZC0yOWFhOTBmNDk0YTkiLCJ0eXBlIjoicmVmcmVzaCIsImlhdCI6MTc4MDYxNDM3MCwiZXhwIjoxNzgxMjE5MTcwfQ.oi6DL0D1H0YdxJRG-o8JaCqJFEkXyXO-z7XYPgSfNi0; Max-Age=604800; Path=/api/v1/auth; Expires=Thu, 11 Jun 2026 23:06:11 GMT; HttpOnly; SameSite=Strict",
          "csrfToken=50aadf5e-6d48-4554-b240-cf482b299372; Max-Age=604800; Path=/api/v1/auth; Expires=Thu, 11 Jun 2026 23:06:11 GMT; SameSite=Strict"
        ],
        "content-type": "application/json; charset=utf-8",
        "content-length": "1279",
        "etag": "W/\"4ff-05MAIgoFgAk7hO8nbk3sZ6L6ms8\""
      }
    }
    [35mresponseTime[39m: 1595
[2026-06-05 04:36:14.129 +0530] [32mINFO[39m (42336): [36mrequest completed[39m
    [35mreq[39m: {
      "id": 2,
      "method": "POST",
      "url": "/api/v1/organizations/6cf46784-0e97-464a-b08d-1f2419d28555/members/invite",
      "query": {},
      "params": {},
      "headers": {
        "host": "127.0.0.1:63792",
        "accept-encoding": "gzip, deflate",
        "content-type": "application/json",
        "content-length": "56",
        "connection": "close"
      },
      "remoteAddress": "::ffff:127.0.0.1",
      "remotePort": 63793
    }
    [35mres[39m: {
      "statusCode": 201,
      "headers": {
        "content-security-policy": "default-src 'self';base-uri 'self';font-src 'self' https: data:;form-action 'self';frame-ancestors 'self';img-src 'self' data:;object-src 'none';script-src 'self';script-src-attr 'none';style-src 'self' https: 'unsafe-inline';upgrade-insecure-requests",
        "cross-origin-opener-policy": "same-origin",
        "cross-origin-resource-policy": "same-origin",
        "origin-agent-cluster": "?1",
        "referrer-policy": "no-referrer",
        "strict-transport-security": "max-age=31536000; includeSubDomains",
        "x-content-type-options": "nosniff",
        "x-dns-prefetch-control": "off",
        "x-download-options": "noopen",
        "x-frame-options": "SAMEORIGIN",
        "x-permitted-cross-domain-policies": "none",
        "x-xss-protection": "0",
        "vary": "Origin",
        "access-control-allow-credentials": "true",
        "ratelimit-policy": "100;w=900",
        "ratelimit-limit": "100",
        "ratelimit-remaining": "98",
        "ratelimit-reset": "899",
        "content-type": "application/json; charset=utf-8",
        "content-length": "497",
        "etag": "W/\"1f1-I/5s5XtAoM3YnPNQQ3XNmOGMw9E\""
      }
    }
    [35mresponseTime[39m: 3106
[2026-06-05 04:36:16.681 +0530] [32mINFO[39m (42336): [36mrequest completed[39m
    [35mreq[39m: {
      "id": 3,
      "method": "POST",
      "url": "/api/v1/invitations/accept",
      "query": {},
      "params": {},
      "headers": {
        "host": "127.0.0.1:63794",
        "accept-encoding": "gzip, deflate",
        "content-type": "application/json",
        "content-length": "124",
        "connection": "close"
      },
      "remoteAddress": "::ffff:127.0.0.1",
      "remotePort": 63795
    }
    [35mres[39m: {
      "statusCode": 200,
      "headers": {
        "content-security-policy": "default-src 'self';base-uri 'self';font-src 'self' https: data:;form-action 'self';frame-ancestors 'self';img-src 'self' data:;object-src 'none';script-src 'self';script-src-attr 'none';style-src 'self' https: 'unsafe-inline';upgrade-insecure-requests",
        "cross-origin-opener-policy": "same-origin",
        "cross-origin-resource-policy": "same-origin",
        "origin-agent-cluster": "?1",
        "referrer-policy": "no-referrer",
        "strict-transport-security": "max-age=31536000; includeSubDomains",
        "x-content-type-options": "nosniff",
        "x-dns-prefetch-control": "off",
        "x-download-options": "noopen",
        "x-frame-options": "SAMEORIGIN",
        "x-permitted-cross-domain-policies": "none",
        "x-xss-protection": "0",
        "vary": "Origin",
        "access-control-allow-credentials": "true",
        "ratelimit-policy": "100;w=900",
        "ratelimit-limit": "100",
        "ratelimit-remaining": "97",
        "ratelimit-reset": "896",
        "content-type": "application/json; charset=utf-8",
        "content-length": "263",
        "etag": "W/\"107-33RO+KsPdzh9KGtEe/s//VNQ+BU\""
      }
    }
    [35mresponseTime[39m: 2548
[2026-06-05 04:36:23.349 +0530] [32mINFO[39m (42336): [36mrequest completed[39m
    [35mreq[39m: {
      "id": 4,
      "method": "POST",
      "url": "/api/v1/auth/login",
      "query": {},
      "params": {},
      "headers": {
        "host": "127.0.0.1:63802",
        "accept-encoding": "gzip, deflate",
        "content-type": "application/json",
        "content-length": "59",
        "connection": "close"
      },
      "remoteAddress": "::ffff:127.0.0.1",
      "remotePort": 63803
    }
    [35mres[39m: {
      "statusCode": 200,
      "headers": {
        "content-security-policy": "default-src 'self';base-uri 'self';font-src 'self' https: data:;form-action 'self';frame-ancestors 'self';img-src 'self' data:;object-src 'none';script-src 'self';script-src-attr 'none';style-src 'self' https: 'unsafe-inline';upgrade-insecure-requests",
        "cross-origin-opener-policy": "same-origin",
        "cross-origin-resource-policy": "same-origin",
        "origin-agent-cluster": "?1",
        "referrer-policy": "no-referrer",
        "strict-transport-security": "max-age=31536000; includeSubDomains",
        "x-content-type-options": "nosniff",
        "x-dns-prefetch-control": "off",
        "x-download-options": "noopen",
        "x-frame-options": "SAMEORIGIN",
        "x-permitted-cross-domain-policies": "none",
        "x-xss-protection": "0",
        "vary": "Origin",
        "access-control-allow-credentials": "true",
        "ratelimit-policy": "100;w=900",
        "ratelimit-limit": "100",
        "ratelimit-remaining": "96",
        "ratelimit-reset": "888",
        "set-cookie": [
          "refreshToken=eyJhbGciOiJIUzI1NiIsInR5cCI6IkpXVCJ9.eyJzdWIiOiJiMzA3YTdhMS01NTk0LTQ1YWUtOTU3Yi0xZGU5YjhhMGUyMGIiLCJqdGkiOiJiNDkyMTBiZi0wY2RlLTQxMDQtYjk2MS0yZGRmNDQ2NGNkOTMiLCJ0eXBlIjoicmVmcmVzaCIsImlhdCI6MTc4MDYxNDM4MywiZXhwIjoxNzgxMjE5MTgzfQ.mD-7MyAL84kaXtcbguE7nD-ofXNnZjduchIiAdlqk18; Max-Age=604800; Path=/api/v1/auth; Expires=Thu, 11 Jun 2026 23:06:23 GMT; HttpOnly; SameSite=Strict",
          "csrfToken=4a6118b5-42f1-4db8-b0ad-ee421a23fb08; Max-Age=604800; Path=/api/v1/auth; Expires=Thu, 11 Jun 2026 23:06:23 GMT; SameSite=Strict"
        ],
        "content-type": "application/json; charset=utf-8",
        "content-length": "1316",
        "etag": "W/\"524-5J/qg70ZRCuSsctIML1nEocYUJ8\""
      }
    }
    [35mresponseTime[39m: 1219
[2026-06-05 04:36:24.841 +0530] [32mINFO[39m (42336): [36mrequest completed[39m
    [35mreq[39m: {
      "id": 5,
      "method": "POST",
      "url": "/api/v1/organizations/6b613f00-5b1c-4b60-a989-ebd43634af4c/members/invite",
      "query": {},
      "params": {},
      "headers": {
        "host": "127.0.0.1:63804",
        "accept-encoding": "gzip, deflate",
        "content-type": "application/json",
        "content-length": "53",
        "connection": "close"
      },
      "remoteAddress": "::ffff:127.0.0.1",
      "remotePort": 63805
    }
    [35mres[39m: {
      "statusCode": 201,
      "headers": {
        "content-security-policy": "default-src 'self';base-uri 'self';font-src 'self' https: data:;form-action 'self';frame-ancestors 'self';img-src 'self' data:;object-src 'none';script-src 'self';script-src-attr 'none';style-src 'self' https: 'unsafe-inline';upgrade-insecure-requests",
        "cross-origin-opener-policy": "same-origin",
        "cross-origin-resource-policy": "same-origin",
        "origin-agent-cluster": "?1",
        "referrer-policy": "no-referrer",
        "strict-transport-security": "max-age=31536000; includeSubDomains",
        "x-content-type-options": "nosniff",
        "x-dns-prefetch-control": "off",
        "x-download-options": "noopen",
        "x-frame-options": "SAMEORIGIN",
        "x-permitted-cross-domain-policies": "none",
        "x-xss-protection": "0",
        "vary": "Origin",
        "access-control-allow-credentials": "true",
        "ratelimit-policy": "100;w=900",
        "ratelimit-limit": "100",
        "ratelimit-remaining": "95",
        "ratelimit-reset": "887",
        "content-type": "application/json; charset=utf-8",
        "content-length": "494",
        "etag": "W/\"1ee-c3YWP02ZLgzUO5Tmmj149EwQRL0\""
      }
    }
    [35mresponseTime[39m: 1488
[2026-06-05 04:36:25.847 +0530] [32mINFO[39m (42336): [36mrequest completed[39m
    [35mreq[39m: {
      "id": 6,
      "method": "POST",
      "url": "/api/v1/organizations/6b613f00-5b1c-4b60-a989-ebd43634af4c/members/invite",
      "query": {},
      "params": {},
      "headers": {
        "host": "127.0.0.1:63807",
        "accept-encoding": "gzip, deflate",
        "content-type": "application/json",
        "content-length": "53",
        "connection": "close"
      },
      "remoteAddress": "::ffff:127.0.0.1",
      "remotePort": 63808
    }
    [35mres[39m: {
      "statusCode": 409,
      "headers": {
        "content-security-policy": "default-src 'self';base-uri 'self';font-src 'self' https: data:;form-action 'self';frame-ancestors 'self';img-src 'self' data:;object-src 'none';script-src 'self';script-src-attr 'none';style-src 'self' https: 'unsafe-inline';upgrade-insecure-requests",
        "cross-origin-opener-policy": "same-origin",
        "cross-origin-resource-policy": "same-origin",
        "origin-agent-cluster": "?1",
        "referrer-policy": "no-referrer",
        "strict-transport-security": "max-age=31536000; includeSubDomains",
        "x-content-type-options": "nosniff",
        "x-dns-prefetch-control": "off",
        "x-download-options": "noopen",
        "x-frame-options": "SAMEORIGIN",
        "x-permitted-cross-domain-policies": "none",
        "x-xss-protection": "0",
        "vary": "Origin",
        "access-control-allow-credentials": "true",
        "ratelimit-policy": "100;w=900",
        "ratelimit-limit": "100",
        "ratelimit-remaining": "94",
        "ratelimit-reset": "885",
        "content-type": "application/json; charset=utf-8",
        "content-length": "92",
        "etag": "W/\"5c-KEblPoAGrmltVHYjdUrJvV1vkLg\""
      }
    }
    [35mresponseTime[39m: 1000
PASS tests/integration/organizations/inviteMember.test.ts (33.603 s)
  ● Console

    console.log
      ◇ injected env (15) from .env.test // tip: ◈ secrets for agents [www.dotenvx.com]

      at _log (node_modules/dotenv/lib/main.js:131:11)

    console.log
      ◇ injected env (2) from .env // tip: ⌘ enable debugging { debug: true }

      at _log (node_modules/dotenv/lib/main.js:131:11)

[2026-06-05 04:36:32.595 +0530] [32mINFO[39m (42336): [36mrequest completed[39m
    [35mreq[39m: {
      "id": 7,
      "method": "POST",
      "url": "/api/v1/invitations/accept",
      "query": {},
      "params": {},
      "headers": {
        "host": "127.0.0.1:63809",
        "accept-encoding": "gzip, deflate",
        "content-type": "application/json",
        "content-length": "127",
        "connection": "close"
      },
      "remoteAddress": "::ffff:127.0.0.1",
      "remotePort": 63810
    }
    [35mres[39m: {
      "statusCode": 400,
      "headers": {
        "content-security-policy": "default-src 'self';base-uri 'self';font-src 'self' https: data:;form-action 'self';frame-ancestors 'self';img-src 'self' data:;object-src 'none';script-src 'self';script-src-attr 'none';style-src 'self' https: 'unsafe-inline';upgrade-insecure-requests",
        "cross-origin-opener-policy": "same-origin",
        "cross-origin-resource-policy": "same-origin",
        "origin-agent-cluster": "?1",
        "referrer-policy": "no-referrer",
        "strict-transport-security": "max-age=31536000; includeSubDomains",
        "x-content-type-options": "nosniff",
        "x-dns-prefetch-control": "off",
        "x-download-options": "noopen",
        "x-frame-options": "SAMEORIGIN",
        "x-permitted-cross-domain-policies": "none",
        "x-xss-protection": "0",
        "vary": "Origin",
        "access-control-allow-credentials": "true",
        "ratelimit-policy": "100;w=900",
        "ratelimit-limit": "100",
        "ratelimit-remaining": "93",
        "ratelimit-reset": "878",
        "content-type": "application/json; charset=utf-8",
        "content-length": "60",
        "etag": "W/\"3c-Fm1ZBF/SImUu361ZTUmX8glgUcw\""
      }
    }
    [35mresponseTime[39m: 306
[2026-06-05 04:36:32.598 +0530] [32mINFO[39m (42336): [36mQueue mail-queue closed[39m
[2026-06-05 04:36:32.598 +0530] [32mINFO[39m (42336): [36mQueue pdf-generation-queue closed[39m
[2026-06-05 04:36:32.598 +0530] [32mINFO[39m (42336): [36mQueue storage-cleanup-queue closed[39m
[2026-06-05 04:36:32.598 +0530] [32mINFO[39m (42336): [36mQueue reports-queue closed[39m
[2026-06-05 04:36:32.598 +0530] [32mINFO[39m (42336): [36mQueue audit-exports-queue closed[39m
[2026-06-05 04:36:32.696 +0530] [32mINFO[39m (42336): [36mQueue Redis connection closed[39m
[2026-06-05 04:36:32.718 +0530] [33mWARN[39m (42336): [36mRedis connection closed[39m
[2026-06-05 04:36:34.702 +0530] [32mINFO[39m (42336): [36mQueue Redis connected successfully[39m
[2026-06-05 04:36:35.238 +0530] [32mINFO[39m (42336): [36mRedis connecting...[39m
[2026-06-05 04:36:35.262 +0530] [32mINFO[39m (42336): [36mRedis connected[39m
[2026-06-05 04:36:46.506 +0530] [32mINFO[39m (42336): [36mrequest completed[39m
    [35mreq[39m: {
      "id": 1,
      "method": "POST",
      "url": "/api/v1/auth/login",
      "query": {},
      "params": {},
      "headers": {
        "host": "127.0.0.1:63814",
        "accept-encoding": "gzip, deflate",
        "content-type": "application/json",
        "content-length": "63",
        "connection": "close"
      },
      "remoteAddress": "::ffff:127.0.0.1",
      "remotePort": 63815
    }
    [35mres[39m: {
      "statusCode": 200,
      "headers": {
        "content-security-policy": "default-src 'self';base-uri 'self';font-src 'self' https: data:;form-action 'self';frame-ancestors 'self';img-src 'self' data:;object-src 'none';script-src 'self';script-src-attr 'none';style-src 'self' https: 'unsafe-inline';upgrade-insecure-requests",
        "cross-origin-opener-policy": "same-origin",
        "cross-origin-resource-policy": "same-origin",
        "origin-agent-cluster": "?1",
        "referrer-policy": "no-referrer",
        "strict-transport-security": "max-age=31536000; includeSubDomains",
        "x-content-type-options": "nosniff",
        "x-dns-prefetch-control": "off",
        "x-download-options": "noopen",
        "x-frame-options": "SAMEORIGIN",
        "x-permitted-cross-domain-policies": "none",
        "x-xss-protection": "0",
        "vary": "Origin",
        "access-control-allow-credentials": "true",
        "ratelimit-policy": "100;w=900",
        "ratelimit-limit": "100",
        "ratelimit-remaining": "99",
        "ratelimit-reset": "900",
        "set-cookie": [
          "refreshToken=eyJhbGciOiJIUzI1NiIsInR5cCI6IkpXVCJ9.eyJzdWIiOiJkNmI0MDUxMS0zMDUzLTQwODMtOGVjMS1lMmVjMjFmODcyZTIiLCJqdGkiOiJhMGM5MTBiNC1kZTA5LTRkYTktODY4Zi1hODQ4NDE5NDBkNTkiLCJ0eXBlIjoicmVmcmVzaCIsImlhdCI6MTc4MDYxNDQwNiwiZXhwIjoxNzgxMjE5MjA2fQ.Uol1R12FJswDZDZFgER8EfqXU6OXHjuBrSG8s-Nvn4k; Max-Age=604800; Path=/api/v1/auth; Expires=Thu, 11 Jun 2026 23:06:46 GMT; HttpOnly; SameSite=Strict",
          "csrfToken=b0fc22a4-41b1-4958-8672-6c09571d87f8; Max-Age=604800; Path=/api/v1/auth; Expires=Thu, 11 Jun 2026 23:06:46 GMT; SameSite=Strict"
        ],
        "content-type": "application/json; charset=utf-8",
        "content-length": "1315",
        "etag": "W/\"523-c349IoTcE0eASvbSDO7QkWmlex8\""
      }
    }
    [35mresponseTime[39m: 1923
[2026-06-05 04:36:48.320 +0530] [32mINFO[39m (42336): [36mrequest completed[39m
    [35mreq[39m: {
      "id": 2,
      "method": "DELETE",
      "url": "/api/v1/organizations/23eaab1f-337b-4453-813d-4d5d4e3c6aab",
      "query": {},
      "params": {},
      "headers": {
        "host": "127.0.0.1:63816",
        "accept-encoding": "gzip, deflate",
        "connection": "close"
      },
      "remoteAddress": "::ffff:127.0.0.1",
      "remotePort": 63817
    }
    [35mres[39m: {
      "statusCode": 403,
      "headers": {
        "content-security-policy": "default-src 'self';base-uri 'self';font-src 'self' https: data:;form-action 'self';frame-ancestors 'self';img-src 'self' data:;object-src 'none';script-src 'self';script-src-attr 'none';style-src 'self' https: 'unsafe-inline';upgrade-insecure-requests",
        "cross-origin-opener-policy": "same-origin",
        "cross-origin-resource-policy": "same-origin",
        "origin-agent-cluster": "?1",
        "referrer-policy": "no-referrer",
        "strict-transport-security": "max-age=31536000; includeSubDomains",
        "x-content-type-options": "nosniff",
        "x-dns-prefetch-control": "off",
        "x-download-options": "noopen",
        "x-frame-options": "SAMEORIGIN",
        "x-permitted-cross-domain-policies": "none",
        "x-xss-protection": "0",
        "vary": "Origin",
        "access-control-allow-credentials": "true",
        "ratelimit-policy": "100;w=900",
        "ratelimit-limit": "100",
        "ratelimit-remaining": "98",
        "ratelimit-reset": "899",
        "content-type": "application/json; charset=utf-8",
        "content-length": "59",
        "etag": "W/\"3b-5qtEpOVuCw3Tfr/uGDvVqx14oKc\""
      }
    }
    [35mresponseTime[39m: 1807
[2026-06-05 04:36:56.642 +0530] [32mINFO[39m (42336): [36mrequest completed[39m
    [35mreq[39m: {
      "id": 3,
      "method": "POST",
      "url": "/api/v1/auth/login",
      "query": {},
      "params": {},
      "headers": {
        "host": "127.0.0.1:62402",
        "accept-encoding": "gzip, deflate",
        "content-type": "application/json",
        "content-length": "63",
        "connection": "close"
      },
      "remoteAddress": "::ffff:127.0.0.1",
      "remotePort": 62403
    }
    [35mres[39m: {
      "statusCode": 200,
      "headers": {
        "content-security-policy": "default-src 'self';base-uri 'self';font-src 'self' https: data:;form-action 'self';frame-ancestors 'self';img-src 'self' data:;object-src 'none';script-src 'self';script-src-attr 'none';style-src 'self' https: 'unsafe-inline';upgrade-insecure-requests",
        "cross-origin-opener-policy": "same-origin",
        "cross-origin-resource-policy": "same-origin",
        "origin-agent-cluster": "?1",
        "referrer-policy": "no-referrer",
        "strict-transport-security": "max-age=31536000; includeSubDomains",
        "x-content-type-options": "nosniff",
        "x-dns-prefetch-control": "off",
        "x-download-options": "noopen",
        "x-frame-options": "SAMEORIGIN",
        "x-permitted-cross-domain-policies": "none",
        "x-xss-protection": "0",
        "vary": "Origin",
        "access-control-allow-credentials": "true",
        "ratelimit-policy": "100;w=900",
        "ratelimit-limit": "100",
        "ratelimit-remaining": "97",
        "ratelimit-reset": "890",
        "set-cookie": [
          "refreshToken=eyJhbGciOiJIUzI1NiIsInR5cCI6IkpXVCJ9.eyJzdWIiOiI4NjllZjUwNS1kMWQ2LTRmMWYtYjRlMS0wZTE5ZjRiOTUzMzMiLCJqdGkiOiI0MjEyZTZkOC0yZjY0LTRiOTMtOGQ0Ny04NmI4YjhiODQ1MjciLCJ0eXBlIjoicmVmcmVzaCIsImlhdCI6MTc4MDYxNDQxNiwiZXhwIjoxNzgxMjE5MjE2fQ.Og4Nj2wZDxwdcO2NcJN_eyKXXcNl9Y6-iA4TQISxSsw; Max-Age=604800; Path=/api/v1/auth; Expires=Thu, 11 Jun 2026 23:06:56 GMT; HttpOnly; SameSite=Strict",
          "csrfToken=4cc6d916-a9f1-44ca-8088-369dc1b54133; Max-Age=604800; Path=/api/v1/auth; Expires=Thu, 11 Jun 2026 23:06:56 GMT; SameSite=Strict"
        ],
        "content-type": "application/json; charset=utf-8",
        "content-length": "1304",
        "etag": "W/\"518-lMmzLiyBQgTuR1SsTqgAPile4Bg\""
      }
    }
    [35mresponseTime[39m: 1515
[2026-06-05 04:36:59.127 +0530] [32mINFO[39m (42336): [36mrequest completed[39m
    [35mreq[39m: {
      "id": 4,
      "method": "POST",
      "url": "/api/v1/organizations/0d1a1d5f-726b-4ccd-a5e7-561cddb32f54/members/invite",
      "query": {},
      "params": {},
      "headers": {
        "host": "127.0.0.1:62405",
        "accept-encoding": "gzip, deflate",
        "content-type": "application/json",
        "content-length": "52",
        "connection": "close"
      },
      "remoteAddress": "::ffff:127.0.0.1",
      "remotePort": 62406
    }
    [35mres[39m: {
      "statusCode": 201,
      "headers": {
        "content-security-policy": "default-src 'self';base-uri 'self';font-src 'self' https: data:;form-action 'self';frame-ancestors 'self';img-src 'self' data:;object-src 'none';script-src 'self';script-src-attr 'none';style-src 'self' https: 'unsafe-inline';upgrade-insecure-requests",
        "cross-origin-opener-policy": "same-origin",
        "cross-origin-resource-policy": "same-origin",
        "origin-agent-cluster": "?1",
        "referrer-policy": "no-referrer",
        "strict-transport-security": "max-age=31536000; includeSubDomains",
        "x-content-type-options": "nosniff",
        "x-dns-prefetch-control": "off",
        "x-download-options": "noopen",
        "x-frame-options": "SAMEORIGIN",
        "x-permitted-cross-domain-policies": "none",
        "x-xss-protection": "0",
        "vary": "Origin",
        "access-control-allow-credentials": "true",
        "ratelimit-policy": "100;w=900",
        "ratelimit-limit": "100",
        "ratelimit-remaining": "96",
        "ratelimit-reset": "888",
        "content-type": "application/json; charset=utf-8",
        "content-length": "493",
        "etag": "W/\"1ed-TLyueHMF3JefePEGAyHJxm7Gfho\""
      }
    }
    [35mresponseTime[39m: 2480
[2026-06-05 04:37:07.498 +0530] [32mINFO[39m (42336): [36mrequest completed[39m
    [35mreq[39m: {
      "id": 5,
      "method": "POST",
      "url": "/api/v1/auth/login",
      "query": {},
      "params": {},
      "headers": {
        "host": "127.0.0.1:60061",
        "accept-encoding": "gzip, deflate",
        "content-type": "application/json",
        "content-length": "64",
        "connection": "close"
      },
      "remoteAddress": "::ffff:127.0.0.1",
      "remotePort": 60062
    }
    [35mres[39m: {
      "statusCode": 200,
      "headers": {
        "content-security-policy": "default-src 'self';base-uri 'self';font-src 'self' https: data:;form-action 'self';frame-ancestors 'self';img-src 'self' data:;object-src 'none';script-src 'self';script-src-attr 'none';style-src 'self' https: 'unsafe-inline';upgrade-insecure-requests",
        "cross-origin-opener-policy": "same-origin",
        "cross-origin-resource-policy": "same-origin",
        "origin-agent-cluster": "?1",
        "referrer-policy": "no-referrer",
        "strict-transport-security": "max-age=31536000; includeSubDomains",
        "x-content-type-options": "nosniff",
        "x-dns-prefetch-control": "off",
        "x-download-options": "noopen",
        "x-frame-options": "SAMEORIGIN",
        "x-permitted-cross-domain-policies": "none",
        "x-xss-protection": "0",
        "vary": "Origin",
        "access-control-allow-credentials": "true",
        "ratelimit-policy": "100;w=900",
        "ratelimit-limit": "100",
        "ratelimit-remaining": "95",
        "ratelimit-reset": "879",
        "set-cookie": [
          "refreshToken=eyJhbGciOiJIUzI1NiIsInR5cCI6IkpXVCJ9.eyJzdWIiOiI5MzZmMjUzYy02OWQ2LTQ5NGUtYTc2ZC01NzllMjA1ZjFmNmMiLCJqdGkiOiJiZGQyYjllZS1iMzFlLTQxOTEtOTFmOS02NDAzYTI5ZTAyMzEiLCJ0eXBlIjoicmVmcmVzaCIsImlhdCI6MTc4MDYxNDQyNywiZXhwIjoxNzgxMjE5MjI3fQ.ujNgGjVmpQ5rY9eqUG6IZ9VRQjiXavRk40X8zky2jM0; Max-Age=604800; Path=/api/v1/auth; Expires=Thu, 11 Jun 2026 23:07:07 GMT; HttpOnly; SameSite=Strict",
          "csrfToken=b55a9a38-5cf7-466c-8cd4-5e9b212dc742; Max-Age=604800; Path=/api/v1/auth; Expires=Thu, 11 Jun 2026 23:07:07 GMT; SameSite=Strict"
        ],
        "content-type": "application/json; charset=utf-8",
        "content-length": "1293",
        "etag": "W/\"50d-/0q3XTkVdTrh4Uq2zSrjy+H0YbA\""
      }
    }
    [35mresponseTime[39m: 1517
PASS tests/integration/permissions/roleAccess.test.ts (39.106 s)
  ● Console

    console.log
      ◇ injected env (15) from .env.test // tip: ⌁ auth for agents [www.vestauth.com]

      at _log (node_modules/dotenv/lib/main.js:131:11)

    console.log
      ◇ injected env (2) from .env // tip: ⌘ multiple files { path: ['.env.local', '.env'] }

      at _log (node_modules/dotenv/lib/main.js:131:11)

[2026-06-05 04:37:11.701 +0530] [32mINFO[39m (42336): [36mrequest completed[39m
    [35mreq[39m: {
      "id": 6,
      "method": "POST",
      "url": "/api/v1/organizations/68cafeaa-2022-478d-8660-eabd16e0001b/transfer-ownership",
      "query": {},
      "params": {},
      "headers": {
        "host": "127.0.0.1:60063",
        "accept-encoding": "gzip, deflate",
        "content-type": "application/json",
        "content-length": "51",
        "connection": "close"
      },
      "remoteAddress": "::ffff:127.0.0.1",
      "remotePort": 60064
    }
    [35mres[39m: {
      "statusCode": 200,
      "headers": {
        "content-security-policy": "default-src 'self';base-uri 'self';font-src 'self' https: data:;form-action 'self';frame-ancestors 'self';img-src 'self' data:;object-src 'none';script-src 'self';script-src-attr 'none';style-src 'self' https: 'unsafe-inline';upgrade-insecure-requests",
        "cross-origin-opener-policy": "same-origin",
        "cross-origin-resource-policy": "same-origin",
        "origin-agent-cluster": "?1",
        "referrer-policy": "no-referrer",
        "strict-transport-security": "max-age=31536000; includeSubDomains",
        "x-content-type-options": "nosniff",
        "x-dns-prefetch-control": "off",
        "x-download-options": "noopen",
        "x-frame-options": "SAMEORIGIN",
        "x-permitted-cross-domain-policies": "none",
        "x-xss-protection": "0",
        "vary": "Origin",
        "access-control-allow-credentials": "true",
        "ratelimit-policy": "100;w=900",
        "ratelimit-limit": "100",
        "ratelimit-remaining": "94",
        "ratelimit-reset": "878",
        "content-type": "application/json; charset=utf-8",
        "content-length": "50",
        "etag": "W/\"32-4ClM/GCMTOs/OGlvZEiAiBem/Zg\""
      }
    }
    [35mresponseTime[39m: 4199
[2026-06-05 04:37:11.921 +0530] [32mINFO[39m (42336): [36mQueue mail-queue closed[39m
[2026-06-05 04:37:11.921 +0530] [32mINFO[39m (42336): [36mQueue pdf-generation-queue closed[39m
[2026-06-05 04:37:11.921 +0530] [32mINFO[39m (42336): [36mQueue storage-cleanup-queue closed[39m
[2026-06-05 04:37:11.921 +0530] [32mINFO[39m (42336): [36mQueue reports-queue closed[39m
[2026-06-05 04:37:11.921 +0530] [32mINFO[39m (42336): [36mQueue audit-exports-queue closed[39m
[2026-06-05 04:37:11.955 +0530] [32mINFO[39m (42336): [36mQueue Redis connection closed[39m
[2026-06-05 04:37:11.976 +0530] [33mWARN[39m (42336): [36mRedis connection closed[39m
[2026-06-05 04:37:14.533 +0530] [32mINFO[39m (42336): [36mQueue Redis connected successfully[39m
[2026-06-05 04:37:14.848 +0530] [32mINFO[39m (42336): [36mRedis connecting...[39m
[2026-06-05 04:37:14.872 +0530] [32mINFO[39m (42336): [36mRedis connected[39m
[2026-06-05 04:37:17.244 +0530] [32mINFO[39m (42336): [36mrequest completed[39m
    [35mreq[39m: {
      "id": 1,
      "method": "POST",
      "url": "/api/v1/auth/login",
      "query": {},
      "params": {},
      "headers": {
        "host": "127.0.0.1:52972",
        "accept-encoding": "gzip, deflate",
        "content-type": "application/json",
        "content-length": "69",
        "connection": "close"
      },
      "remoteAddress": "::ffff:127.0.0.1",
      "remotePort": 52973
    }
    [35mres[39m: {
      "statusCode": 200,
      "headers": {
        "content-security-policy": "default-src 'self';base-uri 'self';font-src 'self' https: data:;form-action 'self';frame-ancestors 'self';img-src 'self' data:;object-src 'none';script-src 'self';script-src-attr 'none';style-src 'self' https: 'unsafe-inline';upgrade-insecure-requests",
        "cross-origin-opener-policy": "same-origin",
        "cross-origin-resource-policy": "same-origin",
        "origin-agent-cluster": "?1",
        "referrer-policy": "no-referrer",
        "strict-transport-security": "max-age=31536000; includeSubDomains",
        "x-content-type-options": "nosniff",
        "x-dns-prefetch-control": "off",
        "x-download-options": "noopen",
        "x-frame-options": "SAMEORIGIN",
        "x-permitted-cross-domain-policies": "none",
        "x-xss-protection": "0",
        "vary": "Origin",
        "access-control-allow-credentials": "true",
        "ratelimit-policy": "100;w=900",
        "ratelimit-limit": "100",
        "ratelimit-remaining": "99",
        "ratelimit-reset": "900",
        "set-cookie": [
          "refreshToken=eyJhbGciOiJIUzI1NiIsInR5cCI6IkpXVCJ9.eyJzdWIiOiI0ZDg1OGVmMi1lYTcwLTQ3YmEtODc2Ny1kODU4ZTk4ZTI4NTMiLCJqdGkiOiIzNmQ3NmUxMy1lNzVlLTQ2NzctYWQ4OC1hZWY0OTU2Y2I1MmMiLCJ0eXBlIjoicmVmcmVzaCIsImlhdCI6MTc4MDYxNDQzNiwiZXhwIjoxNzgxMjE5MjM2fQ.nX0buEQ-rJ-P9oe9ivQaTr9XBQ8vXnW-pg9K22OxU_M; Max-Age=604800; Path=/api/v1/auth; Expires=Thu, 11 Jun 2026 23:07:17 GMT; HttpOnly; SameSite=Strict",
          "csrfToken=334377fd-20dd-47ab-93f7-afc6313aaac9; Max-Age=604800; Path=/api/v1/auth; Expires=Thu, 11 Jun 2026 23:07:17 GMT; SameSite=Strict"
        ],
        "content-type": "application/json; charset=utf-8",
        "content-length": "519",
        "etag": "W/\"207-iKTBrBLmlCPclnFxOzeu5ASk/Rg\""
      }
    }
    [35mresponseTime[39m: 1057
[2026-06-05 04:37:28.916 +0530] [32mINFO[39m (42336): [36mrequest completed[39m
    [35mreq[39m: {
      "id": 2,
      "method": "POST",
      "url": "/api/v1/auth/login",
      "query": {},
      "params": {},
      "headers": {
        "host": "127.0.0.1:52977",
        "accept-encoding": "gzip, deflate",
        "content-type": "application/json",
        "content-length": "69",
        "connection": "close"
      },
      "remoteAddress": "::ffff:127.0.0.1",
      "remotePort": 52978
    }
    [35mres[39m: {
      "statusCode": 200,
      "headers": {
        "content-security-policy": "default-src 'self';base-uri 'self';font-src 'self' https: data:;form-action 'self';frame-ancestors 'self';img-src 'self' data:;object-src 'none';script-src 'self';script-src-attr 'none';style-src 'self' https: 'unsafe-inline';upgrade-insecure-requests",
        "cross-origin-opener-policy": "same-origin",
        "cross-origin-resource-policy": "same-origin",
        "origin-agent-cluster": "?1",
        "referrer-policy": "no-referrer",
        "strict-transport-security": "max-age=31536000; includeSubDomains",
        "x-content-type-options": "nosniff",
        "x-dns-prefetch-control": "off",
        "x-download-options": "noopen",
        "x-frame-options": "SAMEORIGIN",
        "x-permitted-cross-domain-policies": "none",
        "x-xss-protection": "0",
        "vary": "Origin",
        "access-control-allow-credentials": "true",
        "ratelimit-policy": "100;w=900",
        "ratelimit-limit": "100",
        "ratelimit-remaining": "98",
        "ratelimit-reset": "889",
        "set-cookie": [
          "refreshToken=eyJhbGciOiJIUzI1NiIsInR5cCI6IkpXVCJ9.eyJzdWIiOiI4MTA5MWZiMC1iNTAyLTQ5ZWMtYWNhMi0wMmYwOTI5YWM5YjMiLCJqdGkiOiJhODU1YmQxZS1hNTI1LTQzYjItYmFjYi0yMDM0YmJmOTUxNDYiLCJ0eXBlIjoicmVmcmVzaCIsImlhdCI6MTc4MDYxNDQ0OCwiZXhwIjoxNzgxMjE5MjQ4fQ.dKNaskVakjLl-pBZSm6R-n5_nH4oidlwTz4mMTeuqNA; Max-Age=604800; Path=/api/v1/auth; Expires=Thu, 11 Jun 2026 23:07:28 GMT; HttpOnly; SameSite=Strict",
          "csrfToken=9b2e26df-8fc9-46cc-bd6e-02fd1f9d64e2; Max-Age=604800; Path=/api/v1/auth; Expires=Thu, 11 Jun 2026 23:07:28 GMT; SameSite=Strict"
        ],
        "content-type": "application/json; charset=utf-8",
        "content-length": "519",
        "etag": "W/\"207-cM0cZpJKxYHGMGQZK1RVBuWN260\""
      }
    }
    [35mresponseTime[39m: 786
[2026-06-05 04:37:39.054 +0530] [32mINFO[39m (42336): [36mrequest completed[39m
    [35mreq[39m: {
      "id": 3,
      "method": "POST",
      "url": "/api/v1/auth/login",
      "query": {},
      "params": {},
      "headers": {
        "host": "127.0.0.1:52979",
        "accept-encoding": "gzip, deflate",
        "content-type": "application/json",
        "content-length": "69",
        "connection": "close"
      },
      "remoteAddress": "::ffff:127.0.0.1",
      "remotePort": 52980
    }
    [35mres[39m: {
      "statusCode": 200,
      "headers": {
        "content-security-policy": "default-src 'self';base-uri 'self';font-src 'self' https: data:;form-action 'self';frame-ancestors 'self';img-src 'self' data:;object-src 'none';script-src 'self';script-src-attr 'none';style-src 'self' https: 'unsafe-inline';upgrade-insecure-requests",
        "cross-origin-opener-policy": "same-origin",
        "cross-origin-resource-policy": "same-origin",
        "origin-agent-cluster": "?1",
        "referrer-policy": "no-referrer",
        "strict-transport-security": "max-age=31536000; includeSubDomains",
        "x-content-type-options": "nosniff",
        "x-dns-prefetch-control": "off",
        "x-download-options": "noopen",
        "x-frame-options": "SAMEORIGIN",
        "x-permitted-cross-domain-policies": "none",
        "x-xss-protection": "0",
        "vary": "Origin",
        "access-control-allow-credentials": "true",
        "ratelimit-policy": "100;w=900",
        "ratelimit-limit": "100",
        "ratelimit-remaining": "97",
        "ratelimit-reset": "878",
        "set-cookie": [
          "refreshToken=eyJhbGciOiJIUzI1NiIsInR5cCI6IkpXVCJ9.eyJzdWIiOiIzM2JkZGE5Zi04YTQxLTRmNmEtYWQ4ZC05NGRmYjVjYmJiOTEiLCJqdGkiOiI5NDYwODliMi1jYjM2LTRkYzktOWUyZi05M2Y5NTkxZmM0MmEiLCJ0eXBlIjoicmVmcmVzaCIsImlhdCI6MTc4MDYxNDQ1OCwiZXhwIjoxNzgxMjE5MjU4fQ.oSG8pNtlFf_VZPj_ruwH8o4tAWqx9YqLpjcUTWmQ-gY; Max-Age=604800; Path=/api/v1/auth; Expires=Thu, 11 Jun 2026 23:07:39 GMT; HttpOnly; SameSite=Strict",
          "csrfToken=6d46afff-66eb-41f3-837a-4ede17eed93e; Max-Age=604800; Path=/api/v1/auth; Expires=Thu, 11 Jun 2026 23:07:39 GMT; SameSite=Strict"
        ],
        "content-type": "application/json; charset=utf-8",
        "content-length": "519",
        "etag": "W/\"207-/KOwc4l+JlDER6TpjpY7kwTvw7U\""
      }
    }
    [35mresponseTime[39m: 826
PASS tests/integration/reports/sales-report.test.ts (35.503 s)
  ● Console

    console.log
      ◇ injected env (15) from .env.test // tip: ⌘ multiple files { path: ['.env.local', '.env'] }

      at _log (node_modules/dotenv/lib/main.js:131:11)

    console.log
      ◇ injected env (2) from .env // tip: ◈ encrypted .env [www.dotenvx.com]

      at _log (node_modules/dotenv/lib/main.js:131:11)

[2026-06-05 04:37:47.607 +0530] [32mINFO[39m (42336): [36mQueue mail-queue closed[39m
[2026-06-05 04:37:47.607 +0530] [32mINFO[39m (42336): [36mQueue pdf-generation-queue closed[39m
[2026-06-05 04:37:47.607 +0530] [32mINFO[39m (42336): [36mQueue storage-cleanup-queue closed[39m
[2026-06-05 04:37:47.607 +0530] [32mINFO[39m (42336): [36mQueue reports-queue closed[39m
[2026-06-05 04:37:47.607 +0530] [32mINFO[39m (42336): [36mQueue audit-exports-queue closed[39m
[2026-06-05 04:37:47.626 +0530] [32mINFO[39m (42336): [36mQueue Redis connection closed[39m
[2026-06-05 04:37:47.656 +0530] [33mWARN[39m (42336): [36mRedis connection closed[39m
[2026-06-05 04:37:49.661 +0530] [32mINFO[39m (42336): [36mQueue Redis connected successfully[39m
[2026-06-05 04:37:49.869 +0530] [32mINFO[39m (42336): [36mRedis connecting...[39m
[2026-06-05 04:37:49.892 +0530] [32mINFO[39m (42336): [36mRedis connected[39m
[2026-06-05 04:37:52.325 +0530] [32mINFO[39m (42336): [36mrequest completed[39m
    [35mreq[39m: {
      "id": 1,
      "method": "POST",
      "url": "/api/v1/auth/login",
      "query": {},
      "params": {},
      "headers": {
        "host": "127.0.0.1:51049",
        "accept-encoding": "gzip, deflate",
        "content-type": "application/json",
        "content-length": "62",
        "connection": "close"
      },
      "remoteAddress": "::ffff:127.0.0.1",
      "remotePort": 51050
    }
    [35mres[39m: {
      "statusCode": 200,
      "headers": {
        "content-security-policy": "default-src 'self';base-uri 'self';font-src 'self' https: data:;form-action 'self';frame-ancestors 'self';img-src 'self' data:;object-src 'none';script-src 'self';script-src-attr 'none';style-src 'self' https: 'unsafe-inline';upgrade-insecure-requests",
        "cross-origin-opener-policy": "same-origin",
        "cross-origin-resource-policy": "same-origin",
        "origin-agent-cluster": "?1",
        "referrer-policy": "no-referrer",
        "strict-transport-security": "max-age=31536000; includeSubDomains",
        "x-content-type-options": "nosniff",
        "x-dns-prefetch-control": "off",
        "x-download-options": "noopen",
        "x-frame-options": "SAMEORIGIN",
        "x-permitted-cross-domain-policies": "none",
        "x-xss-protection": "0",
        "vary": "Origin",
        "access-control-allow-credentials": "true",
        "ratelimit-policy": "100;w=900",
        "ratelimit-limit": "100",
        "ratelimit-remaining": "99",
        "ratelimit-reset": "900",
        "set-cookie": [
          "refreshToken=eyJhbGciOiJIUzI1NiIsInR5cCI6IkpXVCJ9.eyJzdWIiOiI5YWVkMjQ4Zi04ZDhlLTRlMDMtYWIzZC04ZTExZWM0Mzk3NmIiLCJqdGkiOiI1OWEwZWJhYy0zMDk2LTQ0NzgtOTljYS01ODU2MTM0ZmI2MDAiLCJ0eXBlIjoicmVmcmVzaCIsImlhdCI6MTc4MDYxNDQ3MiwiZXhwIjoxNzgxMjE5MjcyfQ.cKDuNWtb9lD5Gmh_v9wr2N4abrG_NOOYuT5QJDNAbR8; Max-Age=604800; Path=/api/v1/auth; Expires=Thu, 11 Jun 2026 23:07:52 GMT; HttpOnly; SameSite=Strict",
          "csrfToken=b0af5feb-19bd-486d-9f74-4eb9efbb999e; Max-Age=604800; Path=/api/v1/auth; Expires=Thu, 11 Jun 2026 23:07:52 GMT; SameSite=Strict"
        ],
        "content-type": "application/json; charset=utf-8",
        "content-length": "512",
        "etag": "W/\"200-OB1XwVFoTAIlPUVYLEudiBufNB4\""
      }
    }
    [35mresponseTime[39m: 976
[2026-06-05 04:37:52.368 +0530] [32mINFO[39m (42336): [36mrequest completed[39m
    [35mreq[39m: {
      "id": 2,
      "method": "GET",
      "url": "/api/v1/roles",
      "query": {},
      "params": {},
      "headers": {
        "host": "127.0.0.1:51051",
        "accept-encoding": "gzip, deflate",
        "connection": "close"
      },
      "remoteAddress": "::ffff:127.0.0.1",
      "remotePort": 51052
    }
    [35mres[39m: {
      "statusCode": 400,
      "headers": {
        "content-security-policy": "default-src 'self';base-uri 'self';font-src 'self' https: data:;form-action 'self';frame-ancestors 'self';img-src 'self' data:;object-src 'none';script-src 'self';script-src-attr 'none';style-src 'self' https: 'unsafe-inline';upgrade-insecure-requests",
        "cross-origin-opener-policy": "same-origin",
        "cross-origin-resource-policy": "same-origin",
        "origin-agent-cluster": "?1",
        "referrer-policy": "no-referrer",
        "strict-transport-security": "max-age=31536000; includeSubDomains",
        "x-content-type-options": "nosniff",
        "x-dns-prefetch-control": "off",
        "x-download-options": "noopen",
        "x-frame-options": "SAMEORIGIN",
        "x-permitted-cross-domain-policies": "none",
        "x-xss-protection": "0",
        "vary": "Origin",
        "access-control-allow-credentials": "true",
        "ratelimit-policy": "100;w=900",
        "ratelimit-limit": "100",
        "ratelimit-remaining": "98",
        "ratelimit-reset": "900",
        "content-type": "application/json; charset=utf-8",
        "content-length": "74",
        "etag": "W/\"4a-1g1ZG2k3q3rxck7mreNYzVIohak\""
      }
    }
    [35mresponseTime[39m: 37
[2026-06-05 04:38:00.752 +0530] [32mINFO[39m (42336): [36mrequest completed[39m
    [35mreq[39m: {
      "id": 3,
      "method": "POST",
      "url": "/api/v1/auth/login",
      "query": {},
      "params": {},
      "headers": {
        "host": "127.0.0.1:51053",
        "accept-encoding": "gzip, deflate",
        "content-type": "application/json",
        "content-length": "62",
        "connection": "close"
      },
      "remoteAddress": "::ffff:127.0.0.1",
      "remotePort": 51054
    }
    [35mres[39m: {
      "statusCode": 200,
      "headers": {
        "content-security-policy": "default-src 'self';base-uri 'self';font-src 'self' https: data:;form-action 'self';frame-ancestors 'self';img-src 'self' data:;object-src 'none';script-src 'self';script-src-attr 'none';style-src 'self' https: 'unsafe-inline';upgrade-insecure-requests",
        "cross-origin-opener-policy": "same-origin",
        "cross-origin-resource-policy": "same-origin",
        "origin-agent-cluster": "?1",
        "referrer-policy": "no-referrer",
        "strict-transport-security": "max-age=31536000; includeSubDomains",
        "x-content-type-options": "nosniff",
        "x-dns-prefetch-control": "off",
        "x-download-options": "noopen",
        "x-frame-options": "SAMEORIGIN",
        "x-permitted-cross-domain-policies": "none",
        "x-xss-protection": "0",
        "vary": "Origin",
        "access-control-allow-credentials": "true",
        "ratelimit-policy": "100;w=900",
        "ratelimit-limit": "100",
        "ratelimit-remaining": "97",
        "ratelimit-reset": "892",
        "set-cookie": [
          "refreshToken=eyJhbGciOiJIUzI1NiIsInR5cCI6IkpXVCJ9.eyJzdWIiOiI4MjMwOThjZi04ODZiLTRkY2QtYjg5OS0yMjAzNGVhYzQwMTYiLCJqdGkiOiIxYWRlZWZlYS02NmVjLTQxZjctOGFiYS03NDU5NTI4YTM1MWMiLCJ0eXBlIjoicmVmcmVzaCIsImlhdCI6MTc4MDYxNDQ4MCwiZXhwIjoxNzgxMjE5MjgwfQ.PXx7Kc1_-op2oXSztH3cNkuO2wx03dmZXcpkUTe1YB4; Max-Age=604800; Path=/api/v1/auth; Expires=Thu, 11 Jun 2026 23:08:00 GMT; HttpOnly; SameSite=Strict",
          "csrfToken=060f6b57-83f5-4450-8656-a90632651382; Max-Age=604800; Path=/api/v1/auth; Expires=Thu, 11 Jun 2026 23:08:00 GMT; SameSite=Strict"
        ],
        "content-type": "application/json; charset=utf-8",
        "content-length": "1318",
        "etag": "W/\"526-Lky/KENtLxLlKzMinAkC086nNYE\""
      }
    }
    [35mresponseTime[39m: 1215
[2026-06-05 04:38:02.176 +0530] [32mINFO[39m (42336): [36mrequest completed[39m
    [35mreq[39m: {
      "id": 4,
      "method": "POST",
      "url": "/api/v1/roles",
      "query": {},
      "params": {},
      "headers": {
        "host": "127.0.0.1:51055",
        "accept-encoding": "gzip, deflate",
        "content-type": "application/json",
        "content-length": "58",
        "connection": "close"
      },
      "remoteAddress": "::ffff:127.0.0.1",
      "remotePort": 51056
    }
    [35mres[39m: {
      "statusCode": 403,
      "headers": {
        "content-security-policy": "default-src 'self';base-uri 'self';font-src 'self' https: data:;form-action 'self';frame-ancestors 'self';img-src 'self' data:;object-src 'none';script-src 'self';script-src-attr 'none';style-src 'self' https: 'unsafe-inline';upgrade-insecure-requests",
        "cross-origin-opener-policy": "same-origin",
        "cross-origin-resource-policy": "same-origin",
        "origin-agent-cluster": "?1",
        "referrer-policy": "no-referrer",
        "strict-transport-security": "max-age=31536000; includeSubDomains",
        "x-content-type-options": "nosniff",
        "x-dns-prefetch-control": "off",
        "x-download-options": "noopen",
        "x-frame-options": "SAMEORIGIN",
        "x-permitted-cross-domain-policies": "none",
        "x-xss-protection": "0",
        "vary": "Origin",
        "access-control-allow-credentials": "true",
        "ratelimit-policy": "100;w=900",
        "ratelimit-limit": "100",
        "ratelimit-remaining": "96",
        "ratelimit-reset": "891",
        "content-type": "application/json; charset=utf-8",
        "content-length": "66",
        "etag": "W/\"42-YVIT8MPpn06BYRaTp0m7+8eZQ+M\""
      }
    }
    [35mresponseTime[39m: 1419
PASS tests/integration/permissions/permissionMiddleware.test.ts (25.099 s)
  ● Console

    console.log
      ◇ injected env (15) from .env.test // tip: ◈ encrypted .env [www.dotenvx.com]

      at _log (node_modules/dotenv/lib/main.js:131:11)

    console.log
      ◇ injected env (2) from .env // tip: ⌘ suppress logs { quiet: true }

      at _log (node_modules/dotenv/lib/main.js:131:11)

[2026-06-05 04:38:12.780 +0530] [32mINFO[39m (42336): [36mrequest completed[39m
    [35mreq[39m: {
      "id": 5,
      "method": "POST",
      "url": "/api/v1/auth/login",
      "query": {},
      "params": {},
      "headers": {
        "host": "127.0.0.1:49670",
        "accept-encoding": "gzip, deflate",
        "content-type": "application/json",
        "content-length": "65",
        "connection": "close"
      },
      "remoteAddress": "::ffff:127.0.0.1",
      "remotePort": 49671
    }
    [35mres[39m: {
      "statusCode": 200,
      "headers": {
        "content-security-policy": "default-src 'self';base-uri 'self';font-src 'self' https: data:;form-action 'self';frame-ancestors 'self';img-src 'self' data:;object-src 'none';script-src 'self';script-src-attr 'none';style-src 'self' https: 'unsafe-inline';upgrade-insecure-requests",
        "cross-origin-opener-policy": "same-origin",
        "cross-origin-resource-policy": "same-origin",
        "origin-agent-cluster": "?1",
        "referrer-policy": "no-referrer",
        "strict-transport-security": "max-age=31536000; includeSubDomains",
        "x-content-type-options": "nosniff",
        "x-dns-prefetch-control": "off",
        "x-download-options": "noopen",
        "x-frame-options": "SAMEORIGIN",
        "x-permitted-cross-domain-policies": "none",
        "x-xss-protection": "0",
        "vary": "Origin",
        "access-control-allow-credentials": "true",
        "ratelimit-policy": "100;w=900",
        "ratelimit-limit": "100",
        "ratelimit-remaining": "95",
        "ratelimit-reset": "880",
        "set-cookie": [
          "refreshToken=eyJhbGciOiJIUzI1NiIsInR5cCI6IkpXVCJ9.eyJzdWIiOiI5MGUwNzk0ZC0wMTdjLTQ0OTMtODkzMi1mNDU3NjdhNTI1YTYiLCJqdGkiOiJiNGExNzEyYS1iOWM3LTQ4OWUtYTBjMC1kNDBjNzYwZDFhYzgiLCJ0eXBlIjoicmVmcmVzaCIsImlhdCI6MTc4MDYxNDQ5MiwiZXhwIjoxNzgxMjE5MjkyfQ.6dqtNJvtI5h3797PlEnnE3Ijb8mM-eBWcepJbC7GBl0; Max-Age=604800; Path=/api/v1/auth; Expires=Thu, 11 Jun 2026 23:08:12 GMT; HttpOnly; SameSite=Strict",
          "csrfToken=960b1756-4a61-415f-b264-f1989d55913f; Max-Age=604800; Path=/api/v1/auth; Expires=Thu, 11 Jun 2026 23:08:12 GMT; SameSite=Strict"
        ],
        "content-type": "application/json; charset=utf-8",
        "content-length": "1573",
        "etag": "W/\"625-Tg3dZXypy6MizLMSM49UVbogkFo\""
      }
    }
    [35mresponseTime[39m: 1360
[2026-06-05 04:38:12.813 +0530] [32mINFO[39m (42336): [36mrequest completed[39m
    [35mreq[39m: {
      "id": 6,
      "method": "GET",
      "url": "/api/v1/permissions",
      "query": {},
      "params": {},
      "headers": {
        "host": "127.0.0.1:49672",
        "accept-encoding": "gzip, deflate",
        "x-organization-id": "54a97fe9-70b9-492f-8e11-41fae376e5ba",
        "connection": "close"
      },
      "remoteAddress": "::ffff:127.0.0.1",
      "remotePort": 49674
    }
    [35mres[39m: {
      "statusCode": 403,
      "headers": {
        "content-security-policy": "default-src 'self';base-uri 'self';font-src 'self' https: data:;form-action 'self';frame-ancestors 'self';img-src 'self' data:;object-src 'none';script-src 'self';script-src-attr 'none';style-src 'self' https: 'unsafe-inline';upgrade-insecure-requests",
        "cross-origin-opener-policy": "same-origin",
        "cross-origin-resource-policy": "same-origin",
        "origin-agent-cluster": "?1",
        "referrer-policy": "no-referrer",
        "strict-transport-security": "max-age=31536000; includeSubDomains",
        "x-content-type-options": "nosniff",
        "x-dns-prefetch-control": "off",
        "x-download-options": "noopen",
        "x-frame-options": "SAMEORIGIN",
        "x-permitted-cross-domain-policies": "none",
        "x-xss-protection": "0",
        "vary": "Origin",
        "access-control-allow-credentials": "true",
        "ratelimit-policy": "100;w=900",
        "ratelimit-limit": "100",
        "ratelimit-remaining": "94",
        "ratelimit-reset": "879",
        "content-type": "application/json; charset=utf-8",
        "content-length": "94",
        "etag": "W/\"5e-r++TTk1ETl3L3M37HLXv+odMSdM\""
      }
    }
    [35mresponseTime[39m: 24
[2026-06-05 04:38:12.818 +0530] [32mINFO[39m (42336): [36mQueue mail-queue closed[39m
[2026-06-05 04:38:12.818 +0530] [32mINFO[39m (42336): [36mQueue pdf-generation-queue closed[39m
[2026-06-05 04:38:12.818 +0530] [32mINFO[39m (42336): [36mQueue storage-cleanup-queue closed[39m
[2026-06-05 04:38:12.818 +0530] [32mINFO[39m (42336): [36mQueue reports-queue closed[39m
[2026-06-05 04:38:12.818 +0530] [32mINFO[39m (42336): [36mQueue audit-exports-queue closed[39m
[2026-06-05 04:38:12.839 +0530] [32mINFO[39m (42336): [36mQueue Redis connection closed[39m
[2026-06-05 04:38:12.906 +0530] [33mWARN[39m (42336): [36mRedis connection closed[39m
[2026-06-05 04:38:16.353 +0530] [32mINFO[39m (42336): [36mQueue Redis connected successfully[39m
[2026-06-05 04:38:16.724 +0530] [32mINFO[39m (42336): [36mRedis connecting...[39m
[2026-06-05 04:38:16.748 +0530] [32mINFO[39m (42336): [36mRedis connected[39m
[2026-06-05 04:38:19.364 +0530] [32mINFO[39m (42336): [36mrequest completed[39m
    [35mreq[39m: {
      "id": 1,
      "method": "POST",
      "url": "/api/v1/auth/login",
      "query": {},
      "params": {},
      "headers": {
        "host": "127.0.0.1:49678",
        "accept-encoding": "gzip, deflate",
        "content-type": "application/json",
        "content-length": "73",
        "connection": "close"
      },
      "remoteAddress": "::ffff:127.0.0.1",
      "remotePort": 49679
    }
    [35mres[39m: {
      "statusCode": 200,
      "headers": {
        "content-security-policy": "default-src 'self';base-uri 'self';font-src 'self' https: data:;form-action 'self';frame-ancestors 'self';img-src 'self' data:;object-src 'none';script-src 'self';script-src-attr 'none';style-src 'self' https: 'unsafe-inline';upgrade-insecure-requests",
        "cross-origin-opener-policy": "same-origin",
        "cross-origin-resource-policy": "same-origin",
        "origin-agent-cluster": "?1",
        "referrer-policy": "no-referrer",
        "strict-transport-security": "max-age=31536000; includeSubDomains",
        "x-content-type-options": "nosniff",
        "x-dns-prefetch-control": "off",
        "x-download-options": "noopen",
        "x-frame-options": "SAMEORIGIN",
        "x-permitted-cross-domain-policies": "none",
        "x-xss-protection": "0",
        "vary": "Origin",
        "access-control-allow-credentials": "true",
        "ratelimit-policy": "100;w=900",
        "ratelimit-limit": "100",
        "ratelimit-remaining": "99",
        "ratelimit-reset": "900",
        "set-cookie": [
          "refreshToken=eyJhbGciOiJIUzI1NiIsInR5cCI6IkpXVCJ9.eyJzdWIiOiI4MTc5OTQxYy05NzAzLTQwOTItOWNmMS0zYmRhOWZhY2E0NWYiLCJqdGkiOiI5NWZkYTFmOS02ZTNiLTRkNWItOTZjZC0zYWJlMWQ0M2E0NTQiLCJ0eXBlIjoicmVmcmVzaCIsImlhdCI6MTc4MDYxNDQ5OSwiZXhwIjoxNzgxMjE5Mjk5fQ.jd0OpjjX_CJodWtOXjTVfjjB3Ca2UwmySfJy-tAm6nM; Max-Age=604800; Path=/api/v1/auth; Expires=Thu, 11 Jun 2026 23:08:19 GMT; HttpOnly; SameSite=Strict",
          "csrfToken=6ba84121-3e2f-4b17-9739-6e686bddad73; Max-Age=604800; Path=/api/v1/auth; Expires=Thu, 11 Jun 2026 23:08:19 GMT; SameSite=Strict"
        ],
        "content-type": "application/json; charset=utf-8",
        "content-length": "523",
        "etag": "W/\"20b-q6ulrSnHEdBFxAzXIT/fdEWlg+8\""
      }
    }
    [35mresponseTime[39m: 1128
[2026-06-05 04:38:31.026 +0530] [32mINFO[39m (42336): [36mrequest completed[39m
    [35mreq[39m: {
      "id": 2,
      "method": "POST",
      "url": "/api/v1/auth/login",
      "query": {},
      "params": {},
      "headers": {
        "host": "127.0.0.1:49680",
        "accept-encoding": "gzip, deflate",
        "content-type": "application/json",
        "content-length": "73",
        "connection": "close"
      },
      "remoteAddress": "::ffff:127.0.0.1",
      "remotePort": 49681
    }
    [35mres[39m: {
      "statusCode": 200,
      "headers": {
        "content-security-policy": "default-src 'self';base-uri 'self';font-src 'self' https: data:;form-action 'self';frame-ancestors 'self';img-src 'self' data:;object-src 'none';script-src 'self';script-src-attr 'none';style-src 'self' https: 'unsafe-inline';upgrade-insecure-requests",
        "cross-origin-opener-policy": "same-origin",
        "cross-origin-resource-policy": "same-origin",
        "origin-agent-cluster": "?1",
        "referrer-policy": "no-referrer",
        "strict-transport-security": "max-age=31536000; includeSubDomains",
        "x-content-type-options": "nosniff",
        "x-dns-prefetch-control": "off",
        "x-download-options": "noopen",
        "x-frame-options": "SAMEORIGIN",
        "x-permitted-cross-domain-policies": "none",
        "x-xss-protection": "0",
        "vary": "Origin",
        "access-control-allow-credentials": "true",
        "ratelimit-policy": "100;w=900",
        "ratelimit-limit": "100",
        "ratelimit-remaining": "98",
        "ratelimit-reset": "888",
        "set-cookie": [
          "refreshToken=eyJhbGciOiJIUzI1NiIsInR5cCI6IkpXVCJ9.eyJzdWIiOiI3NmJlNjhjNi1kMWI4LTRjOTktODNlMy1kNWU3MDI2ZDY3MzIiLCJqdGkiOiI3YjAxOTczMC03MTdmLTQ3YjQtOWQ5Ny04YmRlOWI5M2Y5MjgiLCJ0eXBlIjoicmVmcmVzaCIsImlhdCI6MTc4MDYxNDUxMCwiZXhwIjoxNzgxMjE5MzEwfQ.XfmRELMBkZzWcYOrPlddpMIvdRHmgJc_HS3Gc7XAB1A; Max-Age=604800; Path=/api/v1/auth; Expires=Thu, 11 Jun 2026 23:08:31 GMT; HttpOnly; SameSite=Strict",
          "csrfToken=8e507f28-5761-4be8-a349-414a82f075a2; Max-Age=604800; Path=/api/v1/auth; Expires=Thu, 11 Jun 2026 23:08:31 GMT; SameSite=Strict"
        ],
        "content-type": "application/json; charset=utf-8",
        "content-length": "523",
        "etag": "W/\"20b-D1bBheD5lMfeljekJIjG876ATUk\""
      }
    }
    [35mresponseTime[39m: 707
PASS tests/integration/reports/inventory-report.test.ts (25.994 s)
  ● Console

    console.log
      ◇ injected env (15) from .env.test // tip: ◈ encrypted .env [www.dotenvx.com]

      at _log (node_modules/dotenv/lib/main.js:131:11)

    console.log
      ◇ injected env (2) from .env // tip: ⌘ suppress logs { quiet: true }

      at _log (node_modules/dotenv/lib/main.js:131:11)

[2026-06-05 04:38:38.962 +0530] [32mINFO[39m (42336): [36mQueue mail-queue closed[39m
[2026-06-05 04:38:38.963 +0530] [32mINFO[39m (42336): [36mQueue pdf-generation-queue closed[39m
[2026-06-05 04:38:38.963 +0530] [32mINFO[39m (42336): [36mQueue storage-cleanup-queue closed[39m
[2026-06-05 04:38:38.963 +0530] [32mINFO[39m (42336): [36mQueue reports-queue closed[39m
[2026-06-05 04:38:38.963 +0530] [32mINFO[39m (42336): [36mQueue audit-exports-queue closed[39m
[2026-06-05 04:38:39.063 +0530] [32mINFO[39m (42336): [36mQueue Redis connection closed[39m
[2026-06-05 04:38:39.165 +0530] [33mWARN[39m (42336): [36mRedis connection closed[39m
[2026-06-05 04:38:41.010 +0530] [32mINFO[39m (42336): [36mQueue Redis connected successfully[39m
[2026-06-05 04:38:41.750 +0530] [32mINFO[39m (42336): [36mRedis connecting...[39m
[2026-06-05 04:38:41.773 +0530] [32mINFO[39m (42336): [36mRedis connected[39m
[2026-06-05 04:38:51.670 +0530] [32mINFO[39m (42336): [36mrequest completed[39m
    [35mreq[39m: {
      "id": 1,
      "method": "POST",
      "url": "/api/v1/auth/login",
      "query": {},
      "params": {},
      "headers": {
        "host": "127.0.0.1:49685",
        "accept-encoding": "gzip, deflate",
        "content-type": "application/json",
        "content-length": "66",
        "connection": "close"
      },
      "remoteAddress": "::ffff:127.0.0.1",
      "remotePort": 49686
    }
    [35mres[39m: {
      "statusCode": 200,
      "headers": {
        "content-security-policy": "default-src 'self';base-uri 'self';font-src 'self' https: data:;form-action 'self';frame-ancestors 'self';img-src 'self' data:;object-src 'none';script-src 'self';script-src-attr 'none';style-src 'self' https: 'unsafe-inline';upgrade-insecure-requests",
        "cross-origin-opener-policy": "same-origin",
        "cross-origin-resource-policy": "same-origin",
        "origin-agent-cluster": "?1",
        "referrer-policy": "no-referrer",
        "strict-transport-security": "max-age=31536000; includeSubDomains",
        "x-content-type-options": "nosniff",
        "x-dns-prefetch-control": "off",
        "x-download-options": "noopen",
        "x-frame-options": "SAMEORIGIN",
        "x-permitted-cross-domain-policies": "none",
        "x-xss-protection": "0",
        "vary": "Origin",
        "access-control-allow-credentials": "true",
        "ratelimit-policy": "100;w=900",
        "ratelimit-limit": "100",
        "ratelimit-remaining": "99",
        "ratelimit-reset": "900",
        "set-cookie": [
          "refreshToken=eyJhbGciOiJIUzI1NiIsInR5cCI6IkpXVCJ9.eyJzdWIiOiJhNGZiZjEyMi0yNzJkLTQzNDItOTBjNS1hNWUzOGU2ZDY0OTIiLCJqdGkiOiI3YzM4YjY0MC0xMzFhLTQwNDUtYWMyZi01MTY2MjU2OTZlZDYiLCJ0eXBlIjoicmVmcmVzaCIsImlhdCI6MTc4MDYxNDUzMSwiZXhwIjoxNzgxMjE5MzMxfQ.8dPvf6UUJnk0IaBxik_UODZhIKLbDzSRINM4raMRCDs; Max-Age=604800; Path=/api/v1/auth; Expires=Thu, 11 Jun 2026 23:08:51 GMT; HttpOnly; SameSite=Strict",
          "csrfToken=997d80f0-fa98-4801-91d4-0cc7e27c01f2; Max-Age=604800; Path=/api/v1/auth; Expires=Thu, 11 Jun 2026 23:08:51 GMT; SameSite=Strict"
        ],
        "content-type": "application/json; charset=utf-8",
        "content-length": "1299",
        "etag": "W/\"513-inyqW/k6rNf+qyeXEdts4bQR7go\""
      }
    }
    [35mresponseTime[39m: 1404
[2026-06-05 04:38:54.016 +0530] [32mINFO[39m (42336): [36mrequest completed[39m
    [35mreq[39m: {
      "id": 2,
      "method": "PATCH",
      "url": "/api/v1/organizations/9746c80c-8ab3-45c6-aeff-8f49e3fde548/members/1ca67138-b2e4-489a-abe0-3316109776e2",
      "query": {},
      "params": {},
      "headers": {
        "host": "127.0.0.1:49687",
        "accept-encoding": "gzip, deflate",
        "content-type": "application/json",
        "content-length": "49",
        "connection": "close"
      },
      "remoteAddress": "::ffff:127.0.0.1",
      "remotePort": 49688
    }
    [35mres[39m: {
      "statusCode": 403,
      "headers": {
        "content-security-policy": "default-src 'self';base-uri 'self';font-src 'self' https: data:;form-action 'self';frame-ancestors 'self';img-src 'self' data:;object-src 'none';script-src 'self';script-src-attr 'none';style-src 'self' https: 'unsafe-inline';upgrade-insecure-requests",
        "cross-origin-opener-policy": "same-origin",
        "cross-origin-resource-policy": "same-origin",
        "origin-agent-cluster": "?1",
        "referrer-policy": "no-referrer",
        "strict-transport-security": "max-age=31536000; includeSubDomains",
        "x-content-type-options": "nosniff",
        "x-dns-prefetch-control": "off",
        "x-download-options": "noopen",
        "x-frame-options": "SAMEORIGIN",
        "x-permitted-cross-domain-policies": "none",
        "x-xss-protection": "0",
        "vary": "Origin",
        "access-control-allow-credentials": "true",
        "ratelimit-policy": "100;w=900",
        "ratelimit-limit": "100",
        "ratelimit-remaining": "98",
        "ratelimit-reset": "899",
        "content-type": "application/json; charset=utf-8",
        "content-length": "82",
        "etag": "W/\"52-fI//s9wHmCTQHul5kUnp+Xqlt8U\""
      }
    }
    [35mresponseTime[39m: 2337
[2026-06-05 04:39:01.333 +0530] [32mINFO[39m (42336): [36mrequest completed[39m
    [35mreq[39m: {
      "id": 3,
      "method": "POST",
      "url": "/api/v1/auth/login",
      "query": {},
      "params": {},
      "headers": {
        "host": "127.0.0.1:49690",
        "accept-encoding": "gzip, deflate",
        "content-type": "application/json",
        "content-length": "70",
        "connection": "close"
      },
      "remoteAddress": "::ffff:127.0.0.1",
      "remotePort": 49692
    }
    [35mres[39m: {
      "statusCode": 200,
      "headers": {
        "content-security-policy": "default-src 'self';base-uri 'self';font-src 'self' https: data:;form-action 'self';frame-ancestors 'self';img-src 'self' data:;object-src 'none';script-src 'self';script-src-attr 'none';style-src 'self' https: 'unsafe-inline';upgrade-insecure-requests",
        "cross-origin-opener-policy": "same-origin",
        "cross-origin-resource-policy": "same-origin",
        "origin-agent-cluster": "?1",
        "referrer-policy": "no-referrer",
        "strict-transport-security": "max-age=31536000; includeSubDomains",
        "x-content-type-options": "nosniff",
        "x-dns-prefetch-control": "off",
        "x-download-options": "noopen",
        "x-frame-options": "SAMEORIGIN",
        "x-permitted-cross-domain-policies": "none",
        "x-xss-protection": "0",
        "vary": "Origin",
        "access-control-allow-credentials": "true",
        "ratelimit-policy": "100;w=900",
        "ratelimit-limit": "100",
        "ratelimit-remaining": "97",
        "ratelimit-reset": "891",
        "set-cookie": [
          "refreshToken=eyJhbGciOiJIUzI1NiIsInR5cCI6IkpXVCJ9.eyJzdWIiOiIxYWJjN2FkZC00NGVkLTRhNTUtYThlNy0xNmMxZTQ2YjU1ZTUiLCJqdGkiOiI3ZWIyYTExNi05ODQzLTQ4YjAtODFjNS0yMDBiOWQxZjBkMzYiLCJ0eXBlIjoicmVmcmVzaCIsImlhdCI6MTc4MDYxNDU0MSwiZXhwIjoxNzgxMjE5MzQxfQ.Me9UNGZJVMekryoqxlhKLo1iHN7wFbSzOGHgMKtAMkY; Max-Age=604800; Path=/api/v1/auth; Expires=Thu, 11 Jun 2026 23:09:01 GMT; HttpOnly; SameSite=Strict",
          "csrfToken=e48f373b-5095-40b5-9e75-cd8468166232; Max-Age=604800; Path=/api/v1/auth; Expires=Thu, 11 Jun 2026 23:09:01 GMT; SameSite=Strict"
        ],
        "content-type": "application/json; charset=utf-8",
        "content-length": "1319",
        "etag": "W/\"527-ILQ6dLpznb50KXGjGFszNvaLqJU\""
      }
    }
    [35mresponseTime[39m: 1420
PASS tests/integration/permissions/privilegeEscalation.test.ts (22.876 s)
  ● Console

    console.log
      ◇ injected env (15) from .env.test // tip: ⌘ enable debugging { debug: true }

      at _log (node_modules/dotenv/lib/main.js:131:11)

    console.log
      ◇ injected env (2) from .env // tip: ◈ encrypted .env [www.dotenvx.com]

      at _log (node_modules/dotenv/lib/main.js:131:11)

[2026-06-05 04:39:02.104 +0530] [32mINFO[39m (42336): [36mrequest completed[39m
    [35mreq[39m: {
      "id": 4,
      "method": "POST",
      "url": "/api/v1/organizations/f23c1963-4998-48bc-a9ee-6e60ad13f354/transfer-ownership",
      "query": {},
      "params": {},
      "headers": {
        "host": "127.0.0.1:49693",
        "accept-encoding": "gzip, deflate",
        "content-type": "application/json",
        "content-length": "51",
        "connection": "close"
      },
      "remoteAddress": "::ffff:127.0.0.1",
      "remotePort": 49694
    }
    [35mres[39m: {
      "statusCode": 403,
      "headers": {
        "content-security-policy": "default-src 'self';base-uri 'self';font-src 'self' https: data:;form-action 'self';frame-ancestors 'self';img-src 'self' data:;object-src 'none';script-src 'self';script-src-attr 'none';style-src 'self' https: 'unsafe-inline';upgrade-insecure-requests",
        "cross-origin-opener-policy": "same-origin",
        "cross-origin-resource-policy": "same-origin",
        "origin-agent-cluster": "?1",
        "referrer-policy": "no-referrer",
        "strict-transport-security": "max-age=31536000; includeSubDomains",
        "x-content-type-options": "nosniff",
        "x-dns-prefetch-control": "off",
        "x-download-options": "noopen",
        "x-frame-options": "SAMEORIGIN",
        "x-permitted-cross-domain-policies": "none",
        "x-xss-protection": "0",
        "vary": "Origin",
        "access-control-allow-credentials": "true",
        "ratelimit-policy": "100;w=900",
        "ratelimit-limit": "100",
        "ratelimit-remaining": "96",
        "ratelimit-reset": "889",
        "content-type": "application/json; charset=utf-8",
        "content-length": "59",
        "etag": "W/\"3b-5qtEpOVuCw3Tfr/uGDvVqx14oKc\""
      }
    }
    [35mresponseTime[39m: 766
[2026-06-05 04:39:02.107 +0530] [32mINFO[39m (42336): [36mQueue mail-queue closed[39m
[2026-06-05 04:39:02.107 +0530] [32mINFO[39m (42336): [36mQueue pdf-generation-queue closed[39m
[2026-06-05 04:39:02.107 +0530] [32mINFO[39m (42336): [36mQueue storage-cleanup-queue closed[39m
[2026-06-05 04:39:02.107 +0530] [32mINFO[39m (42336): [36mQueue reports-queue closed[39m
[2026-06-05 04:39:02.107 +0530] [32mINFO[39m (42336): [36mQueue audit-exports-queue closed[39m
[2026-06-05 04:39:02.160 +0530] [32mINFO[39m (42336): [36mQueue Redis connection closed[39m
[2026-06-05 04:39:02.182 +0530] [33mWARN[39m (42336): [36mRedis connection closed[39m
[2026-06-05 04:39:04.459 +0530] [32mINFO[39m (42336): [36mQueue Redis connected successfully[39m
[2026-06-05 04:39:04.895 +0530] [32mINFO[39m (42336): [36mRedis connecting...[39m
[2026-06-05 04:39:04.924 +0530] [32mINFO[39m (42336): [36mRedis connected[39m
[2026-06-05 04:39:14.135 +0530] [32mINFO[39m (42336): [36mrequest completed[39m
    [35mreq[39m: {
      "id": 1,
      "method": "POST",
      "url": "/api/v1/auth/login",
      "query": {},
      "params": {},
      "headers": {
        "host": "127.0.0.1:49701",
        "accept-encoding": "gzip, deflate",
        "content-type": "application/json",
        "content-length": "62",
        "connection": "close"
      },
      "remoteAddress": "::ffff:127.0.0.1",
      "remotePort": 49702
    }
    [35mres[39m: {
      "statusCode": 200,
      "headers": {
        "content-security-policy": "default-src 'self';base-uri 'self';font-src 'self' https: data:;form-action 'self';frame-ancestors 'self';img-src 'self' data:;object-src 'none';script-src 'self';script-src-attr 'none';style-src 'self' https: 'unsafe-inline';upgrade-insecure-requests",
        "cross-origin-opener-policy": "same-origin",
        "cross-origin-resource-policy": "same-origin",
        "origin-agent-cluster": "?1",
        "referrer-policy": "no-referrer",
        "strict-transport-security": "max-age=31536000; includeSubDomains",
        "x-content-type-options": "nosniff",
        "x-dns-prefetch-control": "off",
        "x-download-options": "noopen",
        "x-frame-options": "SAMEORIGIN",
        "x-permitted-cross-domain-policies": "none",
        "x-xss-protection": "0",
        "vary": "Origin",
        "access-control-allow-credentials": "true",
        "ratelimit-policy": "100;w=900",
        "ratelimit-limit": "100",
        "ratelimit-remaining": "99",
        "ratelimit-reset": "900",
        "set-cookie": [
          "refreshToken=eyJhbGciOiJIUzI1NiIsInR5cCI6IkpXVCJ9.eyJzdWIiOiI4ZDQyY2U2Yi03Nzg1LTQyMmEtOTRjYy1hMWIzYzI5MmVlOTciLCJqdGkiOiJiMTM2ZjAyMC1iMjNmLTQ3ODEtOWVjZC05NjY4NGFmYWRjYjciLCJ0eXBlIjoicmVmcmVzaCIsImlhdCI6MTc4MDYxNDU1MywiZXhwIjoxNzgxMjE5MzUzfQ.IPLjL3DN0aKvP22NgZUEBlDVxbfDEEsgOKfRaanTAD4; Max-Age=604800; Path=/api/v1/auth; Expires=Thu, 11 Jun 2026 23:09:14 GMT; HttpOnly; SameSite=Strict",
          "csrfToken=f80418d5-13d0-4d66-b513-f58044d94510; Max-Age=604800; Path=/api/v1/auth; Expires=Thu, 11 Jun 2026 23:09:14 GMT; SameSite=Strict"
        ],
        "content-type": "application/json; charset=utf-8",
        "content-length": "1279",
        "etag": "W/\"4ff-WLvgkymATdIL67nZGdDp8Uk3zsY\""
      }
    }
    [35mresponseTime[39m: 1682
[2026-06-05 04:39:16.211 +0530] [32mINFO[39m (42336): [36mrequest completed[39m
    [35mreq[39m: {
      "id": 2,
      "method": "DELETE",
      "url": "/api/v1/organizations/587c783c-118c-4439-a4d4-69049ee3b80e/members/1a2e4704-a11a-4ec3-8a24-764dab504f20",
      "query": {},
      "params": {},
      "headers": {
        "host": "127.0.0.1:49703",
        "accept-encoding": "gzip, deflate",
        "connection": "close"
      },
      "remoteAddress": "::ffff:127.0.0.1",
      "remotePort": 49704
    }
    [35mres[39m: {
      "statusCode": 200,
      "headers": {
        "content-security-policy": "default-src 'self';base-uri 'self';font-src 'self' https: data:;form-action 'self';frame-ancestors 'self';img-src 'self' data:;object-src 'none';script-src 'self';script-src-attr 'none';style-src 'self' https: 'unsafe-inline';upgrade-insecure-requests",
        "cross-origin-opener-policy": "same-origin",
        "cross-origin-resource-policy": "same-origin",
        "origin-agent-cluster": "?1",
        "referrer-policy": "no-referrer",
        "strict-transport-security": "max-age=31536000; includeSubDomains",
        "x-content-type-options": "nosniff",
        "x-dns-prefetch-control": "off",
        "x-download-options": "noopen",
        "x-frame-options": "SAMEORIGIN",
        "x-permitted-cross-domain-policies": "none",
        "x-xss-protection": "0",
        "vary": "Origin",
        "access-control-allow-credentials": "true",
        "ratelimit-policy": "100;w=900",
        "ratelimit-limit": "100",
        "ratelimit-remaining": "98",
        "ratelimit-reset": "899",
        "content-type": "application/json; charset=utf-8",
        "content-length": "43",
        "etag": "W/\"2b-2Ws9lhShiRRfTgzpiZh67UyUMHg\""
      }
    }
    [35mresponseTime[39m: 2069
[2026-06-05 04:39:23.562 +0530] [32mINFO[39m (42336): [36mrequest completed[39m
    [35mreq[39m: {
      "id": 3,
      "method": "POST",
      "url": "/api/v1/auth/login",
      "query": {},
      "params": {},
      "headers": {
        "host": "127.0.0.1:49706",
        "accept-encoding": "gzip, deflate",
        "content-type": "application/json",
        "content-length": "62",
        "connection": "close"
      },
      "remoteAddress": "::ffff:127.0.0.1",
      "remotePort": 49707
    }
    [35mres[39m: {
      "statusCode": 200,
      "headers": {
        "content-security-policy": "default-src 'self';base-uri 'self';font-src 'self' https: data:;form-action 'self';frame-ancestors 'self';img-src 'self' data:;object-src 'none';script-src 'self';script-src-attr 'none';style-src 'self' https: 'unsafe-inline';upgrade-insecure-requests",
        "cross-origin-opener-policy": "same-origin",
        "cross-origin-resource-policy": "same-origin",
        "origin-agent-cluster": "?1",
        "referrer-policy": "no-referrer",
        "strict-transport-security": "max-age=31536000; includeSubDomains",
        "x-content-type-options": "nosniff",
        "x-dns-prefetch-control": "off",
        "x-download-options": "noopen",
        "x-frame-options": "SAMEORIGIN",
        "x-permitted-cross-domain-policies": "none",
        "x-xss-protection": "0",
        "vary": "Origin",
        "access-control-allow-credentials": "true",
        "ratelimit-policy": "100;w=900",
        "ratelimit-limit": "100",
        "ratelimit-remaining": "97",
        "ratelimit-reset": "890",
        "set-cookie": [
          "refreshToken=eyJhbGciOiJIUzI1NiIsInR5cCI6IkpXVCJ9.eyJzdWIiOiIxNmRkNzY5NC1lM2FkLTQwYjMtYmRhOS00YWU1ZGVhMjY4NjgiLCJqdGkiOiI3YTQ4YWQwMi0zZDljLTRlZjYtYWQyZi0wNmE1ZmY2MTA1ZjkiLCJ0eXBlIjoicmVmcmVzaCIsImlhdCI6MTc4MDYxNDU2MywiZXhwIjoxNzgxMjE5MzYzfQ.1uzt-Wsp1EWfH3Y4zhTgdXJdNuIqZWN5BFWBmPK4vcA; Max-Age=604800; Path=/api/v1/auth; Expires=Thu, 11 Jun 2026 23:09:23 GMT; HttpOnly; SameSite=Strict",
          "csrfToken=bd9dd991-6399-41d8-8002-a61aa5917cf8; Max-Age=604800; Path=/api/v1/auth; Expires=Thu, 11 Jun 2026 23:09:23 GMT; SameSite=Strict"
        ],
        "content-type": "application/json; charset=utf-8",
        "content-length": "1290",
        "etag": "W/\"50a-YIR9lNwbUXj/XMK9vqPHASFSJ7c\""
      }
    }
    [35mresponseTime[39m: 908
[2026-06-05 04:39:24.401 +0530] [32mINFO[39m (42336): [36mrequest completed[39m
    [35mreq[39m: {
      "id": 4,
      "method": "DELETE",
      "url": "/api/v1/organizations/2bb92da8-7afd-401f-ac2f-58af58b21485/members/2d65d2d1-ddc2-4dc2-b4b2-6b76a4e22a81",
      "query": {},
      "params": {},
      "headers": {
        "host": "127.0.0.1:49708",
        "accept-encoding": "gzip, deflate",
        "connection": "close"
      },
      "remoteAddress": "::ffff:127.0.0.1",
      "remotePort": 49709
    }
    [35mres[39m: {
      "statusCode": 403,
      "headers": {
        "content-security-policy": "default-src 'self';base-uri 'self';font-src 'self' https: data:;form-action 'self';frame-ancestors 'self';img-src 'self' data:;object-src 'none';script-src 'self';script-src-attr 'none';style-src 'self' https: 'unsafe-inline';upgrade-insecure-requests",
        "cross-origin-opener-policy": "same-origin",
        "cross-origin-resource-policy": "same-origin",
        "origin-agent-cluster": "?1",
        "referrer-policy": "no-referrer",
        "strict-transport-security": "max-age=31536000; includeSubDomains",
        "x-content-type-options": "nosniff",
        "x-dns-prefetch-control": "off",
        "x-download-options": "noopen",
        "x-frame-options": "SAMEORIGIN",
        "x-permitted-cross-domain-policies": "none",
        "x-xss-protection": "0",
        "vary": "Origin",
        "access-control-allow-credentials": "true",
        "ratelimit-policy": "100;w=900",
        "ratelimit-limit": "100",
        "ratelimit-remaining": "96",
        "ratelimit-reset": "889",
        "content-type": "application/json; charset=utf-8",
        "content-length": "66",
        "etag": "W/\"42-YVIT8MPpn06BYRaTp0m7+8eZQ+M\""
      }
    }
    [35mresponseTime[39m: 836
[2026-06-05 04:39:24.405 +0530] [32mINFO[39m (42336): [36mQueue mail-queue closed[39m
[2026-06-05 04:39:24.405 +0530] [32mINFO[39m (42336): [36mQueue pdf-generation-queue closed[39m
[2026-06-05 04:39:24.405 +0530] [32mINFO[39m (42336): [36mQueue storage-cleanup-queue closed[39m
[2026-06-05 04:39:24.405 +0530] [32mINFO[39m (42336): [36mQueue reports-queue closed[39m
[2026-06-05 04:39:24.405 +0530] [32mINFO[39m (42336): [36mQueue audit-exports-queue closed[39m
[2026-06-05 04:39:24.425 +0530] [32mINFO[39m (42336): [36mQueue Redis connection closed[39m
[2026-06-05 04:39:24.530 +0530] [33mWARN[39m (42336): [36mRedis connection closed[39m
PASS tests/integration/organizations/removeMember.test.ts (22.207 s)
  ● Console

    console.log
      ◇ injected env (15) from .env.test // tip: ⌘ override existing { override: true }

      at _log (node_modules/dotenv/lib/main.js:131:11)

    console.log
      ◇ injected env (2) from .env // tip: ⌁ auth for agents [www.vestauth.com]

      at _log (node_modules/dotenv/lib/main.js:131:11)

[2026-06-05 04:39:26.573 +0530] [32mINFO[39m (42336): [36mQueue Redis connected successfully[39m
[2026-06-05 04:39:26.931 +0530] [32mINFO[39m (42336): [36mRedis connecting...[39m
[2026-06-05 04:39:26.976 +0530] [32mINFO[39m (42336): [36mRedis connected[39m
[2026-06-05 04:39:34.438 +0530] [32mINFO[39m (42336): [36mrequest completed[39m
    [35mreq[39m: {
      "id": 1,
      "method": "POST",
      "url": "/api/v1/auth/login",
      "query": {},
      "params": {},
      "headers": {
        "host": "127.0.0.1:49718",
        "accept-encoding": "gzip, deflate",
        "content-type": "application/json",
        "content-length": "62",
        "connection": "close"
      },
      "remoteAddress": "::ffff:127.0.0.1",
      "remotePort": 49719
    }
    [35mres[39m: {
      "statusCode": 200,
      "headers": {
        "content-security-policy": "default-src 'self';base-uri 'self';font-src 'self' https: data:;form-action 'self';frame-ancestors 'self';img-src 'self' data:;object-src 'none';script-src 'self';script-src-attr 'none';style-src 'self' https: 'unsafe-inline';upgrade-insecure-requests",
        "cross-origin-opener-policy": "same-origin",
        "cross-origin-resource-policy": "same-origin",
        "origin-agent-cluster": "?1",
        "referrer-policy": "no-referrer",
        "strict-transport-security": "max-age=31536000; includeSubDomains",
        "x-content-type-options": "nosniff",
        "x-dns-prefetch-control": "off",
        "x-download-options": "noopen",
        "x-frame-options": "SAMEORIGIN",
        "x-permitted-cross-domain-policies": "none",
        "x-xss-protection": "0",
        "vary": "Origin",
        "access-control-allow-credentials": "true",
        "ratelimit-policy": "100;w=900",
        "ratelimit-limit": "100",
        "ratelimit-remaining": "99",
        "ratelimit-reset": "900",
        "set-cookie": [
          "refreshToken=eyJhbGciOiJIUzI1NiIsInR5cCI6IkpXVCJ9.eyJzdWIiOiJhMDg1ZmE1NC0zNmQzLTQ2M2MtOTRiNS0yNGZkNjU5ZDlmODUiLCJqdGkiOiI1ZmY0ZjJhMS04MDA4LTRmYWMtYWRjZS0yMWFjYzcwYTkxYzYiLCJ0eXBlIjoicmVmcmVzaCIsImlhdCI6MTc4MDYxNDU3NCwiZXhwIjoxNzgxMjE5Mzc0fQ.ed_nxflJX1ZYq-BNspuUsy6GVHvwGyggfiiqxUopfWg; Max-Age=604800; Path=/api/v1/auth; Expires=Thu, 11 Jun 2026 23:09:34 GMT; HttpOnly; SameSite=Strict",
          "csrfToken=28854c57-392e-4390-ae52-f2689d3cd5e3; Max-Age=604800; Path=/api/v1/auth; Expires=Thu, 11 Jun 2026 23:09:34 GMT; SameSite=Strict"
        ],
        "content-type": "application/json; charset=utf-8",
        "content-length": "1283",
        "etag": "W/\"503-ECQtx2UhsRoIzl+/0th5mOxpgFE\""
      }
    }
    [35mresponseTime[39m: 1503
[2026-06-05 04:39:35.487 +0530] [32mINFO[39m (42336): [36mrequest completed[39m
    [35mreq[39m: {
      "id": 2,
      "method": "POST",
      "url": "/api/v1/auth/refresh",
      "query": {},
      "params": {},
      "headers": {
        "host": "127.0.0.1:49720",
        "accept-encoding": "gzip, deflate",
        "x-csrf-token": "28854c57-392e-4390-ae52-f2689d3cd5e3",
        "content-type": "application/json",
        "content-length": "2",
        "connection": "close"
      },
      "remoteAddress": "::ffff:127.0.0.1",
      "remotePort": 49721
    }
    [35mres[39m: {
      "statusCode": 200,
      "headers": {
        "content-security-policy": "default-src 'self';base-uri 'self';font-src 'self' https: data:;form-action 'self';frame-ancestors 'self';img-src 'self' data:;object-src 'none';script-src 'self';script-src-attr 'none';style-src 'self' https: 'unsafe-inline';upgrade-insecure-requests",
        "cross-origin-opener-policy": "same-origin",
        "cross-origin-resource-policy": "same-origin",
        "origin-agent-cluster": "?1",
        "referrer-policy": "no-referrer",
        "strict-transport-security": "max-age=31536000; includeSubDomains",
        "x-content-type-options": "nosniff",
        "x-dns-prefetch-control": "off",
        "x-download-options": "noopen",
        "x-frame-options": "SAMEORIGIN",
        "x-permitted-cross-domain-policies": "none",
        "x-xss-protection": "0",
        "vary": "Origin",
        "access-control-allow-credentials": "true",
        "ratelimit-policy": "100;w=900",
        "ratelimit-limit": "100",
        "ratelimit-remaining": "98",
        "ratelimit-reset": "899",
        "set-cookie": [
          "refreshToken=eyJhbGciOiJIUzI1NiIsInR5cCI6IkpXVCJ9.eyJzdWIiOiJhMDg1ZmE1NC0zNmQzLTQ2M2MtOTRiNS0yNGZkNjU5ZDlmODUiLCJqdGkiOiIzNTMyNGRmMy0wNDk2LTRlZjMtOGNmMS1jZTM1OTQyYzc1MDciLCJ0eXBlIjoicmVmcmVzaCIsImlhdCI6MTc4MDYxNDU3NSwiZXhwIjoxNzgxMjE5Mzc1fQ.blApKacqe876Y8IlvHiQS41ZyjTuUhdWXPst58NzU7Y; Max-Age=604800; Path=/api/v1/auth; Expires=Thu, 11 Jun 2026 23:09:35 GMT; HttpOnly; SameSite=Strict",
          "csrfToken=4933a3eb-6e7d-4db4-b69c-928d60163b4b; Max-Age=604800; Path=/api/v1/auth; Expires=Thu, 11 Jun 2026 23:09:35 GMT; SameSite=Strict"
        ],
        "content-type": "application/json; charset=utf-8",
        "content-length": "506",
        "etag": "W/\"1fa-qlIvT6TW5EjjDl8ZewjXP8ygaVM\""
      }
    }
    [35mresponseTime[39m: 1041
PASS tests/integration/auth/refresh.test.ts (17.239 s)
  ● Console

    console.log
      ◇ injected env (15) from .env.test // tip: ⌘ multiple files { path: ['.env.local', '.env'] }

      at _log (node_modules/dotenv/lib/main.js:131:11)

    console.log
      ◇ injected env (2) from .env // tip: ⌘ suppress logs { quiet: true }

      at _log (node_modules/dotenv/lib/main.js:131:11)

[2026-06-05 04:39:41.779 +0530] [32mINFO[39m (42336): [36mrequest completed[39m
    [35mreq[39m: {
      "id": 3,
      "method": "POST",
      "url": "/api/v1/auth/login",
      "query": {},
      "params": {},
      "headers": {
        "host": "127.0.0.1:49724",
        "accept-encoding": "gzip, deflate",
        "content-type": "application/json",
        "content-length": "59",
        "connection": "close"
      },
      "remoteAddress": "::ffff:127.0.0.1",
      "remotePort": 49725
    }
    [35mres[39m: {
      "statusCode": 200,
      "headers": {
        "content-security-policy": "default-src 'self';base-uri 'self';font-src 'self' https: data:;form-action 'self';frame-ancestors 'self';img-src 'self' data:;object-src 'none';script-src 'self';script-src-attr 'none';style-src 'self' https: 'unsafe-inline';upgrade-insecure-requests",
        "cross-origin-opener-policy": "same-origin",
        "cross-origin-resource-policy": "same-origin",
        "origin-agent-cluster": "?1",
        "referrer-policy": "no-referrer",
        "strict-transport-security": "max-age=31536000; includeSubDomains",
        "x-content-type-options": "nosniff",
        "x-dns-prefetch-control": "off",
        "x-download-options": "noopen",
        "x-frame-options": "SAMEORIGIN",
        "x-permitted-cross-domain-policies": "none",
        "x-xss-protection": "0",
        "vary": "Origin",
        "access-control-allow-credentials": "true",
        "ratelimit-policy": "100;w=900",
        "ratelimit-limit": "100",
        "ratelimit-remaining": "97",
        "ratelimit-reset": "893",
        "set-cookie": [
          "refreshToken=eyJhbGciOiJIUzI1NiIsInR5cCI6IkpXVCJ9.eyJzdWIiOiI5ZDc0MjNjMC0zNDg0LTQ2OTctYWRiMy04NDhjNzU5ZDQ2ODYiLCJqdGkiOiI2OGEzZDliYy1mYmY1LTRmYzUtOWM3NS00NGFiZWM3MGI5OTkiLCJ0eXBlIjoicmVmcmVzaCIsImlhdCI6MTc4MDYxNDU4MSwiZXhwIjoxNzgxMjE5MzgxfQ.sZzV3CUY-6X8FZvDohXnvMoITZ0m9uGCgVou_oO0odA; Max-Age=604800; Path=/api/v1/auth; Expires=Thu, 11 Jun 2026 23:09:41 GMT; HttpOnly; SameSite=Strict",
          "csrfToken=a344ddce-0ef8-4af6-a29e-59595183b0b2; Max-Age=604800; Path=/api/v1/auth; Expires=Thu, 11 Jun 2026 23:09:41 GMT; SameSite=Strict"
        ],
        "content-type": "application/json; charset=utf-8",
        "content-length": "1268",
        "etag": "W/\"4f4-jtWjkQEOhVryjvHsv/sZA6/A1lI\""
      }
    }
    [35mresponseTime[39m: 1199
[2026-06-05 04:39:41.825 +0530] [32mINFO[39m (42336): [36mrequest completed[39m
    [35mreq[39m: {
      "id": 4,
      "method": "POST",
      "url": "/api/v1/auth/refresh",
      "query": {},
      "params": {},
      "headers": {
        "host": "127.0.0.1:49726",
        "accept-encoding": "gzip, deflate",
        "x-csrf-token": "invalid-csrf-token",
        "content-type": "application/json",
        "content-length": "2",
        "connection": "close"
      },
      "remoteAddress": "::ffff:127.0.0.1",
      "remotePort": 49727
    }
    [35mres[39m: {
      "statusCode": 403,
      "headers": {
        "content-security-policy": "default-src 'self';base-uri 'self';font-src 'self' https: data:;form-action 'self';frame-ancestors 'self';img-src 'self' data:;object-src 'none';script-src 'self';script-src-attr 'none';style-src 'self' https: 'unsafe-inline';upgrade-insecure-requests",
        "cross-origin-opener-policy": "same-origin",
        "cross-origin-resource-policy": "same-origin",
        "origin-agent-cluster": "?1",
        "referrer-policy": "no-referrer",
        "strict-transport-security": "max-age=31536000; includeSubDomains",
        "x-content-type-options": "nosniff",
        "x-dns-prefetch-control": "off",
        "x-download-options": "noopen",
        "x-frame-options": "SAMEORIGIN",
        "x-permitted-cross-domain-policies": "none",
        "x-xss-protection": "0",
        "vary": "Origin",
        "access-control-allow-credentials": "true",
        "ratelimit-policy": "100;w=900",
        "ratelimit-limit": "100",
        "ratelimit-remaining": "96",
        "ratelimit-reset": "892",
        "content-type": "application/json; charset=utf-8",
        "content-length": "60",
        "etag": "W/\"3c-/tZ7yEsE86EpLWZmGvvV1SWxA8g\""
      }
    }
    [35mresponseTime[39m: 40
[2026-06-05 04:39:41.830 +0530] [32mINFO[39m (42336): [36mQueue mail-queue closed[39m
[2026-06-05 04:39:41.831 +0530] [32mINFO[39m (42336): [36mQueue pdf-generation-queue closed[39m
[2026-06-05 04:39:41.831 +0530] [32mINFO[39m (42336): [36mQueue storage-cleanup-queue closed[39m
[2026-06-05 04:39:41.831 +0530] [32mINFO[39m (42336): [36mQueue reports-queue closed[39m
[2026-06-05 04:39:41.831 +0530] [32mINFO[39m (42336): [36mQueue audit-exports-queue closed[39m
[2026-06-05 04:39:41.878 +0530] [32mINFO[39m (42336): [36mQueue Redis connection closed[39m
[2026-06-05 04:39:41.910 +0530] [33mWARN[39m (42336): [36mRedis connection closed[39m
[2026-06-05 04:39:44.912 +0530] [32mINFO[39m (42336): [36mQueue Redis connected successfully[39m
[2026-06-05 04:39:45.735 +0530] [32mINFO[39m (42336): [36mRedis connecting...[39m
[2026-06-05 04:39:45.830 +0530] [32mINFO[39m (42336): [36mRedis connected[39m
[2026-06-05 04:39:49.621 +0530] [32mINFO[39m (42336): [36mrequest completed[39m
    [35mreq[39m: {
      "id": 1,
      "method": "POST",
      "url": "/api/v1/auth/login",
      "query": {},
      "params": {},
      "headers": {
        "host": "127.0.0.1:49732",
        "accept-encoding": "gzip, deflate",
        "content-type": "application/json",
        "content-length": "61",
        "connection": "close"
      },
      "remoteAddress": "::ffff:127.0.0.1",
      "remotePort": 49733
    }
    [35mres[39m: {
      "statusCode": 200,
      "headers": {
        "content-security-policy": "default-src 'self';base-uri 'self';font-src 'self' https: data:;form-action 'self';frame-ancestors 'self';img-src 'self' data:;object-src 'none';script-src 'self';script-src-attr 'none';style-src 'self' https: 'unsafe-inline';upgrade-insecure-requests",
        "cross-origin-opener-policy": "same-origin",
        "cross-origin-resource-policy": "same-origin",
        "origin-agent-cluster": "?1",
        "referrer-policy": "no-referrer",
        "strict-transport-security": "max-age=31536000; includeSubDomains",
        "x-content-type-options": "nosniff",
        "x-dns-prefetch-control": "off",
        "x-download-options": "noopen",
        "x-frame-options": "SAMEORIGIN",
        "x-permitted-cross-domain-policies": "none",
        "x-xss-protection": "0",
        "vary": "Origin",
        "access-control-allow-credentials": "true",
        "ratelimit-policy": "100;w=900",
        "ratelimit-limit": "100",
        "ratelimit-remaining": "99",
        "ratelimit-reset": "900",
        "set-cookie": [
          "refreshToken=eyJhbGciOiJIUzI1NiIsInR5cCI6IkpXVCJ9.eyJzdWIiOiI2ZTNjN2RiOC1kNzhhLTRiMjYtODE2OS1mODQ0NmRmMjE0ZWUiLCJqdGkiOiIxYTI2MTcwYi0zYTU4LTRmOTMtYWM3NC0yZDhiZWJlZGEzNWEiLCJ0eXBlIjoicmVmcmVzaCIsImlhdCI6MTc4MDYxNDU4OSwiZXhwIjoxNzgxMjE5Mzg5fQ.03vcNfpMK_IxcsGKpiA8ql9qlI7K8fyVCifAluDBC80; Max-Age=604800; Path=/api/v1/auth; Expires=Thu, 11 Jun 2026 23:09:49 GMT; HttpOnly; SameSite=Strict",
          "csrfToken=e8740b1b-67e3-4256-9060-4bb8f07228f0; Max-Age=604800; Path=/api/v1/auth; Expires=Thu, 11 Jun 2026 23:09:49 GMT; SameSite=Strict"
        ],
        "content-type": "application/json; charset=utf-8",
        "content-length": "511",
        "etag": "W/\"1ff-GgUOi7KtLgAn8l3e5liG/2Oz9gw\""
      }
    }
    [35mresponseTime[39m: 1736
[2026-06-05 04:40:00.679 +0530] [32mINFO[39m (42336): [36mrequest completed[39m
    [35mreq[39m: {
      "id": 2,
      "method": "POST",
      "url": "/api/v1/organizations",
      "query": {},
      "params": {},
      "headers": {
        "host": "127.0.0.1:49734",
        "accept-encoding": "gzip, deflate",
        "content-type": "application/json",
        "content-length": "31",
        "connection": "close"
      },
      "remoteAddress": "::ffff:127.0.0.1",
      "remotePort": 49735
    }
    [35mres[39m: {
      "statusCode": 201,
      "headers": {
        "content-security-policy": "default-src 'self';base-uri 'self';font-src 'self' https: data:;form-action 'self';frame-ancestors 'self';img-src 'self' data:;object-src 'none';script-src 'self';script-src-attr 'none';style-src 'self' https: 'unsafe-inline';upgrade-insecure-requests",
        "cross-origin-opener-policy": "same-origin",
        "cross-origin-resource-policy": "same-origin",
        "origin-agent-cluster": "?1",
        "referrer-policy": "no-referrer",
        "strict-transport-security": "max-age=31536000; includeSubDomains",
        "x-content-type-options": "nosniff",
        "x-dns-prefetch-control": "off",
        "x-download-options": "noopen",
        "x-frame-options": "SAMEORIGIN",
        "x-permitted-cross-domain-policies": "none",
        "x-xss-protection": "0",
        "vary": "Origin",
        "access-control-allow-credentials": "true",
        "ratelimit-policy": "100;w=900",
        "ratelimit-limit": "100",
        "ratelimit-remaining": "98",
        "ratelimit-reset": "899",
        "content-type": "application/json; charset=utf-8",
        "content-length": "386",
        "etag": "W/\"182-6PRFQWsR8q/jiTaJ85zjm67XWjw\""
      }
    }
    [35mresponseTime[39m: 11051
[2026-06-05 04:40:03.856 +0530] [32mINFO[39m (42336): [36mrequest completed[39m
    [35mreq[39m: {
      "id": 3,
      "method": "POST",
      "url": "/api/v1/auth/login",
      "query": {},
      "params": {},
      "headers": {
        "host": "127.0.0.1:52628",
        "accept-encoding": "gzip, deflate",
        "content-type": "application/json",
        "content-length": "59",
        "connection": "close"
      },
      "remoteAddress": "::ffff:127.0.0.1",
      "remotePort": 52629
    }
    [35mres[39m: {
      "statusCode": 200,
      "headers": {
        "content-security-policy": "default-src 'self';base-uri 'self';font-src 'self' https: data:;form-action 'self';frame-ancestors 'self';img-src 'self' data:;object-src 'none';script-src 'self';script-src-attr 'none';style-src 'self' https: 'unsafe-inline';upgrade-insecure-requests",
        "cross-origin-opener-policy": "same-origin",
        "cross-origin-resource-policy": "same-origin",
        "origin-agent-cluster": "?1",
        "referrer-policy": "no-referrer",
        "strict-transport-security": "max-age=31536000; includeSubDomains",
        "x-content-type-options": "nosniff",
        "x-dns-prefetch-control": "off",
        "x-download-options": "noopen",
        "x-frame-options": "SAMEORIGIN",
        "x-permitted-cross-domain-policies": "none",
        "x-xss-protection": "0",
        "vary": "Origin",
        "access-control-allow-credentials": "true",
        "ratelimit-policy": "100;w=900",
        "ratelimit-limit": "100",
        "ratelimit-remaining": "97",
        "ratelimit-reset": "886",
        "set-cookie": [
          "refreshToken=eyJhbGciOiJIUzI1NiIsInR5cCI6IkpXVCJ9.eyJzdWIiOiI0NDFhNTllNy0yOTA4LTRmODMtODA4Yi02YTY1ZTA2YmJlMGYiLCJqdGkiOiI5ZGVkZjk3Ni05MDA4LTRhMWQtOGRiMy1mOGZlM2MyYjI3YjAiLCJ0eXBlIjoicmVmcmVzaCIsImlhdCI6MTc4MDYxNDYwMywiZXhwIjoxNzgxMjE5NDAzfQ.PkaCdeFifIiu_fwUw-hMqujHF4GxYsdcsxB6jl3lzTw; Max-Age=604800; Path=/api/v1/auth; Expires=Thu, 11 Jun 2026 23:10:03 GMT; HttpOnly; SameSite=Strict",
          "csrfToken=80d52b84-b78a-4006-8a07-5194075a4060; Max-Age=604800; Path=/api/v1/auth; Expires=Thu, 11 Jun 2026 23:10:03 GMT; SameSite=Strict"
        ],
        "content-type": "application/json; charset=utf-8",
        "content-length": "509",
        "etag": "W/\"1fd-7MEco3qrlv1smJZNKLkXYvV98nA\""
      }
    }
    [35mresponseTime[39m: 1012
[2026-06-05 04:40:11.831 +0530] [32mINFO[39m (42336): [36mrequest completed[39m
    [35mreq[39m: {
      "id": 4,
      "method": "POST",
      "url": "/api/v1/organizations",
      "query": {},
      "params": {},
      "headers": {
        "host": "127.0.0.1:52630",
        "accept-encoding": "gzip, deflate",
        "content-type": "application/json",
        "content-length": "15",
        "connection": "close"
      },
      "remoteAddress": "::ffff:127.0.0.1",
      "remotePort": 52631
    }
    [35mres[39m: {
      "statusCode": 201,
      "headers": {
        "content-security-policy": "default-src 'self';base-uri 'self';font-src 'self' https: data:;form-action 'self';frame-ancestors 'self';img-src 'self' data:;object-src 'none';script-src 'self';script-src-attr 'none';style-src 'self' https: 'unsafe-inline';upgrade-insecure-requests",
        "cross-origin-opener-policy": "same-origin",
        "cross-origin-resource-policy": "same-origin",
        "origin-agent-cluster": "?1",
        "referrer-policy": "no-referrer",
        "strict-transport-security": "max-age=31536000; includeSubDomains",
        "x-content-type-options": "nosniff",
        "x-dns-prefetch-control": "off",
        "x-download-options": "noopen",
        "x-frame-options": "SAMEORIGIN",
        "x-permitted-cross-domain-policies": "none",
        "x-xss-protection": "0",
        "vary": "Origin",
        "access-control-allow-credentials": "true",
        "ratelimit-policy": "100;w=900",
        "ratelimit-limit": "100",
        "ratelimit-remaining": "96",
        "ratelimit-reset": "885",
        "content-type": "application/json; charset=utf-8",
        "content-length": "354",
        "etag": "W/\"162-AmMdOtKZ6u/H2Zmr4tleNkJIkP8\""
      }
    }
    [35mresponseTime[39m: 7966
[2026-06-05 04:40:20.852 +0530] [32mINFO[39m (42336): [36mrequest completed[39m
    [35mreq[39m: {
      "id": 5,
      "method": "POST",
      "url": "/api/v1/organizations",
      "query": {},
      "params": {},
      "headers": {
        "host": "127.0.0.1:52632",
        "accept-encoding": "gzip, deflate",
        "content-type": "application/json",
        "content-length": "15",
        "connection": "close"
      },
      "remoteAddress": "::ffff:127.0.0.1",
      "remotePort": 52633
    }
    [35mres[39m: {
      "statusCode": 201,
      "headers": {
        "content-security-policy": "default-src 'self';base-uri 'self';font-src 'self' https: data:;form-action 'self';frame-ancestors 'self';img-src 'self' data:;object-src 'none';script-src 'self';script-src-attr 'none';style-src 'self' https: 'unsafe-inline';upgrade-insecure-requests",
        "cross-origin-opener-policy": "same-origin",
        "cross-origin-resource-policy": "same-origin",
        "origin-agent-cluster": "?1",
        "referrer-policy": "no-referrer",
        "strict-transport-security": "max-age=31536000; includeSubDomains",
        "x-content-type-options": "nosniff",
        "x-dns-prefetch-control": "off",
        "x-download-options": "noopen",
        "x-frame-options": "SAMEORIGIN",
        "x-permitted-cross-domain-policies": "none",
        "x-xss-protection": "0",
        "vary": "Origin",
        "access-control-allow-credentials": "true",
        "ratelimit-policy": "100;w=900",
        "ratelimit-limit": "100",
        "ratelimit-remaining": "95",
        "ratelimit-reset": "877",
        "content-type": "application/json; charset=utf-8",
        "content-length": "356",
        "etag": "W/\"164-FoOhLWtlwZ+8JDrVsZ/v6xqLdXM\""
      }
    }
    [35mresponseTime[39m: 9011
[2026-06-05 04:40:20.857 +0530] [32mINFO[39m (42336): [36mQueue mail-queue closed[39m
[2026-06-05 04:40:20.858 +0530] [32mINFO[39m (42336): [36mQueue pdf-generation-queue closed[39m
[2026-06-05 04:40:20.858 +0530] [32mINFO[39m (42336): [36mQueue storage-cleanup-queue closed[39m
[2026-06-05 04:40:20.858 +0530] [32mINFO[39m (42336): [36mQueue reports-queue closed[39m
[2026-06-05 04:40:20.858 +0530] [32mINFO[39m (42336): [36mQueue audit-exports-queue closed[39m
[2026-06-05 04:40:20.954 +0530] [32mINFO[39m (42336): [36mQueue Redis connection closed[39m
[2026-06-05 04:40:21.003 +0530] [33mWARN[39m (42336): [36mRedis connection closed[39m
PASS tests/integration/organizations/createOrganization.test.ts (38.921 s)
  ● Console

    console.log
      ◇ injected env (15) from .env.test // tip: ⌘ override existing { override: true }

      at _log (node_modules/dotenv/lib/main.js:131:11)

    console.log
      ◇ injected env (2) from .env // tip: ◈ encrypted .env [www.dotenvx.com]

      at _log (node_modules/dotenv/lib/main.js:131:11)

[2026-06-05 04:40:23.297 +0530] [32mINFO[39m (42336): [36mQueue Redis connected successfully[39m
[2026-06-05 04:40:23.923 +0530] [32mINFO[39m (42336): [36mRedis connecting...[39m
[2026-06-05 04:40:24.020 +0530] [32mINFO[39m (42336): [36mRedis connected[39m
[2026-06-05 04:40:41.952 +0530] [32mINFO[39m (42336): [36mrequest completed[39m
    [35mreq[39m: {
      "id": 1,
      "method": "POST",
      "url": "/api/v1/auth/login",
      "query": {},
      "params": {},
      "headers": {
        "host": "127.0.0.1:58324",
        "accept-encoding": "gzip, deflate",
        "content-type": "application/json",
        "content-length": "64",
        "connection": "close"
      },
      "remoteAddress": "::ffff:127.0.0.1",
      "remotePort": 58325
    }
    [35mres[39m: {
      "statusCode": 200,
      "headers": {
        "content-security-policy": "default-src 'self';base-uri 'self';font-src 'self' https: data:;form-action 'self';frame-ancestors 'self';img-src 'self' data:;object-src 'none';script-src 'self';script-src-attr 'none';style-src 'self' https: 'unsafe-inline';upgrade-insecure-requests",
        "cross-origin-opener-policy": "same-origin",
        "cross-origin-resource-policy": "same-origin",
        "origin-agent-cluster": "?1",
        "referrer-policy": "no-referrer",
        "strict-transport-security": "max-age=31536000; includeSubDomains",
        "x-content-type-options": "nosniff",
        "x-dns-prefetch-control": "off",
        "x-download-options": "noopen",
        "x-frame-options": "SAMEORIGIN",
        "x-permitted-cross-domain-policies": "none",
        "x-xss-protection": "0",
        "vary": "Origin",
        "access-control-allow-credentials": "true",
        "ratelimit-policy": "100;w=900",
        "ratelimit-limit": "100",
        "ratelimit-remaining": "99",
        "ratelimit-reset": "900",
        "set-cookie": [
          "refreshToken=eyJhbGciOiJIUzI1NiIsInR5cCI6IkpXVCJ9.eyJzdWIiOiIzMWVlOTU0NS0wNjgzLTQ0NTktYjBlNi0yZWZiODNlNTM1MWQiLCJqdGkiOiIzMTEzY2I0Zi02M2IzLTRlMjktODk0Ny1mMmU0NTk3OWQwOGQiLCJ0eXBlIjoicmVmcmVzaCIsImlhdCI6MTc4MDYxNDY0MSwiZXhwIjoxNzgxMjE5NDQxfQ.m11e4whvxBa0KeXvGHWM9mTs0OI6mO8a0nxxn9yNdQM; Max-Age=604800; Path=/api/v1/auth; Expires=Thu, 11 Jun 2026 23:10:41 GMT; HttpOnly; SameSite=Strict",
          "csrfToken=0e6e6d54-7c99-4975-b16d-59961f9adffc; Max-Age=604800; Path=/api/v1/auth; Expires=Thu, 11 Jun 2026 23:10:41 GMT; SameSite=Strict"
        ],
        "content-type": "application/json; charset=utf-8",
        "content-length": "1554",
        "etag": "W/\"612-ksuP4ObZ8Wb8KzoLZdsJxfzZ8ag\""
      }
    }
    [35mresponseTime[39m: 2251
PASS tests/integration/auth/switchWorkspace.test.ts (22.883 s)
  ● Console

    console.log
      ◇ injected env (15) from .env.test // tip: ◈ encrypted .env [www.dotenvx.com]

      at _log (node_modules/dotenv/lib/main.js:131:11)

    console.log
      ◇ injected env (2) from .env // tip: ⌘ multiple files { path: ['.env.local', '.env'] }

      at _log (node_modules/dotenv/lib/main.js:131:11)

[2026-06-05 04:40:43.693 +0530] [32mINFO[39m (42336): [36mrequest completed[39m
    [35mreq[39m: {
      "id": 2,
      "method": "POST",
      "url": "/api/v1/auth/switch-workspace",
      "query": {},
      "params": {},
      "headers": {
        "host": "127.0.0.1:58326",
        "accept-encoding": "gzip, deflate",
        "x-csrf-token": "0e6e6d54-7c99-4975-b16d-59961f9adffc",
        "content-type": "application/json",
        "content-length": "57",
        "connection": "close"
      },
      "remoteAddress": "::ffff:127.0.0.1",
      "remotePort": 58327
    }
    [35mres[39m: {
      "statusCode": 200,
      "headers": {
        "content-security-policy": "default-src 'self';base-uri 'self';font-src 'self' https: data:;form-action 'self';frame-ancestors 'self';img-src 'self' data:;object-src 'none';script-src 'self';script-src-attr 'none';style-src 'self' https: 'unsafe-inline';upgrade-insecure-requests",
        "cross-origin-opener-policy": "same-origin",
        "cross-origin-resource-policy": "same-origin",
        "origin-agent-cluster": "?1",
        "referrer-policy": "no-referrer",
        "strict-transport-security": "max-age=31536000; includeSubDomains",
        "x-content-type-options": "nosniff",
        "x-dns-prefetch-control": "off",
        "x-download-options": "noopen",
        "x-frame-options": "SAMEORIGIN",
        "x-permitted-cross-domain-policies": "none",
        "x-xss-protection": "0",
        "vary": "Origin",
        "access-control-allow-credentials": "true",
        "ratelimit-policy": "100;w=900",
        "ratelimit-limit": "100",
        "ratelimit-remaining": "98",
        "ratelimit-reset": "898",
        "content-type": "application/json; charset=utf-8",
        "content-length": "1427",
        "etag": "W/\"593-jb+LiJPi1Kl9Ua4+8b/QLrCHqnA\""
      }
    }
    [35mresponseTime[39m: 1732
[2026-06-05 04:40:43.897 +0530] [32mINFO[39m (42336): [36mQueue mail-queue closed[39m
[2026-06-05 04:40:43.897 +0530] [32mINFO[39m (42336): [36mQueue pdf-generation-queue closed[39m
[2026-06-05 04:40:43.897 +0530] [32mINFO[39m (42336): [36mQueue storage-cleanup-queue closed[39m
[2026-06-05 04:40:43.897 +0530] [32mINFO[39m (42336): [36mQueue reports-queue closed[39m
[2026-06-05 04:40:43.897 +0530] [32mINFO[39m (42336): [36mQueue audit-exports-queue closed[39m
[2026-06-05 04:40:43.995 +0530] [32mINFO[39m (42336): [36mQueue Redis connection closed[39m
[2026-06-05 04:40:44.093 +0530] [33mWARN[39m (42336): [36mRedis connection closed[39m
[2026-06-05 04:40:46.255 +0530] [32mINFO[39m (42336): [36mQueue Redis connected successfully[39m
[2026-06-05 04:40:47.119 +0530] [32mINFO[39m (42336): [36mRedis connecting...[39m
[2026-06-05 04:40:47.141 +0530] [32mINFO[39m (42336): [36mRedis connected[39m
[2026-06-05 04:41:08.304 +0530] [32mINFO[39m (42336): [36mQueue mail-queue closed[39m
[2026-06-05 04:41:08.304 +0530] [32mINFO[39m (42336): [36mQueue pdf-generation-queue closed[39m
[2026-06-05 04:41:08.304 +0530] [32mINFO[39m (42336): [36mQueue storage-cleanup-queue closed[39m
[2026-06-05 04:41:08.304 +0530] [32mINFO[39m (42336): [36mQueue reports-queue closed[39m
[2026-06-05 04:41:08.304 +0530] [32mINFO[39m (42336): [36mQueue audit-exports-queue closed[39m
[2026-06-05 04:41:08.347 +0530] [32mINFO[39m (42336): [36mQueue Redis connection closed[39m
[2026-06-05 04:41:08.469 +0530] [33mWARN[39m (42336): [36mRedis connection closed[39m
FAIL tests/integration/organizations/workspaceIsolation.test.ts (24.237 s)
  ● Console

    console.log
      ◇ injected env (15) from .env.test // tip: ⌘ enable debugging { debug: true }

      at _log (node_modules/dotenv/lib/main.js:131:11)

    console.log
      ◇ injected env (2) from .env // tip: ⌘ enable debugging { debug: true }

      at _log (node_modules/dotenv/lib/main.js:131:11)

  ● workspace isolation › blocks access to members from another organization

    thrown: "Exceeded timeout of 20000 ms for a test.
    Add a timeout value to this test to increase the timeout, if this is a long-running test. See https://jestjs.io/docs/api#testname-fn-timeout."

    [0m [90m  6 |[39m
     [90m  7 |[39m describe([32m"workspace isolation"[39m[33m,[39m () [33m=>[39m {
    [31m[1m>[22m[39m[90m  8 |[39m   it([32m"blocks access to members from another organization"[39m[33m,[39m [36masync[39m () [33m=>[39m {
     [90m    |[39m   [31m[1m^[22m[39m
     [90m  9 |[39m     [36mconst[39m userA [33m=[39m [36mawait[39m createTestUser({ email[33m:[39m [32m"orga.owner@example.com"[39m })[33m;[39m
     [90m 10 |[39m     [36mconst[39m userB [33m=[39m [36mawait[39m createTestUser({ email[33m:[39m [32m"orgb.owner@example.com"[39m })[33m;[39m
     [90m 11 |[39m     [36mconst[39m organizationA [33m=[39m [36mawait[39m createOrganization(userA[33m.[39mid[33m,[39m {[0m

      at tests/integration/organizations/workspaceIsolation.test.ts:8:3
      at Object.<anonymous> (tests/integration/organizations/workspaceIsolation.test.ts:7:1)

(node:42336) [JEST-01] DeprecationWarning: 'matchers' property was accessed on [Object] after it was soft deleted
  Jest deletes objects that were set on the global scope between test files to reduce memory leaks.
  Currently it only "soft" deletes them and emits this warning if those objects were accessed after their deletion.
  In future versions of Jest, this behavior will change to "on", which will likely fail tests.
  You can change the behavior in your test configuration now to reduce memory usage.
(Use `node --trace-deprecation ...` to show where the warning was created)
[2026-06-05 04:41:10.780 +0530] [31mERROR[39m (42336): [36mUnhandled error details[39m
    [35merrorMessage[39m: "Maximum call stack size exceeded"
    [35merrorStack[39m: "RangeError: Maximum call stack size exceeded\n    at r.target [as constructor] (D:\erp\backend\node_modules\jest-util\build\index.js:536:7)\n    at Object.get (D:\erp\backend\node_modules\@prisma\client\src\runtime\core\compositeProxy\createCompositeProxy.ts:50:16)\n    at emitAccessWarning (D:\erp\backend\node_modules\jest-util\build\index.js:553:22)\n    at r.target [as constructor] (D:\erp\backend\node_modules\jest-util\build\index.js:536:7)\n    at Object.get (D:\erp\backend\node_modules\@prisma\client\src\runtime\core\compositeProxy\createCompositeProxy.ts:50:16)\n    at emitAccessWarning (D:\erp\backend\node_modules\jest-util\build\index.js:553:22)\n    at r.target [as constructor] (D:\erp\backend\node_modules\jest-util\build\index.js:536:7)\n    at Object.get (D:\erp\backend\node_modules\@prisma\client\src\runtime\core\compositeProxy\createCompositeProxy.ts:50:16)\n    at emitAccessWarning (D:\erp\backend\node_modules\jest-util\build\index.js:553:22)\n    at r.target [as constructor] (D:\erp\backend\node_modules\jest-util\build\index.js:536:7)\n    at Object.get (D:\erp\backend\node_modules\@prisma\client\src\runtime\core\compositeProxy\createCompositeProxy.ts:50:16)\n    at emitAccessWarning (D:\erp\backend\node_modules\jest-util\build\index.js:553:22)\n    at r.target [as constructor] (D:\erp\backend\node_modules\jest-util\build\index.js:536:7)\n    at Object.get (D:\erp\backend\node_modules\@prisma\client\src\runtime\core\compositeProxy\createCompositeProxy.ts:50:16)\n    at emitAccessWarning (D:\erp\backend\node_modules\jest-util\build\index.js:553:22)\n    at r.target [as constructor] (D:\erp\backend\node_modules\jest-util\build\index.js:536:7)\n    at Object.get (D:\erp\backend\node_modules\@prisma\client\src\runtime\core\compositeProxy\createCompositeProxy.ts:50:16)\n    at emitAccessWarning (D:\erp\backend\node_modules\jest-util\build\index.js:553:22)\n    at r.target [as constructor] (D:\erp\backend\node_modules\jest-util\build\index.js:536:7)\n    at Object.get (D:\erp\backend\node_modules\@prisma\client\src\runtime\core\compositeProxy\createCompositeProxy.ts:50:16)\n    at emitAccessWarning (D:\erp\backend\node_modules\jest-util\build\index.js:553:22)\n    at r.target [as constructor] (D:\erp\backend\node_modules\jest-util\build\index.js:536:7)\n    at Object.get (D:\erp\backend\node_modules\@prisma\client\src\runtime\core\compositeProxy\createCompositeProxy.ts:50:16)\n    at emitAccessWarning (D:\erp\backend\node_modules\jest-util\build\index.js:553:22)\n    at r.target [as constructor] (D:\erp\backend\node_modules\jest-util\build\index.js:536:7)\n    at Object.get (D:\erp\backend\node_modules\@prisma\client\src\runtime\core\compositeProxy\createCompositeProxy.ts:50:16)\n    at emitAccessWarning (D:\erp\backend\node_modules\jest-util\build\index.js:553:22)\n    at r.target [as constructor] (D:\erp\backend\node_modules\jest-util\build\index.js:536:7)\n    at Object.get (D:\erp\backend\node_modules\@prisma\client\src\runtime\core\compositeProxy\createCompositeProxy.ts:50:16)\n    at emitAccessWarning (D:\erp\backend\node_modules\jest-util\build\index.js:553:22)\n    at r.target [as constructor] (D:\erp\backend\node_modules\jest-util\build\index.js:536:7)\n    at Object.get (D:\erp\backend\node_modules\@prisma\client\src\runtime\core\compositeProxy\createCompositeProxy.ts:50:16)\n    at emitAccessWarning (D:\erp\backend\node_modules\jest-util\build\index.js:553:22)\n    at r.target [as constructor] (D:\erp\backend\node_modules\jest-util\build\index.js:536:7)\n    at Object.get (D:\erp\backend\node_modules\@prisma\client\src\runtime\core\compositeProxy\createCompositeProxy.ts:50:16)\n    at emitAccessWarning (D:\erp\backend\node_modules\jest-util\build\index.js:553:22)\n    at r.target [as constructor] (D:\erp\backend\node_modules\jest-util\build\index.js:536:7)\n    at Object.get (D:\erp\backend\node_modules\@prisma\client\src\runtime\core\compositeProxy\createCompositeProxy.ts:50:16)\n    at emitAccessWarning (D:\erp\backend\node_modules\jest-util\build\index.js:553:22)\n    at r.target [as constructor] (D:\erp\backend\node_modules\jest-util\build\index.js:536:7)\n    at Object.get (D:\erp\backend\node_modules\@prisma\client\src\runtime\core\compositeProxy\createCompositeProxy.ts:50:16)\n    at emitAccessWarning (D:\erp\backend\node_modules\jest-util\build\index.js:553:22)\n    at r.target [as constructor] (D:\erp\backend\node_modules\jest-util\build\index.js:536:7)\n    at Object.get (D:\erp\backend\node_modules\@prisma\client\src\runtime\core\compositeProxy\createCompositeProxy.ts:50:16)\n    at emitAccessWarning (D:\erp\backend\node_modules\jest-util\build\index.js:553:22)\n    at r.target [as constructor] (D:\erp\backend\node_modules\jest-util\build\index.js:536:7)\n    at Object.get (D:\erp\backend\node_modules\@prisma\client\src\runtime\core\compositeProxy\createCompositeProxy.ts:50:16)\n    at emitAccessWarning (D:\erp\backend\node_modules\jest-util\build\index.js:553:22)\n    at r.target [as constructor] (D:\erp\backend\node_modules\jest-util\build\index.js:536:7)\n    at Object.get (D:\erp\backend\node_modules\@prisma\client\src\runtime\core\compositeProxy\createCompositeProxy.ts:50:16)\n    at emitAccessWarning (D:\erp\backend\node_modules\jest-util\build\index.js:553:22)\n    at r.target [as constructor] (D:\erp\backend\node_modules\jest-util\build\index.js:536:7)\n    at Object.get (D:\erp\backend\node_modules\@prisma\client\src\runtime\core\compositeProxy\createCompositeProxy.ts:50:16)\n    at emitAccessWarning (D:\erp\backend\node_modules\jest-util\build\index.js:553:22)\n    at r.target [as constructor] (D:\erp\backend\node_modules\jest-util\build\index.js:536:7)\n    at Object.get (D:\erp\backend\node_modules\@prisma\client\src\runtime\core\compositeProxy\createCompositeProxy.ts:50:16)\n    at emitAccessWarning (D:\erp\backend\node_modules\jest-util\build\index.js:553:22)\n    at r.target [as constructor] (D:\erp\backend\node_modules\jest-util\build\index.js:536:7)\n    at Object.get (D:\erp\backend\node_modules\@prisma\client\src\runtime\core\compositeProxy\createCompositeProxy.ts:50:16)\n    at emitAccessWarning (D:\erp\backend\node_modules\jest-util\build\index.js:553:22)\n    at r.target [as constructor] (D:\erp\backend\node_modules\jest-util\build\index.js:536:7)\n    at Object.get (D:\erp\backend\node_modules\@prisma\client\src\runtime\core\compositeProxy\createCompositeProxy.ts:50:16)\n    at emitAccessWarning (D:\erp\backend\node_modules\jest-util\build\index.js:553:22)\n    at r.target [as constructor] (D:\erp\backend\node_modules\jest-util\build\index.js:536:7)\n    at Object.get (D:\erp\backend\node_modules\@prisma\client\src\runtime\core\compositeProxy\createCompositeProxy.ts:50:16)\n    at emitAccessWarning (D:\erp\backend\node_modules\jest-util\build\index.js:553:22)\n    at r.target [as constructor] (D:\erp\backend\node_modules\jest-util\build\index.js:536:7)\n    at Object.get (D:\erp\backend\node_modules\@prisma\client\src\runtime\core\compositeProxy\createCompositeProxy.ts:50:16)\n    at emitAccessWarning (D:\erp\backend\node_modules\jest-util\build\index.js:553:22)\n    at r.target [as constructor] (D:\erp\backend\node_modules\jest-util\build\index.js:536:7)\n    at Object.get (D:\erp\backend\node_modules\@prisma\client\src\runtime\core\compositeProxy\createCompositeProxy.ts:50:16)\n    at emitAccessWarning (D:\erp\backend\node_modules\jest-util\build\index.js:553:22)\n    at r.target [as constructor] (D:\erp\backend\node_modules\jest-util\build\index.js:536:7)\n    at Object.get (D:\erp\backend\node_modules\@prisma\client\src\runtime\core\compositeProxy\createCompositeProxy.ts:50:16)\n    at emitAccessWarning (D:\erp\backend\node_modules\jest-util\build\index.js:553:22)\n    at r.target [as constructor] (D:\erp\backend\node_modules\jest-util\build\index.js:536:7)\n    at Object.get (D:\erp\backend\node_modules\@prisma\client\src\runtime\core\compositeProxy\createCompositeProxy.ts:50:16)\n    at emitAccessWarning (D:\erp\backend\node_modules\jest-util\build\index.js:553:22)\n    at r.target [as constructor] (D:\erp\backend\node_modules\jest-util\build\index.js:536:7)\n    at Object.get (D:\erp\backend\node_modules\@prisma\client\src\runtime\core\compositeProxy\createCompositeProxy.ts:50:16)\n    at emitAccessWarning (D:\erp\backend\node_modules\jest-util\build\index.js:553:22)\n    at r.target [as constructor] (D:\erp\backend\node_modules\jest-util\build\index.js:536:7)\n    at Object.get (D:\erp\backend\node_modules\@prisma\client\src\runtime\core\compositeProxy\createCompositeProxy.ts:50:16)\n    at emitAccessWarning (D:\erp\backend\node_modules\jest-util\build\index.js:553:22)\n    at r.target [as constructor] (D:\erp\backend\node_modules\jest-util\build\index.js:536:7)\n    at Object.get (D:\erp\backend\node_modules\@prisma\client\src\runtime\core\compositeProxy\createCompositeProxy.ts:50:16)\n    at emitAccessWarning (D:\erp\backend\node_modules\jest-util\build\index.js:553:22)\n    at r.target [as constructor] (D:\erp\backend\node_modules\jest-util\build\index.js:536:7)\n    at Object.get (D:\erp\backend\node_modules\@prisma\client\src\runtime\core\compositeProxy\createCompositeProxy.ts:50:16)\n    at emitAccessWarning (D:\erp\backend\node_modules\jest-util\build\index.js:553:22)\n    at r.target [as constructor] (D:\erp\backend\node_modules\jest-util\build\index.js:536:7)\n    at Object.get (D:\erp\backend\node_modules\@prisma\client\src\runtime\core\compositeProxy\createCompositeProxy.ts:50:16)\n    at emitAccessWarning (D:\erp\backend\node_modules\jest-util\build\index.js:553:22)\n    at r.target [as constructor] (D:\erp\backend\node_modules\jest-util\build\index.js:536:7)\n    at Object.get (D:\erp\backend\node_modules\@prisma\client\src\runtime\core\compositeProxy\createCompositeProxy.ts:50:16)\n    at emitAccessWarning (D:\erp\backend\node_modules\jest-util\build\index.js:553:22)\n    at r.target [as constructor] (D:\erp\backend\node_modules\jest-util\build\index.js:536:7)\n    at Object.get (D:\erp\backend\node_modules\@prisma\client\src\runtime\core\compositeProxy\createCompositeProxy.ts:50:16)\n    at emitAccessWarning (D:\erp\backend\node_modules\jest-util\build\index.js:553:22)\n    at r.get [as constructor] (D:\erp\backend\node_modules\jest-util\build\index.js:536:7)"
[2026-06-05 04:41:10.783 +0530] [32mINFO[39m (42336): [36mrequest errored[39m
    [35mreq[39m: {
      "id": 1,
      "method": "POST",
      "url": "/api/v1/auth/login",
      "query": {},
      "params": {},
      "headers": {
        "host": "127.0.0.1:55446",
        "accept-encoding": "gzip, deflate",
        "content-type": "application/json",
        "content-length": "60",
        "connection": "close"
      },
      "remoteAddress": "::ffff:127.0.0.1",
      "remotePort": 55447
    }
    [35mres[39m: {
      "statusCode": 500,
      "headers": {
        "content-security-policy": "default-src 'self';base-uri 'self';font-src 'self' https: data:;form-action 'self';frame-ancestors 'self';img-src 'self' data:;object-src 'none';script-src 'self';script-src-attr 'none';style-src 'self' https: 'unsafe-inline';upgrade-insecure-requests",
        "cross-origin-opener-policy": "same-origin",
        "cross-origin-resource-policy": "same-origin",
        "origin-agent-cluster": "?1",
        "referrer-policy": "no-referrer",
        "strict-transport-security": "max-age=31536000; includeSubDomains",
        "x-content-type-options": "nosniff",
        "x-dns-prefetch-control": "off",
        "x-download-options": "noopen",
        "x-frame-options": "SAMEORIGIN",
        "x-permitted-cross-domain-policies": "none",
        "x-xss-protection": "0",
        "vary": "Origin",
        "access-control-allow-credentials": "true",
        "ratelimit-policy": "100;w=900",
        "ratelimit-limit": "100",
        "ratelimit-remaining": "99",
        "ratelimit-reset": "900",
        "content-type": "application/json; charset=utf-8",
        "content-length": "63",
        "etag": "W/\"3f-y0wsbNUiOO0CaHfuze/2Jok8mW8\""
      }
    }
    [35mresponseTime[39m: 3160
    err: {
      "type": "Error",
      "message": "failed with status code 500",
      "stack":
          
    }
[2026-06-05 04:41:10.811 +0530] [32mINFO[39m (42336): [36mrequest completed[39m
    [35mreq[39m: {
      "id": 2,
      "method": "GET",
      "url": "/api/v1/organizations/8c53f194-5dc0-4382-bd73-98a0f67e3462/members",
      "query": {},
      "params": {},
      "headers": {
        "host": "127.0.0.1:55450",
        "accept-encoding": "gzip, deflate",
        "connection": "close"
      },
      "remoteAddress": "::ffff:127.0.0.1",
      "remotePort": 55451
    }
    [35mres[39m: {
      "statusCode": 401,
      "headers": {
        "content-security-policy": "default-src 'self';base-uri 'self';font-src 'self' https: data:;form-action 'self';frame-ancestors 'self';img-src 'self' data:;object-src 'none';script-src 'self';script-src-attr 'none';style-src 'self' https: 'unsafe-inline';upgrade-insecure-requests",
        "cross-origin-opener-policy": "same-origin",
        "cross-origin-resource-policy": "same-origin",
        "origin-agent-cluster": "?1",
        "referrer-policy": "no-referrer",
        "strict-transport-security": "max-age=31536000; includeSubDomains",
        "x-content-type-options": "nosniff",
        "x-dns-prefetch-control": "off",
        "x-download-options": "noopen",
        "x-frame-options": "SAMEORIGIN",
        "x-permitted-cross-domain-policies": "none",
        "x-xss-protection": "0",
        "vary": "Origin",
        "access-control-allow-credentials": "true",
        "ratelimit-policy": "100;w=900",
        "ratelimit-limit": "100",
        "ratelimit-remaining": "98",
        "ratelimit-reset": "897",
        "content-type": "application/json; charset=utf-8",
        "content-length": "54",
        "etag": "W/\"36-E89dm6fiDE7s8/XT12XKpE8arhQ\""
      }
    }
    [35mresponseTime[39m: 4
[2026-06-05 04:41:11.030 +0530] [32mINFO[39m (42336): [36mQueue Redis connected successfully[39m
[2026-06-05 04:41:11.609 +0530] [32mINFO[39m (42336): [36mRedis connecting...[39m
[2026-06-05 04:41:11.634 +0530] [32mINFO[39m (42336): [36mRedis connected[39m
[2026-06-05 04:41:15.495 +0530] [32mINFO[39m (42336): [36mrequest completed[39m
    [35mreq[39m: {
      "id": 1,
      "method": "POST",
      "url": "/api/v1/auth/login",
      "query": {},
      "params": {},
      "headers": {
        "host": "127.0.0.1:60338",
        "accept-encoding": "gzip, deflate",
        "content-type": "application/json",
        "content-length": "62",
        "connection": "close"
      },
      "remoteAddress": "::ffff:127.0.0.1",
      "remotePort": 60339
    }
    [35mres[39m: {
      "statusCode": 200,
      "headers": {
        "content-security-policy": "default-src 'self';base-uri 'self';font-src 'self' https: data:;form-action 'self';frame-ancestors 'self';img-src 'self' data:;object-src 'none';script-src 'self';script-src-attr 'none';style-src 'self' https: 'unsafe-inline';upgrade-insecure-requests",
        "cross-origin-opener-policy": "same-origin",
        "cross-origin-resource-policy": "same-origin",
        "origin-agent-cluster": "?1",
        "referrer-policy": "no-referrer",
        "strict-transport-security": "max-age=31536000; includeSubDomains",
        "x-content-type-options": "nosniff",
        "x-dns-prefetch-control": "off",
        "x-download-options": "noopen",
        "x-frame-options": "SAMEORIGIN",
        "x-permitted-cross-domain-policies": "none",
        "x-xss-protection": "0",
        "vary": "Origin",
        "access-control-allow-credentials": "true",
        "ratelimit-policy": "100;w=900",
        "ratelimit-limit": "100",
        "ratelimit-remaining": "99",
        "ratelimit-reset": "900",
        "set-cookie": [
          "refreshToken=eyJhbGciOiJIUzI1NiIsInR5cCI6IkpXVCJ9.eyJzdWIiOiIwNDU5ZjQ5NC02Y2ZhLTQwYzAtYTkzMS02MDhhODZjYjFlNGEiLCJqdGkiOiI3YzI4ZmJhNy01OTFmLTRhZWUtYTdlZC0xNDE2YzBkNWFjNjYiLCJ0eXBlIjoicmVmcmVzaCIsImlhdCI6MTc4MDYxNDY3NSwiZXhwIjoxNzgxMjE5NDc1fQ.VaBt5aaBuRPMnyC4mFlZTCt4N8scmt7p6XyI9GkXkpo; Max-Age=604800; Path=/api/v1/auth; Expires=Thu, 11 Jun 2026 23:11:15 GMT; HttpOnly; SameSite=Strict",
          "csrfToken=72e7193c-d43c-4459-8bd1-8f76e5829a19; Max-Age=604800; Path=/api/v1/auth; Expires=Thu, 11 Jun 2026 23:11:15 GMT; SameSite=Strict"
        ],
        "content-type": "application/json; charset=utf-8",
        "content-length": "512",
        "etag": "W/\"200-UvWNodqjl62s8A0FGHVxYpPV1eo\""
      }
    }
    [35mresponseTime[39m: 1774
[2026-06-05 04:41:33.100 +0530] [32mINFO[39m (42336): [36mQueue mail-queue closed[39m
[2026-06-05 04:41:33.100 +0530] [32mINFO[39m (42336): [36mQueue pdf-generation-queue closed[39m
[2026-06-05 04:41:33.100 +0530] [32mINFO[39m (42336): [36mQueue storage-cleanup-queue closed[39m
[2026-06-05 04:41:33.100 +0530] [32mINFO[39m (42336): [36mQueue reports-queue closed[39m
[2026-06-05 04:41:33.100 +0530] [32mINFO[39m (42336): [36mQueue audit-exports-queue closed[39m
[2026-06-05 04:41:33.121 +0530] [32mINFO[39m (42336): [36mQueue Redis connection closed[39m
[2026-06-05 04:41:33.142 +0530] [33mWARN[39m (42336): [36mRedis connection closed[39m
FAIL tests/integration/reports/customer-report.test.ts (24.837 s)
  ● Console

    console.log
      ◇ injected env (15) from .env.test // tip: ⌁ auth for agents [www.vestauth.com]

      at _log (node_modules/dotenv/lib/main.js:131:11)

    console.log
      ◇ injected env (2) from .env // tip: ⌘ enable debugging { debug: true }

      at _log (node_modules/dotenv/lib/main.js:131:11)

    console.log
      prisma:error 
      Invalid `prisma.expense.create()` invocation in
      D:\erp\backend\tests\helpers\report.helper.ts:79:24
      
        76   }
        77 });
        78 
      → 79 await prisma.expense.create(
      Response from the Engine was empty

      at Object.zc (node_modules/@prisma/internals/src/logger.ts:13:11)

    console.error
      [database] Prisma engine error {
        message: '\n' +
          'Invalid `prisma.expense.create()` invocation in\n' +
          'D:\\erp\\backend\\tests\\helpers\\report.helper.ts:79:24\n' +
          '\n' +
          '  76   }\n' +
          '  77 });\n' +
          '  78 \n' +
          '→ 79 await prisma.expense.create(\n' +
          'Response from the Engine was empty',
        target: 'expense.create',
        timestamp: 2026-06-04T23:11:33.499Z
      }

    [0m [90m 26 |[39m   }[33m,[39m
     [90m 27 |[39m   error(message[33m:[39m string[33m,[39m metadata[33m?[39m[33m:[39m [33mRecord[39m[33m<[39m[33mstring[39m[33m,[39m unknown[33m>[39m)[33m:[39m [36mvoid[39m {
    [31m[1m>[22m[39m[90m 28 |[39m     console[33m.[39merror([32m`[database] ${message}`[39m[33m,[39m metadata [33m?[39m[33m?[39m {})[33m;[39m
     [90m    |[39m             [31m[1m^[22m[39m
     [90m 29 |[39m   }[33m,[39m
     [90m 30 |[39m }[33m;[39m
     [90m 31 |[39m[0m

      at Object.error (src/database/prisma.ts:28:13)
      at EventEmitter.<anonymous> (src/database/prisma.ts:69:20)
      at ei.handleAndLogRequestError (node_modules/@prisma/client/src/runtime/RequestHandler.ts:177:25)
      at ei.request (node_modules/@prisma/client/src/runtime/RequestHandler.ts:143:12)
      at async a (node_modules/@prisma/client/src/runtime/getPrismaClient.ts:833:24)
      at async seedReportData (tests/helpers/report.helper.ts:79:3)
      at async Object.<anonymous> (tests/integration/reports/customer-report.test.ts:15:12)

  ● Customer Report / Rankings › calculates customer rankings correctly based on total sales

    thrown: "Exceeded timeout of 20000 ms for a hook.
    Add a timeout value to this test to increase the timeout, if this is a long-running test. See https://jestjs.io/docs/api#testname-fn-timeout."

    [0m [90m  9 |[39m   [36mlet[39m seed[33m:[39m any[33m;[39m
     [90m 10 |[39m
    [31m[1m>[22m[39m[90m 11 |[39m   beforeEach([36masync[39m () [33m=>[39m {
     [90m    |[39m   [31m[1m^[22m[39m
     [90m 12 |[39m     [36mconst[39m auth [33m=[39m [36mawait[39m createAuthenticatedUser(app[33m,[39m { email[33m:[39m [32m"customer-rep@example.com"[39m })[33m;[39m
     [90m 13 |[39m     [36mconst[39m org [33m=[39m [36mawait[39m createOrganization(auth[33m.[39muser[33m.[39mid)[33m;[39m
     [90m 14 |[39m     orgId [33m=[39m org[33m.[39mid[33m;[39m[0m

      at tests/integration/reports/customer-report.test.ts:11:3
      at Object.<anonymous> (tests/integration/reports/customer-report.test.ts:7:1)

[2026-06-05 04:41:36.081 +0530] [32mINFO[39m (42336): [36mQueue Redis connected successfully[39m
[2026-06-05 04:41:36.697 +0530] [32mINFO[39m (42336): [36mRedis connecting...[39m
[2026-06-05 04:41:36.739 +0530] [32mINFO[39m (42336): [36mRedis connected[39m
[2026-06-05 04:41:39.997 +0530] [32mINFO[39m (42336): [36mrequest completed[39m
    [35mreq[39m: {
      "id": 1,
      "method": "POST",
      "url": "/api/v1/auth/login",
      "query": {},
      "params": {},
      "headers": {
        "host": "127.0.0.1:50653",
        "accept-encoding": "gzip, deflate",
        "content-type": "application/json",
        "content-length": "53",
        "connection": "close"
      },
      "remoteAddress": "::ffff:127.0.0.1",
      "remotePort": 50654
    }
    [35mres[39m: {
      "statusCode": 200,
      "headers": {
        "content-security-policy": "default-src 'self';base-uri 'self';font-src 'self' https: data:;form-action 'self';frame-ancestors 'self';img-src 'self' data:;object-src 'none';script-src 'self';script-src-attr 'none';style-src 'self' https: 'unsafe-inline';upgrade-insecure-requests",
        "cross-origin-opener-policy": "same-origin",
        "cross-origin-resource-policy": "same-origin",
        "origin-agent-cluster": "?1",
        "referrer-policy": "no-referrer",
        "strict-transport-security": "max-age=31536000; includeSubDomains",
        "x-content-type-options": "nosniff",
        "x-dns-prefetch-control": "off",
        "x-download-options": "noopen",
        "x-frame-options": "SAMEORIGIN",
        "x-permitted-cross-domain-policies": "none",
        "x-xss-protection": "0",
        "vary": "Origin",
        "access-control-allow-credentials": "true",
        "ratelimit-policy": "100;w=900",
        "ratelimit-limit": "100",
        "ratelimit-remaining": "99",
        "ratelimit-reset": "900",
        "set-cookie": [
          "refreshToken=eyJhbGciOiJIUzI1NiIsInR5cCI6IkpXVCJ9.eyJzdWIiOiJjOGEwODExZS0zYmZjLTRhMGQtYjI3ZC05ZTQ0ZWJhYWQxMzEiLCJqdGkiOiJjYzc0OTY5Mi05YmRlLTQ4ZjYtYjcwMS1lOWRkOWM0MDVjOWYiLCJ0eXBlIjoicmVmcmVzaCIsImlhdCI6MTc4MDYxNDY5OSwiZXhwIjoxNzgxMjE5NDk5fQ.GgedsuW6JGsVckDAsGjK1u40kRLu_1ZPLz8vMt8A1SU; Max-Age=604800; Path=/api/v1/auth; Expires=Thu, 11 Jun 2026 23:11:39 GMT; HttpOnly; SameSite=Strict",
          "csrfToken=86933c20-623f-4f37-a614-4bf8da4befce; Max-Age=604800; Path=/api/v1/auth; Expires=Thu, 11 Jun 2026 23:11:39 GMT; SameSite=Strict"
        ],
        "content-type": "application/json; charset=utf-8",
        "content-length": "503",
        "etag": "W/\"1f7-TzItvrr3tfFrt1XdC5rN8TlS2BY\""
      }
    }
    [35mresponseTime[39m: 1617
PASS tests/integration/reports/tax-report.test.ts (19.605 s)
  ● Console

    console.log
      ◇ injected env (15) from .env.test // tip: ⌘ override existing { override: true }

      at _log (node_modules/dotenv/lib/main.js:131:11)

    console.log
      ◇ injected env (2) from .env // tip: ⌘ custom filepath { path: '/custom/path/.env' }

      at _log (node_modules/dotenv/lib/main.js:131:11)

[2026-06-05 04:41:53.210 +0530] [32mINFO[39m (42336): [36mQueue mail-queue closed[39m
[2026-06-05 04:41:53.210 +0530] [32mINFO[39m (42336): [36mQueue pdf-generation-queue closed[39m
[2026-06-05 04:41:53.210 +0530] [32mINFO[39m (42336): [36mQueue storage-cleanup-queue closed[39m
[2026-06-05 04:41:53.211 +0530] [32mINFO[39m (42336): [36mQueue reports-queue closed[39m
[2026-06-05 04:41:53.211 +0530] [32mINFO[39m (42336): [36mQueue audit-exports-queue closed[39m
[2026-06-05 04:41:53.243 +0530] [32mINFO[39m (42336): [36mQueue Redis connection closed[39m
[2026-06-05 04:41:53.282 +0530] [33mWARN[39m (42336): [36mRedis connection closed[39m
[2026-06-05 04:41:55.409 +0530] [32mINFO[39m (42336): [36mQueue Redis connected successfully[39m
[2026-06-05 04:41:56.089 +0530] [32mINFO[39m (42336): [36mRedis connecting...[39m
[2026-06-05 04:41:56.135 +0530] [32mINFO[39m (42336): [36mRedis connected[39m
[2026-06-05 04:41:59.043 +0530] [32mINFO[39m (42336): [36mrequest completed[39m
    [35mreq[39m: {
      "id": 1,
      "method": "POST",
      "url": "/api/v1/auth/login",
      "query": {},
      "params": {},
      "headers": {
        "host": "127.0.0.1:61801",
        "accept-encoding": "gzip, deflate",
        "content-type": "application/json",
        "content-length": "54",
        "connection": "close"
      },
      "remoteAddress": "::ffff:127.0.0.1",
      "remotePort": 61802
    }
    [35mres[39m: {
      "statusCode": 200,
      "headers": {
        "content-security-policy": "default-src 'self';base-uri 'self';font-src 'self' https: data:;form-action 'self';frame-ancestors 'self';img-src 'self' data:;object-src 'none';script-src 'self';script-src-attr 'none';style-src 'self' https: 'unsafe-inline';upgrade-insecure-requests",
        "cross-origin-opener-policy": "same-origin",
        "cross-origin-resource-policy": "same-origin",
        "origin-agent-cluster": "?1",
        "referrer-policy": "no-referrer",
        "strict-transport-security": "max-age=31536000; includeSubDomains",
        "x-content-type-options": "nosniff",
        "x-dns-prefetch-control": "off",
        "x-download-options": "noopen",
        "x-frame-options": "SAMEORIGIN",
        "x-permitted-cross-domain-policies": "none",
        "x-xss-protection": "0",
        "vary": "Origin",
        "access-control-allow-credentials": "true",
        "ratelimit-policy": "100;w=900",
        "ratelimit-limit": "100",
        "ratelimit-remaining": "99",
        "ratelimit-reset": "900",
        "set-cookie": [
          "refreshToken=eyJhbGciOiJIUzI1NiIsInR5cCI6IkpXVCJ9.eyJzdWIiOiJlYTU5Yzc0My1hZDUzLTQ0ZTAtODJmOS00YmVjNTExOWUwM2EiLCJqdGkiOiI2NmFiMmQ4OC05YzcxLTQ2YmUtYmY2NC1kNzEzZjkyZTg5MWMiLCJ0eXBlIjoicmVmcmVzaCIsImlhdCI6MTc4MDYxNDcxOCwiZXhwIjoxNzgxMjE5NTE4fQ.OSsEil4rULUGQYThUPwpv-kOhWRScr5PI3_jMFzUmYw; Max-Age=604800; Path=/api/v1/auth; Expires=Thu, 11 Jun 2026 23:11:59 GMT; HttpOnly; SameSite=Strict",
          "csrfToken=0ed63480-e6f3-45a7-a927-2b4d86825081; Max-Age=604800; Path=/api/v1/auth; Expires=Thu, 11 Jun 2026 23:11:59 GMT; SameSite=Strict"
        ],
        "content-type": "application/json; charset=utf-8",
        "content-length": "504",
        "etag": "W/\"1f8-DldSv0RwXu2SLsIPonngfFBkTdI\""
      }
    }
    [35mresponseTime[39m: 1229
PASS tests/integration/reports/performance.test.ts (14.941 s)
  ● Console

    console.log
      ◇ injected env (15) from .env.test // tip: ⌘ override existing { override: true }

      at _log (node_modules/dotenv/lib/main.js:131:11)

    console.log
      ◇ injected env (2) from .env // tip: ⌘ multiple files { path: ['.env.local', '.env'] }

      at _log (node_modules/dotenv/lib/main.js:131:11)

    console.log
      [Performance] duration: 616.49ms

      at Object.<anonymous> (tests/integration/reports/performance.test.ts:52:13)

    console.log
      [Performance] Memory variance: 0.41 MB

      at Object.<anonymous> (tests/integration/reports/performance.test.ts:53:13)

[2026-06-05 04:42:08.168 +0530] [32mINFO[39m (42336): [36mQueue mail-queue closed[39m
[2026-06-05 04:42:08.168 +0530] [32mINFO[39m (42336): [36mQueue pdf-generation-queue closed[39m
[2026-06-05 04:42:08.168 +0530] [32mINFO[39m (42336): [36mQueue storage-cleanup-queue closed[39m
[2026-06-05 04:42:08.168 +0530] [32mINFO[39m (42336): [36mQueue reports-queue closed[39m
[2026-06-05 04:42:08.168 +0530] [32mINFO[39m (42336): [36mQueue audit-exports-queue closed[39m
[2026-06-05 04:42:08.273 +0530] [32mINFO[39m (42336): [36mQueue Redis connection closed[39m
[2026-06-05 04:42:08.374 +0530] [33mWARN[39m (42336): [36mRedis connection closed[39m
[2026-06-05 04:42:10.574 +0530] [32mINFO[39m (42336): [36mQueue Redis connected successfully[39m
[2026-06-05 04:42:11.142 +0530] [32mINFO[39m (42336): [36mRedis connecting...[39m
[2026-06-05 04:42:11.221 +0530] [32mINFO[39m (42336): [36mRedis connected[39m
[2026-06-05 04:42:21.598 +0530] [32mINFO[39m (42336): [36mrequest completed[39m
    [35mreq[39m: {
      "id": 1,
      "method": "POST",
      "url": "/api/v1/auth/login",
      "query": {},
      "params": {},
      "headers": {
        "host": "127.0.0.1:61807",
        "accept-encoding": "gzip, deflate",
        "content-type": "application/json",
        "content-length": "60",
        "connection": "close"
      },
      "remoteAddress": "::ffff:127.0.0.1",
      "remotePort": 61808
    }
    [35mres[39m: {
      "statusCode": 200,
      "headers": {
        "content-security-policy": "default-src 'self';base-uri 'self';font-src 'self' https: data:;form-action 'self';frame-ancestors 'self';img-src 'self' data:;object-src 'none';script-src 'self';script-src-attr 'none';style-src 'self' https: 'unsafe-inline';upgrade-insecure-requests",
        "cross-origin-opener-policy": "same-origin",
        "cross-origin-resource-policy": "same-origin",
        "origin-agent-cluster": "?1",
        "referrer-policy": "no-referrer",
        "strict-transport-security": "max-age=31536000; includeSubDomains",
        "x-content-type-options": "nosniff",
        "x-dns-prefetch-control": "off",
        "x-download-options": "noopen",
        "x-frame-options": "SAMEORIGIN",
        "x-permitted-cross-domain-policies": "none",
        "x-xss-protection": "0",
        "vary": "Origin",
        "access-control-allow-credentials": "true",
        "ratelimit-policy": "100;w=900",
        "ratelimit-limit": "100",
        "ratelimit-remaining": "99",
        "ratelimit-reset": "900",
        "set-cookie": [
          "refreshToken=eyJhbGciOiJIUzI1NiIsInR5cCI6IkpXVCJ9.eyJzdWIiOiIxNTE0Nzc2ZC1mODU4LTQ2MDctYmJhOS04ZjFmMDVlM2IzZGEiLCJqdGkiOiJhMzBmMzJiYy0zYzhiLTQ2NjAtYTExYi1hMjUyZjVmN2NhY2YiLCJ0eXBlIjoicmVmcmVzaCIsImlhdCI6MTc4MDYxNDc0MSwiZXhwIjoxNzgxMjE5NTQxfQ.zOfDehIYnt4c8CyvYG3dFrWEsE3yFR3B3JyHucKmlww; Max-Age=604800; Path=/api/v1/auth; Expires=Thu, 11 Jun 2026 23:12:21 GMT; HttpOnly; SameSite=Strict",
          "csrfToken=bca94b95-a4dd-4cff-b7d6-68ff7bbbacde; Max-Age=604800; Path=/api/v1/auth; Expires=Thu, 11 Jun 2026 23:12:21 GMT; SameSite=Strict"
        ],
        "content-type": "application/json; charset=utf-8",
        "content-length": "1297",
        "etag": "W/\"511-CUJODiCamS5mOfclAQfGYVyPsGg\""
      }
    }
    [35mresponseTime[39m: 2042
PASS tests/integration/auth/login.test.ts (14.493 s)
  ● Console

    console.log
      ◇ injected env (15) from .env.test // tip: ⌁ auth for agents [www.vestauth.com]

      at _log (node_modules/dotenv/lib/main.js:131:11)

    console.log
      ◇ injected env (2) from .env // tip: ⌘ custom filepath { path: '/custom/path/.env' }

      at _log (node_modules/dotenv/lib/main.js:131:11)

[2026-06-05 04:42:22.897 +0530] [32mINFO[39m (42336): [36mrequest completed[39m
    [35mreq[39m: {
      "id": 2,
      "method": "POST",
      "url": "/api/v1/auth/login",
      "query": {},
      "params": {},
      "headers": {
        "host": "127.0.0.1:61809",
        "accept-encoding": "gzip, deflate",
        "content-type": "application/json",
        "content-length": "65",
        "connection": "close"
      },
      "remoteAddress": "::ffff:127.0.0.1",
      "remotePort": 61810
    }
    [35mres[39m: {
      "statusCode": 403,
      "headers": {
        "content-security-policy": "default-src 'self';base-uri 'self';font-src 'self' https: data:;form-action 'self';frame-ancestors 'self';img-src 'self' data:;object-src 'none';script-src 'self';script-src-attr 'none';style-src 'self' https: 'unsafe-inline';upgrade-insecure-requests",
        "cross-origin-opener-policy": "same-origin",
        "cross-origin-resource-policy": "same-origin",
        "origin-agent-cluster": "?1",
        "referrer-policy": "no-referrer",
        "strict-transport-security": "max-age=31536000; includeSubDomains",
        "x-content-type-options": "nosniff",
        "x-dns-prefetch-control": "off",
        "x-download-options": "noopen",
        "x-frame-options": "SAMEORIGIN",
        "x-permitted-cross-domain-policies": "none",
        "x-xss-protection": "0",
        "vary": "Origin",
        "access-control-allow-credentials": "true",
        "ratelimit-policy": "100;w=900",
        "ratelimit-limit": "100",
        "ratelimit-remaining": "98",
        "ratelimit-reset": "898",
        "content-type": "application/json; charset=utf-8",
        "content-length": "60",
        "etag": "W/\"3c-wqfV8tCcspdV7dm/tqbwSluZ/SM\""
      }
    }
    [35mresponseTime[39m: 491
[2026-06-05 04:42:22.901 +0530] [32mINFO[39m (42336): [36mQueue mail-queue closed[39m
[2026-06-05 04:42:22.902 +0530] [32mINFO[39m (42336): [36mQueue pdf-generation-queue closed[39m
[2026-06-05 04:42:22.902 +0530] [32mINFO[39m (42336): [36mQueue storage-cleanup-queue closed[39m
[2026-06-05 04:42:22.902 +0530] [32mINFO[39m (42336): [36mQueue reports-queue closed[39m
[2026-06-05 04:42:22.902 +0530] [32mINFO[39m (42336): [36mQueue audit-exports-queue closed[39m
[2026-06-05 04:42:22.922 +0530] [32mINFO[39m (42336): [36mQueue Redis connection closed[39m
[2026-06-05 04:42:23.018 +0530] [33mWARN[39m (42336): [36mRedis connection closed[39m
[2026-06-05 04:42:24.760 +0530] [32mINFO[39m (42336): [36mQueue Redis connected successfully[39m
[2026-06-05 04:42:25.157 +0530] [32mINFO[39m (42336): [36mRedis connecting...[39m
[2026-06-05 04:42:25.217 +0530] [32mINFO[39m (42336): [36mRedis connected[39m
PASS tests/integration/queues/idempotency.test.ts
  ● Console

    console.log
      ◇ injected env (15) from .env.test // tip: ◈ encrypted .env [www.dotenvx.com]

      at _log (node_modules/dotenv/lib/main.js:131:11)

    console.log
      ◇ injected env (2) from .env // tip: ⌘ enable debugging { debug: true }

      at _log (node_modules/dotenv/lib/main.js:131:11)

[2026-06-05 04:42:27.059 +0530] [32mINFO[39m (42336): [36mQueue mail-queue closed[39m
[2026-06-05 04:42:27.060 +0530] [32mINFO[39m (42336): [36mQueue pdf-generation-queue closed[39m
[2026-06-05 04:42:27.060 +0530] [32mINFO[39m (42336): [36mQueue storage-cleanup-queue closed[39m
[2026-06-05 04:42:27.060 +0530] [32mINFO[39m (42336): [36mQueue reports-queue closed[39m
[2026-06-05 04:42:27.060 +0530] [32mINFO[39m (42336): [36mQueue audit-exports-queue closed[39m
[2026-06-05 04:42:27.082 +0530] [32mINFO[39m (42336): [36mQueue Redis connection closed[39m
[2026-06-05 04:42:27.121 +0530] [33mWARN[39m (42336): [36mRedis connection closed[39m
[2026-06-05 04:42:28.569 +0530] [32mINFO[39m (42336): [36mQueue Redis connected successfully[39m
[2026-06-05 04:42:29.493 +0530] [32mINFO[39m (42336): [36mRedis connecting...[39m
[2026-06-05 04:42:29.517 +0530] [32mINFO[39m (42336): [36mRedis connected[39m
[2026-06-05 04:42:31.822 +0530] [32mINFO[39m (42336): [36mQueue mail-queue closed[39m
PASS tests/integration/queues/shutdown.test.ts
[2026-06-05 04:42:31.822 +0530] [32mINFO[39m (42336): [36mQueue pdf-generation-queue closed[39m
[2026-06-05 04:42:31.822 +0530] [32mINFO[39m (42336): [36mQueue storage-cleanup-queue closed[39m
[2026-06-05 04:42:31.822 +0530] [32mINFO[39m (42336): [36mQueue reports-queue closed[39m
[2026-06-05 04:42:31.822 +0530] [32mINFO[39m (42336): [36mQueue audit-exports-queue closed[39m
[2026-06-05 04:42:31.928 +0530] [32mINFO[39m (42336): [36mQueue Redis connection closed[39m
[2026-06-05 04:42:32.030 +0530] [33mWARN[39m (42336): [36mRedis connection closed[39m
  ● Console

    console.log
      ◇ injected env (15) from .env.test // tip: ⌘ override existing { override: true }

      at _log (node_modules/dotenv/lib/main.js:131:11)

    console.log
      ◇ injected env (2) from .env // tip: ⌁ auth for agents [www.vestauth.com]

      at _log (node_modules/dotenv/lib/main.js:131:11)

[2026-06-05 04:42:34.538 +0530] [32mINFO[39m (42336): [36mRedis connecting...[39m
[2026-06-05 04:42:34.563 +0530] [32mINFO[39m (42336): [36mRedis connected[39m
PASS tests/integration/middleware/authMiddleware.test.ts (5.161 s)
  ● Console

    console.log
      ◇ injected env (15) from .env.test // tip: ⌘ override existing { override: true }

      at _log (node_modules/dotenv/lib/main.js:131:11)

    console.log
      ◇ injected env (2) from .env // tip: ⌘ multiple files { path: ['.env.local', '.env'] }

      at _log (node_modules/dotenv/lib/main.js:131:11)

[2026-06-05 04:42:37.117 +0530] [32mINFO[39m (42336): [36mQueue mail-queue closed[39m
[2026-06-05 04:42:37.117 +0530] [32mINFO[39m (42336): [36mQueue pdf-generation-queue closed[39m
[2026-06-05 04:42:37.117 +0530] [32mINFO[39m (42336): [36mQueue storage-cleanup-queue closed[39m
[2026-06-05 04:42:37.117 +0530] [32mINFO[39m (42336): [36mQueue reports-queue closed[39m
[2026-06-05 04:42:37.117 +0530] [32mINFO[39m (42336): [36mQueue audit-exports-queue closed[39m
[2026-06-05 04:42:37.119 +0530] [32mINFO[39m (42336): [36mQueue Redis connection closed[39m
[2026-06-05 04:42:37.252 +0530] [33mWARN[39m (42336): [36mRedis connection closed[39m
[2026-06-05 04:42:39.005 +0530] [32mINFO[39m (42336): [36mRedis connecting...[39m
[2026-06-05 04:42:39.096 +0530] [32mINFO[39m (42336): [36mRedis connected[39m
PASS tests/integration/middleware/rateLimitMiddleware.test.ts
  ● Console

    console.log
      ◇ injected env (15) from .env.test // tip: ⌘ override existing { override: true }

      at _log (node_modules/dotenv/lib/main.js:131:11)

    console.log
      ◇ injected env (2) from .env // tip: ⌘ custom filepath { path: '/custom/path/.env' }

      at _log (node_modules/dotenv/lib/main.js:131:11)

[2026-06-05 04:42:40.582 +0530] [32mINFO[39m (42336): [36mQueue mail-queue closed[39m
[2026-06-05 04:42:40.582 +0530] [32mINFO[39m (42336): [36mQueue pdf-generation-queue closed[39m
[2026-06-05 04:42:40.582 +0530] [32mINFO[39m (42336): [36mQueue storage-cleanup-queue closed[39m
[2026-06-05 04:42:40.582 +0530] [32mINFO[39m (42336): [36mQueue reports-queue closed[39m
[2026-06-05 04:42:40.582 +0530] [32mINFO[39m (42336): [36mQueue audit-exports-queue closed[39m
[2026-06-05 04:42:40.584 +0530] [32mINFO[39m (42336): [36mQueue Redis connection closed[39m
[2026-06-05 04:42:40.620 +0530] [33mWARN[39m (42336): [36mRedis connection closed[39m
PASS tests/unit/auth/auth.utils.test.ts
  ● Console

    console.log
      ◇ injected env (15) from .env.test // tip: ⌘ custom filepath { path: '/custom/path/.env' }

      at _log (node_modules/dotenv/lib/main.js:131:11)

    console.log
      ◇ injected env (2) from .env // tip: ⌘ suppress logs { quiet: true }

      at _log (node_modules/dotenv/lib/main.js:131:11)

PASS tests/unit/utils/slug.test.ts
  ● Console

    console.log
      ◇ injected env (15) from .env.test // tip: ⌘ custom filepath { path: '/custom/path/.env' }

      at _log (node_modules/dotenv/lib/main.js:131:11)

    console.log
      ◇ injected env (2) from .env // tip: ⌘ suppress logs { quiet: true }

      at _log (node_modules/dotenv/lib/main.js:131:11)

-----------------------------------|---------|----------|---------|---------|----------------------------------------------------------------------------------------------------------------
File                               | % Stmts | % Branch | % Funcs | % Lines | Uncovered Line #s                                                                                              
-----------------------------------|---------|----------|---------|---------|----------------------------------------------------------------------------------------------------------------
All files                          |   61.68 |    36.15 |   41.68 |    60.7 |                                                                                                                
 src                               |   96.82 |       50 |      50 |   96.82 |                                                                                                                
  app.ts                           |   96.82 |       50 |      50 |   96.82 | 59-60                                                                                                          
 src/config                        |    55.2 |    30.76 |      30 |    52.8 |                                                                                                                
  database.ts                      |     100 |      100 |     100 |     100 |                                                                                                                
  env.ts                           |      60 |    33.33 |      60 |   64.28 | 48-49,58-61                                                                                                    
  logger.ts                        |     100 |       50 |     100 |     100 | 7-24                                                                                                           
  mail.ts                          |   52.38 |        0 |       0 |   47.36 | 33-51,59-61                                                                                                    
  redis.ts                         |   44.89 |       25 |   23.07 |      40 | 15,28,32,48-62,70-77,90-102,110-123                                                                            
 src/database                      |   47.74 |    37.68 |   38.77 |   47.51 |                                                                                                                
  base.repository.ts               |   19.35 |    10.25 |      20 |   19.35 | 54-84,96-164                                                                                                   
  extensions.ts                    |   57.04 |    46.37 |   53.84 |   56.73 | 78,100,114-146,169,206,229,236,243,250,261-304,330,340-379,407-420,471,476,485,500                             
  prisma.ts                        |   38.77 |    31.81 |   23.07 |   38.77 | 20-25,58-59,95-112,119-127,135-160                                                                             
 src/lib                           |    92.3 |      100 |   83.33 |      90 |                                                                                                                
  bcrypt.ts                        |     100 |      100 |     100 |     100 |                                                                                                                
  cookies.ts                       |   81.81 |      100 |      50 |   77.77 | 35-36                                                                                                          
  jwt.ts                           |     100 |      100 |     100 |     100 |                                                                                                                
 src/lib/storage                   |      50 |       50 |   16.66 |      50 |                                                                                                                
  storage.service.ts               |      50 |       50 |   16.66 |      50 | 11,18-34                                                                                                       
 src/lib/storage/providers         |   14.06 |     5.55 |    5.55 |   14.75 |                                                                                                                
  local.provider.ts                |   16.12 |     12.5 |   11.11 |   16.66 | 14-68                                                                                                          
  s3.provider.ts                   |   12.12 |        0 |       0 |    12.9 | 12-91                                                                                                          
 src/mail                          |   44.76 |     3.84 |   22.72 |   40.81 |                                                                                                                
  mail.constants.ts                |   66.66 |      100 |       0 |   66.66 | 8-12                                                                                                           
  mail.service.ts                  |   43.43 |     3.84 |      25 |   39.13 | 42,48-49,54-70,81-99,112,124,145-215,242,258,272,283-319,345-357,377-399                                       
 src/mail/helpers                  |   66.66 |      100 |       0 |   66.66 |                                                                                                                
  base-template.ts                 |   66.66 |      100 |       0 |     100 |                                                                                                                
  escape-html.ts                   |   66.66 |      100 |       0 |      50 | 2                                                                                                              
 src/mail/providers                |      40 |      100 |      50 |      40 |                                                                                                                
  nodemailer.provider.ts           |      40 |      100 |      50 |      40 | 16-26                                                                                                          
 src/mail/templates                |   52.94 |        0 |       0 |   42.85 |                                                                                                                
  index.ts                         |     100 |      100 |       0 |     100 |                                                                                                                
  invitation.template.ts           |      40 |        0 |       0 |   33.33 | 14-43                                                                                                          
  login-alert.template.ts          |      40 |        0 |       0 |   33.33 | 15-37                                                                                                          
  organization-created.template.ts |   44.44 |        0 |       0 |    37.5 | 15-41                                                                                                          
  password-reset.template.ts       |   44.44 |        0 |       0 |    37.5 | 15-43                                                                                                          
  verification.template.ts         |   44.44 |        0 |       0 |    37.5 | 12-42                                                                                                          
  welcome.template.ts              |   44.44 |        0 |       0 |    37.5 | 15-43                                                                                                          
 src/middleware                    |   91.33 |     84.5 |    90.9 |   90.83 |                                                                                                                
  auth.middleware.ts               |   85.71 |       75 |     100 |      85 | 17,29,35                                                                                                       
  error.middleware.ts              |   86.66 |    66.66 |     100 |   85.71 | 18,30                                                                                                          
  rateLimit.middleware.ts          |     100 |      100 |     100 |     100 |                                                                                                                
  sanitize.middleware.ts           |    90.9 |      100 |   66.66 |   90.47 | 8,12                                                                                                           
  tenant.middleware.ts             |   90.69 |       84 |     100 |   90.24 | 29,79,100,114                                                                                                  
  validate.middleware.ts           |     100 |      100 |     100 |     100 |                                                                                                                
 src/modules/auth                  |   58.48 |    36.36 |   52.77 |   57.36 |                                                                                                                
  auth.constants.ts                |     100 |      100 |     100 |     100 |                                                                                                                
  auth.controller.ts               |      48 |    16.66 |   41.66 |      48 | 50-77,85,101,108,125-158                                                                                       
  auth.middleware.ts               |      80 |       50 |     100 |   77.77 | 12,18                                                                                                          
  auth.repository.ts               |   56.52 |      100 |   52.38 |   56.52 | 8-11,108-114,127-130,140-149                                                                                   
  auth.routes.ts                   |     100 |      100 |     100 |     100 |                                                                                                                
  auth.service.ts                  |   49.05 |    37.06 |   48.14 |   49.28 | 69-73,111,172-182,187-200,214,218,223,227,231,235,244,247,250,264,310,315,320,368-444,494,533-645              
  auth.tokens.ts                   |   58.13 |    42.85 |      50 |   51.35 | 69-75,81-94,99-112                                                                                             
  auth.utils.ts                    |     100 |      100 |     100 |     100 |                                                                                                                
  auth.validators.ts               |     100 |      100 |     100 |     100 |                                                                                                                
 src/modules/customers             |   62.79 |       10 |   47.36 |   62.79 |                                                                                                                
  customer.controller.ts           |   53.84 |      100 |      40 |   53.84 | 16-30,41-45                                                                                                    
  customer.repository.ts           |   73.68 |       50 |      50 |   73.68 | 28,57-71,99-102                                                                                                
  customer.routes.ts               |     100 |      100 |     100 |     100 |                                                                                                                
  customer.service.ts              |      30 |        0 |      40 |      30 | 41-81,99-140                                                                                                   
  customer.validators.ts           |     100 |       50 |     100 |     100 | 4                                                                                                              
 src/modules/expenses              |      60 |        0 |       0 |      60 |                                                                                                                
  expense.controller.ts            |   42.85 |      100 |       0 |   42.85 | 8-24                                                                                                           
  expense.repository.ts            |      50 |        0 |       0 |      50 | 17-50                                                                                                          
  expense.routes.ts                |     100 |      100 |     100 |     100 |                                                                                                                
  expense.service.ts               |   31.25 |        0 |       0 |   31.25 | 17-71                                                                                                          
  expense.validators.ts            |     100 |      100 |     100 |     100 |                                                                                                                
 src/modules/health                |      50 |        0 |       0 |    43.9 |                                                                                                                
  health.controller.ts             |   42.85 |        0 |       0 |   36.36 | 6,10-21                                                                                                        
  health.routes.ts                 |     100 |      100 |     100 |     100 |                                                                                                                
  health.service.ts                |   42.85 |        0 |       0 |   33.33 | 7-11,16-23,28-32,37-44                                                                                         
 src/modules/inventory             |    57.4 |    31.25 |      40 |      57 |                                                                                                                
  inventory.controller.ts          |   45.45 |      100 |      25 |   45.45 | 8-23,34-39                                                                                                     
  inventory.repository.ts          |   39.28 |       25 |   42.85 |   37.03 | 14-29,38-89,121,152                                                                                            
  inventory.routes.ts              |     100 |      100 |     100 |     100 |                                                                                                                
  inventory.service.ts             |   52.08 |    33.33 |   42.85 |   52.08 | 24,27,41-48,64,79,100,151-221                                                                                  
  inventory.validators.ts          |     100 |      100 |     100 |     100 |                                                                                                                
 src/modules/invitations           |     100 |      100 |     100 |     100 |                                                                                                                
  invitation.controller.ts         |     100 |      100 |     100 |     100 |                                                                                                                
  invitation.routes.ts             |     100 |      100 |     100 |     100 |                                                                                                                
  invitation.service.ts            |     100 |      100 |     100 |     100 |                                                                                                                
  invitation.validators.ts         |     100 |      100 |     100 |     100 |                                                                                                                
 src/modules/invoices              |   70.34 |    39.58 |   68.57 |   69.71 |                                                                                                                
  invoice.controller.ts            |   45.45 |      100 |      25 |   45.45 | 16-40                                                                                                          
  invoice.repository.ts            |   61.53 |    33.33 |   71.42 |      60 | 28-53,223-237                                                                                                  
  invoice.routes.ts                |     100 |      100 |     100 |     100 |                                                                                                                
  invoice.service.ts               |   68.96 |    40.47 |   76.47 |   68.23 | 38,58,140,198-285                                                                                              
  invoice.validators.ts            |     100 |      100 |     100 |     100 |                                                                                                                
 src/modules/organizations         |    67.8 |    51.85 |   62.74 |   68.06 |                                                                                                                
  organization.controller.ts       |      40 |      100 |   35.71 |      40 | 18-58,80,95-99,112-118                                                                                         
  organization.middleware.ts       |     100 |      100 |     100 |     100 |                                                                                                                
  organization.repository.ts       |   76.92 |      100 |   72.72 |   76.92 | 11-27,144                                                                                                      
  organization.routes.ts           |     100 |      100 |     100 |     100 |                                                                                                                
  organization.service.ts          |    65.4 |    50.94 |      72 |   65.76 | 38,119,123,134,202-293,303,310-315,386,391,395,402,413-432,443,447,451,455,477-504,523,531,548,590,598,605,627 
  organization.validators.ts       |     100 |      100 |     100 |     100 |                                                                                                                
 src/modules/payments              |    82.6 |    56.25 |    64.7 |   82.35 |                                                                                                                
  payment.controller.ts            |   71.42 |      100 |      50 |   71.42 | 16-21                                                                                                          
  payment.repository.ts            |    62.5 |       50 |      60 |      60 | 15-57                                                                                                          
  payment.routes.ts                |     100 |      100 |     100 |     100 |                                                                                                                
  payment.service.ts               |   85.71 |    58.33 |      75 |   85.71 | 18,32,42,101                                                                                                   
  payment.validators.ts            |     100 |      100 |     100 |     100 |                                                                                                                
 src/modules/permissions           |   82.35 |      100 |       0 |   82.35 |                                                                                                                
  permission.controller.ts         |      60 |      100 |       0 |      60 | 8-9                                                                                                            
  permission.routes.ts             |     100 |      100 |     100 |     100 |                                                                                                                
  permission.service.ts            |   66.66 |      100 |       0 |   66.66 | 5                                                                                                              
 src/modules/products              |   43.04 |    18.75 |   13.51 |   43.04 |                                                                                                                
  product.controller.ts            |   26.31 |      100 |    12.5 |   26.31 | 16-75                                                                                                          
  product.repository.ts            |   20.51 |        0 |       0 |   20.51 | 34-53,57-60,69-212                                                                                             
  product.routes.ts                |     100 |      100 |     100 |     100 |                                                                                                                
  product.service.ts               |   34.92 |       25 |   33.33 |   34.92 | 28,39-43,105-274                                                                                               
  product.validators.ts            |     100 |      100 |     100 |     100 |                                                                                                                
 src/modules/reports               |    60.6 |     34.4 |    47.5 |      60 |                                                                                                                
  report.controller.ts             |   20.83 |        0 |   11.11 |   20.83 | 15-54                                                                                                          
  report.repository.ts             |   58.62 |    30.98 |   53.33 |   58.62 | 15-39,93-112,159,196-219                                                                                       
  report.routes.ts                 |     100 |      100 |     100 |     100 |                                                                                                                
  report.service.ts                |   63.79 |       50 |    62.5 |    62.5 | 61-95,141-164                                                                                                  
  report.validators.ts             |     100 |      100 |     100 |     100 |                                                                                                                
 src/modules/roles                 |    37.2 |        0 |       0 |   38.09 |                                                                                                                
  role.controller.ts               |   27.27 |      100 |       0 |   27.27 | 8-28                                                                                                           
  role.repository.ts               |      50 |      100 |       0 |      50 | 5-24                                                                                                           
  role.routes.ts                   |     100 |      100 |     100 |     100 |                                                                                                                
  role.service.ts                  |   16.98 |        0 |       0 |   17.64 | 10-18,23-28,35-158                                                                                             
  role.validators.ts               |     100 |      100 |     100 |     100 |                                                                                                                
 src/modules/taxes                 |   58.22 |    14.28 |   22.22 |   58.22 |                                                                                                                
  tax.controller.ts                |   45.45 |      100 |      25 |   45.45 | 16-38                                                                                                          
  tax.repository.ts                |   35.29 |        0 |       0 |   35.29 | 16-19,28-81                                                                                                    
  tax.routes.ts                    |     100 |      100 |     100 |     100 |                                                                                                                
  tax.service.ts                   |   46.66 |       20 |   42.85 |   46.66 | 68-130                                                                                                         
  tax.validators.ts                |     100 |      100 |     100 |     100 |                                                                                                                
 src/modules/transactions          |   76.66 |        0 |       0 |   76.66 |                                                                                                                
  transaction.controller.ts        |      60 |      100 |       0 |      60 | 8-13                                                                                                           
  transaction.repository.ts        |   42.85 |        0 |       0 |   42.85 | 11-27                                                                                                          
  transaction.routes.ts            |     100 |      100 |     100 |     100 |                                                                                                                
  transaction.service.ts           |   66.66 |      100 |       0 |   66.66 | 10                                                                                                             
  transaction.validators.ts        |     100 |      100 |     100 |     100 |                                                                                                                
 src/modules/vendors               |   44.44 |        0 |       0 |   44.44 |                                                                                                                
  vendor.controller.ts             |   23.07 |      100 |       0 |   23.07 | 8-45                                                                                                           
  vendor.repository.ts             |   33.33 |        0 |       0 |   33.33 | 20-25,39-94                                                                                                    
  vendor.routes.ts                 |     100 |      100 |     100 |     100 |                                                                                                                
  vendor.service.ts                |   17.85 |        0 |       0 |   17.85 | 21-108                                                                                                         
  vendor.validators.ts             |     100 |      100 |     100 |     100 |                                                                                                                
 src/monitoring                    |     100 |      100 |     100 |     100 |                                                                                                                
  registry.ts                      |     100 |      100 |     100 |     100 |                                                                                                                
 src/queue                         |   86.07 |     62.5 |   55.55 |   85.13 |                                                                                                                
  board.ts                         |     100 |       50 |     100 |     100 | 26                                                                                                             
  connection.ts                    |   86.66 |       50 |   66.66 |   85.71 | 16,28                                                                                                          
  metrics.ts                       |   44.44 |      100 |       0 |    37.5 | 6-11                                                                                                           
  monitor.ts                       |      60 |      100 |       0 |      50 | 13-20                                                                                                          
  observability.ts                 |     100 |      100 |     100 |     100 |                                                                                                                
  queue.service.ts                 |      92 |      100 |   66.66 |    91.3 | 29,49                                                                                                          
  types.ts                         |     100 |      100 |     100 |     100 |                                                                                                                
 src/queue/jobs                    |   61.11 |       20 |     100 |   58.82 |                                                                                                                
  mail.job.ts                      |   61.11 |       20 |     100 |   58.82 | 17-26                                                                                                          
 src/redis                         |     100 |      100 |   16.66 |     100 |                                                                                                                
  redisClient.ts                   |     100 |      100 |   16.66 |     100 |                                                                                                                
 src/services/audit                |   95.23 |    61.53 |   83.33 |      95 |                                                                                                                
  audit.constants.ts               |     100 |      100 |     100 |     100 |                                                                                                                
  audit.repository.ts              |   85.71 |    42.85 |   66.66 |   83.33 | 36                                                                                                             
  audit.service.ts                 |     100 |    83.33 |     100 |     100 | 84                                                                                                             
  index.ts                         |     100 |      100 |     100 |     100 |                                                                                                                
 src/services/mail                 |     100 |      100 |   27.27 |     100 |                                                                                                                
  index.ts                         |     100 |      100 |   22.22 |     100 |                                                                                                                
  transporter.ts                   |     100 |      100 |      50 |     100 |                                                                                                                
 src/shared/constants              |     100 |      100 |     100 |     100 |                                                                                                                
  rbac.ts                          |     100 |      100 |     100 |     100 |                                                                                                                
 src/shared/utils                  |    92.3 |       45 |     100 |   90.62 |                                                                                                                
  pagination.ts                    |   83.33 |    35.71 |     100 |   81.81 | 10-11                                                                                                          
  permissions.ts                   |   95.83 |    66.66 |     100 |   94.73 | 51                                                                                                             
  slug.ts                          |     100 |      100 |     100 |     100 |                                                                                                                
 src/utils                         |   95.45 |    64.28 |   83.33 |      95 |                                                                                                                
  ApiError.ts                      |   83.33 |      100 |      50 |   83.33 | 14                                                                                                             
  apiResponse.ts                   |     100 |    64.28 |     100 |     100 | 32,54-62                                                                                                       
  asyncHandler.ts                  |     100 |      100 |     100 |     100 |                                                                                                                
-----------------------------------|---------|----------|---------|---------|----------------------------------------------------------------------------------------------------------------

Summary of all failing tests
FAIL tests/integration/queues/mail-queue.test.ts
  ● Mail Queue › enqueues and processes a verification email job

    expect(received).toBe(expected) // Object.is equality

    Expected: "completed"
    Received: "unknown"

    [0m [90m 52 |[39m
     [90m 53 |[39m     [36mconst[39m state [33m=[39m [36mawait[39m job[33m.[39mgetState()[33m;[39m
    [31m[1m>[22m[39m[90m 54 |[39m     expect(state)[33m.[39mtoBe([32m"completed"[39m)[33m;[39m
     [90m    |[39m                   [31m[1m^[22m[39m
     [90m 55 |[39m   })[33m;[39m
     [90m 56 |[39m })[33m;[39m
     [90m 57 |[39m[0m

      at Object.<anonymous> (tests/integration/queues/mail-queue.test.ts:54:19)

FAIL tests/integration/accounting/accountingFlow.test.ts (53.101 s)
  ● accounting core flow › creates an issued invoice with tax, inventory movement, and transaction

    thrown: "Exceeded timeout of 20000 ms for a test.
    Add a timeout value to this test to increase the timeout, if this is a long-running test. See https://jestjs.io/docs/api#testname-fn-timeout."

    [0m [90m  7 |[39m
     [90m  8 |[39m describe([32m"accounting core flow"[39m[33m,[39m () [33m=>[39m {
    [31m[1m>[22m[39m[90m  9 |[39m   it([32m"creates an issued invoice with tax, inventory movement, and transaction"[39m[33m,[39m [36masync[39m () [33m=>[39m {
     [90m    |[39m   [31m[1m^[22m[39m
     [90m 10 |[39m     [36mconst[39m auth [33m=[39m [36mawait[39m createAuthenticatedUser(app[33m,[39m {
     [90m 11 |[39m       email[33m:[39m [32m"invoice.owner@example.com"[39m[33m,[39m
     [90m 12 |[39m     })[33m;[39m[0m

      at tests/integration/accounting/accountingFlow.test.ts:9:3
      at Object.<anonymous> (tests/integration/accounting/accountingFlow.test.ts:8:1)

FAIL tests/integration/organizations/workspaceIsolation.test.ts (24.237 s)
  ● workspace isolation › blocks access to members from another organization

    thrown: "Exceeded timeout of 20000 ms for a test.
    Add a timeout value to this test to increase the timeout, if this is a long-running test. See https://jestjs.io/docs/api#testname-fn-timeout."

    [0m [90m  6 |[39m
     [90m  7 |[39m describe([32m"workspace isolation"[39m[33m,[39m () [33m=>[39m {
    [31m[1m>[22m[39m[90m  8 |[39m   it([32m"blocks access to members from another organization"[39m[33m,[39m [36masync[39m () [33m=>[39m {
     [90m    |[39m   [31m[1m^[22m[39m
     [90m  9 |[39m     [36mconst[39m userA [33m=[39m [36mawait[39m createTestUser({ email[33m:[39m [32m"orga.owner@example.com"[39m })[33m;[39m
     [90m 10 |[39m     [36mconst[39m userB [33m=[39m [36mawait[39m createTestUser({ email[33m:[39m [32m"orgb.owner@example.com"[39m })[33m;[39m
     [90m 11 |[39m     [36mconst[39m organizationA [33m=[39m [36mawait[39m createOrganization(userA[33m.[39mid[33m,[39m {[0m

      at tests/integration/organizations/workspaceIsolation.test.ts:8:3
      at Object.<anonymous> (tests/integration/organizations/workspaceIsolation.test.ts:7:1)

FAIL tests/integration/reports/customer-report.test.ts (24.837 s)
  ● Customer Report / Rankings › calculates customer rankings correctly based on total sales

    thrown: "Exceeded timeout of 20000 ms for a hook.
    Add a timeout value to this test to increase the timeout, if this is a long-running test. See https://jestjs.io/docs/api#testname-fn-timeout."

    [0m [90m  9 |[39m   [36mlet[39m seed[33m:[39m any[33m;[39m
     [90m 10 |[39m
    [31m[1m>[22m[39m[90m 11 |[39m   beforeEach([36masync[39m () [33m=>[39m {
     [90m    |[39m   [31m[1m^[22m[39m
     [90m 12 |[39m     [36mconst[39m auth [33m=[39m [36mawait[39m createAuthenticatedUser(app[33m,[39m { email[33m:[39m [32m"customer-rep@example.com"[39m })[33m;[39m
     [90m 13 |[39m     [36mconst[39m org [33m=[39m [36mawait[39m createOrganization(auth[33m.[39muser[33m.[39mid)[33m;[39m
     [90m 14 |[39m     orgId [33m=[39m org[33m.[39mid[33m;[39m[0m

      at tests/integration/reports/customer-report.test.ts:11:3
      at Object.<anonymous> (tests/integration/reports/customer-report.test.ts:7:1)


Test Suites: 4 failed, 24 passed, 28 total
Tests:       4 failed, 45 passed, 49 total
Snapshots:   0 total
Time:        546.517 s
Ran all test suites.
